 EditCase

 Timestamp is 57c8d172 (Fri Sep  2 04:10:10 2016)

 Preferred load address is 0000000180000000

 Start         Length     Name                   Class
 0001:00000000 00000010H .00cfg                  CODE
 0001:00000010 00000008H .CRT$XCA                CODE
 0001:00000018 00000008H .CRT$XCZ                CODE
 0001:00000020 00000008H .CRT$XIA                CODE
 0001:00000028 00000018H .CRT$XIC                CODE
 0001:00000040 00000008H .CRT$XIZ                CODE
 0001:00000048 00000008H .CRT$XPA                CODE
 0001:00000050 00000010H .CRT$XPX                CODE
 0001:00000060 00000008H .CRT$XPXA               CODE
 0001:00000068 00000008H .CRT$XPZ                CODE
 0001:00000070 00000008H .CRT$XTA                CODE
 0001:00000078 00000008H .CRT$XTZ                CODE
 0001:00000080 00007178H .rdata                  CODE
 0001:000071f8 00000000H .rdata$r                CODE
 0001:000071f8 00000010H .rdata$zETW0            CODE
 0001:00007208 00000077H .rdata$zETW1            CODE
 0001:0000727f 0000002cH .rdata$zETW2            CODE
 0001:000072ab 00000001H .rdata$zETW9            CODE
 0001:000072ac 00000314H .rdata$zzzdbg           CODE
 0001:000075c0 00000008H .rtc$IAA                CODE
 0001:000075c8 00000008H .rtc$IZZ                CODE
 0001:000075d0 00000008H .rtc$TAA                CODE
 0001:000075d8 00000008H .rtc$TZZ                CODE
 0001:000075e0 000001e0H .text                   CODE
 0001:000077c0 0000ab80H .text$mn                CODE
 0001:00012340 00000020H .text$mn$00             CODE
 0001:00012360 00000260H .text$x                 CODE
 0001:000125c0 00000ad0H .xdata                  CODE
 0001:00013090 000000a4H .edata                  CODE
 0002:00000000 00000990H .data                   DATA
 0002:00000990 00000000H .data$r                 DATA
 0002:00000990 00001468H .bss                    DATA
 0003:00000000 00000d5cH .pdata                  DATA
 0004:00000000 00000260H .idata$5                DATA
 0004:00000260 00000028H .idata$2                DATA
 0004:00000288 00000018H .idata$3                DATA
 0004:000002a0 00000260H .idata$4                DATA
 0004:00000500 00000562H .idata$6                DATA
 0005:00000000 00000080H .gfids$x                DATA
 0005:00000080 0000001cH .gfids$y                DATA
 0006:00000000 00000060H .rsrc$01                DATA
 0006:00000060 00000388H .rsrc$02                DATA

  Address         Publics by Value              Rva+Base               Lib:Object

 0000:00000000       __guard_iat_count          0000000000000000     <absolute>
 0000:00000000       __dynamic_value_reloc_table 0000000000000000     <absolute>
 0000:00000000       __guard_iat_table          0000000000000000     <absolute>
 0000:00000000       __guard_longjmp_table      0000000000000000     <absolute>
 0000:00000000       __guard_longjmp_count      0000000000000000     <absolute>
 0000:00000000       __guard_fids_count         0000000000000000     <absolute>
 0000:00000000       ___safe_se_handler_table   0000000000000000     <absolute>
 0000:00000000       ___safe_se_handler_count   0000000000000000     <absolute>
 0000:00000000       __guard_fids_table         0000000000000000     <absolute>
 0000:00000100       __guard_flags              0000000000000100     <absolute>
 0000:00000000       __ImageBase                0000000180000000     <linker-defined>
 0001:00000000       __guard_check_icall_fptr   0000000180001000     LIBCMT:guard_support.obj
 0001:00000008       __guard_dispatch_icall_fptr 0000000180001008     LIBCMT:guard_support.obj
 0001:00000010       __xc_a                     0000000180001010     LIBCMT:initializers.obj
 0001:00000018       __xc_z                     0000000180001018     LIBCMT:initializers.obj
 0001:00000020       __xi_a                     0000000180001020     LIBCMT:initializers.obj
 0001:00000028       __acrt_multibyte_initializer 0000000180001028     libucrt:multibyte_initializer.obj
 0001:00000030       __acrt_stdio_initializer   0000000180001030     libucrt:stdio_initializer.obj
 0001:00000038       __acrt_tran_fma3_initializer 0000000180001038     libucrt:fma3_initializer.obj
 0001:00000040       __xi_z                     0000000180001040     LIBCMT:initializers.obj
 0001:00000048       __xp_a                     0000000180001048     LIBCMT:initializers.obj
 0001:00000050       __acrt_locale_terminator   0000000180001050     libucrt:locale_initializer.obj
 0001:00000058       __dcrt_console_output_terminator 0000000180001058     libucrt:console_output_initializer.obj
 0001:00000060       __acrt_stdio_terminator    0000000180001060     libucrt:stdio_initializer.obj
 0001:00000068       __xp_z                     0000000180001068     LIBCMT:initializers.obj
 0001:00000070       __xt_a                     0000000180001070     LIBCMT:initializers.obj
 0001:00000078       __xt_z                     0000000180001078     LIBCMT:initializers.obj
 0001:00000080       MainGuid                   0000000180001080     EditCase.obj
 0001:00000090       MenuGuid                   0000000180001090     EditCase.obj
 0001:000000b0       ??_C@_1BC@MGKGEOAP@?$AAE?$AAd?$AAi?$AAt?$AAC?$AAa?$AAs?$AAe?$AA?$AA@ 00000001800010b0     EditCase.obj
 0001:000000d0       ??_C@_1EK@IFCLLMMP@?$AAT?$AAe?$AAx?$AAt?$AA?5?$AAc?$AAa?$AAs?$AAe?$AA?5?$AAc?$AAo?$AAn?$AAv?$AAe?$AAr?$AAs?$AAi?$AAo?$AAn?$AA?5?$AAf?$AAo?$AAr?$AA?5?$AAF?$AAa?$AAr?$AA?5?$AAM?$AAa?$AAn@ 00000001800010d0     EditCase.obj
 0001:00000120       ??_C@_1DE@BGKMIKPD@?$AAE?$AAu?$AAg?$AAe?$AAn?$AAe?$AA?5?$AAR?$AAo?$AAs?$AAh?$AAa?$AAl?$AA?5?$AA?$CG?$AA?5?$AAF?$AAa?$AAr?$AA?5?$AAG?$AAr?$AAo?$AAu?$AAp?$AA?$AA@ 0000000180001120     EditCase.obj
 0001:00000154       ??_C@_13GMDMCADD@?$AA?$CD?$AA?$AA@ 0000000180001154     EditCase.obj
 0001:00000158       ??_C@_1BG@DENGNAGA@?$AAA?$AAd?$AAd?$AAW?$AAo?$AAr?$AAd?$AAD?$AAi?$AAv?$AA?$AA@ 0000000180001158     EditCase.obj
 0001:00000170       ??_C@_1BA@CAKIGJMA@?$AAW?$AAo?$AAr?$AAd?$AAD?$AAi?$AAv?$AA?$AA@ 0000000180001170     EditCase.obj
 0001:00000180       ??_C@_19DHONEMF@?$AA?5?$AA?6?$AA?$AN?$AA?7?$AA?$AA@ 0000000180001180     EditCase.obj
 0001:00000190       ??_C@_1M@LPIADJOF@?$AAL?$AAO?$AAW?$AAE?$AAR?$AA?$AA@ 0000000180001190     EditCase.obj
 0001:000001a0       ??_C@_1M@NMMEOLKN@?$AAT?$AAI?$AAT?$AAL?$AAE?$AA?$AA@ 00000001800011a0     EditCase.obj
 0001:000001b0       ??_C@_1M@PCFBDNPE@?$AAU?$AAP?$AAP?$AAE?$AAR?$AA?$AA@ 00000001800011b0     EditCase.obj
 0001:000001c0       ??_C@_1O@NJHKFPAK@?$AAT?$AAO?$AAG?$AAG?$AAL?$AAE?$AA?$AA@ 00000001800011c0     EditCase.obj
 0001:000001d0       ??_C@_1O@BIAHPDPJ@?$AAC?$AAY?$AAC?$AAL?$AAI?$AAC?$AA?$AA@ 00000001800011d0     EditCase.obj
 0001:000001e0       ??_C@_1BC@ENICKDH@?$AAC?$AAo?$AAn?$AAt?$AAe?$AAn?$AAt?$AAs?$AA?$AA@ 00000001800011e0     EditCase.obj
 0001:00000200       __xmm@00000004000000030000000200000001 0000000180001200     EditCase.obj
 0001:00000210       __xmm@ffffffffffffffffffffffffffffffff 0000000180001210     EditCase.obj
 0001:00000220       _pDefaultRawDllMain        0000000180001220     LIBCMT:dll_dllmain.obj
 0001:00000220       _pRawDllMain               0000000180001220     LIBCMT:dll_dllmain.obj
 0001:00000228       _Microsoft_CRTProvider     0000000180001228     libvcruntime:telemetry.obj
 0001:00000230       ??_C@_00CNPNBAHC@?$AA@     0000000180001230     libvcruntime:telemetry.obj
 0001:00000234       ??_C@_11LOCGONAA@?$AA?$AA@ 0000000180001234     libvcruntime:telemetry.obj
 0001:00000238       ??_C@_0O@JEOPJOMI@Main?5Invoked?4?$AA@ 0000000180001238     libvcruntime:telemetry.obj
 0001:00000248       ??_C@_0P@NEAEIBDO@Main?5Returned?4?$AA@ 0000000180001248     libvcruntime:telemetry.obj
 0001:00000278       ??_C@_1BC@DNHGCMLG@?$AAa?$AAd?$AAv?$AAa?$AAp?$AAi?$AA3?$AA2?$AA?$AA@ 0000000180001278     libvcruntime:winapi_downlevel.obj
 0001:00000290       ??_C@_1DM@KHCHBNEB@?$AAa?$AAp?$AAi?$AA?9?$AAm?$AAs?$AA?9?$AAw?$AAi?$AAn?$AA?9?$AAc?$AAo?$AAr?$AAe?$AA?9?$AAf?$AAi?$AAb?$AAe?$AAr?$AAs?$AA?9?$AAl?$AA1?$AA?9?$AA1?$AA?9?$AA1?$AA?$AA@ 0000000180001290     libvcruntime:winapi_downlevel.obj
 0001:000002d0       ??_C@_1DK@LPPGFMPP@?$AAa?$AAp?$AAi?$AA?9?$AAm?$AAs?$AA?9?$AAw?$AAi?$AAn?$AA?9?$AAc?$AAo?$AAr?$AAe?$AA?9?$AAs?$AAy?$AAn?$AAc?$AAh?$AA?9?$AAl?$AA1?$AA?9?$AA2?$AA?9?$AA0?$AA?$AA@ 00000001800012d0     libvcruntime:winapi_downlevel.obj
 0001:00000310       ??_C@_1BC@GDMECMAK@?$AAk?$AAe?$AAr?$AAn?$AAe?$AAl?$AA3?$AA2?$AA?$AA@ 0000000180001310     libvcruntime:winapi_downlevel.obj
 0001:00000328       ??_C@_0O@BAMBGLIE@EventRegister?$AA@ 0000000180001328     libvcruntime:winapi_downlevel.obj
 0001:00000340       ??_C@_0BE@BJEEGHGK@EventSetInformation?$AA@ 0000000180001340     libvcruntime:winapi_downlevel.obj
 0001:00000358       ??_C@_0BA@FAKLIPIC@EventUnregister?$AA@ 0000000180001358     libvcruntime:winapi_downlevel.obj
 0001:00000370       ??_C@_0BD@PKLHJPHD@EventWriteTransfer?$AA@ 0000000180001370     libvcruntime:winapi_downlevel.obj
 0001:00000390       ??_C@_08KNHFBNJ@FlsAlloc?$AA@ 0000000180001390     libvcruntime:winapi_downlevel.obj
 0001:000003a8       ??_C@_07PEJMOBNF@FlsFree?$AA@ 00000001800013a8     libvcruntime:winapi_downlevel.obj
 0001:000003b8       ??_C@_0M@GDNOONDI@FlsGetValue?$AA@ 00000001800013b8     libvcruntime:winapi_downlevel.obj
 0001:000003d0       ??_C@_0M@JCPCPOEF@FlsSetValue?$AA@ 00000001800013d0     libvcruntime:winapi_downlevel.obj
 0001:000003e8       ??_C@_0BM@HCFOFFN@InitializeCriticalSectionEx?$AA@ 00000001800013e8     libvcruntime:winapi_downlevel.obj
 0001:00000730       ??_C@_08EHJDFFNH@__based?$CI?$AA@ 0000000180001730     libvcruntime:undname.obj
 0001:00000740       ??_C@_07KOLFKCDI@__cdecl?$AA@ 0000000180001740     libvcruntime:undname.obj
 0001:00000748       ??_C@_08GHMPAG@__pascal?$AA@ 0000000180001748     libvcruntime:undname.obj
 0001:00000758       ??_C@_09IFJBGAPI@__stdcall?$AA@ 0000000180001758     libvcruntime:undname.obj
 0001:00000768       ??_C@_0L@NPHFGOKO@__thiscall?$AA@ 0000000180001768     libvcruntime:undname.obj
 0001:00000778       ??_C@_0L@JMKHOMEK@__fastcall?$AA@ 0000000180001778     libvcruntime:undname.obj
 0001:00000788       ??_C@_0N@BCKKPABJ@__vectorcall?$AA@ 0000000180001788     libvcruntime:undname.obj
 0001:00000798       ??_C@_09HIJEGCPM@__clrcall?$AA@ 0000000180001798     libvcruntime:undname.obj
 0001:000007a4       ??_C@_06GHPCKEAG@__eabi?$AA@ 00000001800017a4     libvcruntime:undname.obj
 0001:000007b0       ??_C@_07JOMMBBKO@__ptr64?$AA@ 00000001800017b0     libvcruntime:undname.obj
 0001:000007b8       ??_C@_0L@PILCLIHE@__restrict?$AA@ 00000001800017b8     libvcruntime:undname.obj
 0001:000007c8       ??_C@_0M@GFIIJFMG@__unaligned?$AA@ 00000001800017c8     libvcruntime:undname.obj
 0001:000007d8       ??_C@_09DHDLOLLB@restrict?$CI?$AA@ 00000001800017d8     libvcruntime:undname.obj
 0001:000007e4       ??_C@_04NIHEBCM@?5new?$AA@ 00000001800017e4     libvcruntime:undname.obj
 0001:000007f0       ??_C@_07FPCDHGMM@?5delete?$AA@ 00000001800017f0     libvcruntime:undname.obj
 0001:000007f8       ??_C@_01NEMOKFLO@?$DN?$AA@ 00000001800017f8     libvcruntime:undname.obj
 0001:000007fc       ??_C@_02GPIOPFAK@?$DO?$DO?$AA@ 00000001800017fc     libvcruntime:undname.obj
 0001:00000800       ??_C@_02FODMEDOG@?$DM?$DM?$AA@ 0000000180001800     libvcruntime:undname.obj
 0001:00000804       ??_C@_01DCLJPIOD@?$CB?$AA@ 0000000180001804     libvcruntime:undname.obj
 0001:00000808       ??_C@_02EGOFBIJA@?$DN?$DN?$AA@ 0000000180001808     libvcruntime:undname.obj
 0001:0000080c       ??_C@_02FDNJECIE@?$CB?$DN?$AA@ 000000018000180c     libvcruntime:undname.obj
 0001:00000810       ??_C@_02GPECMEKF@?$FL?$FN?$AA@ 0000000180001810     libvcruntime:undname.obj
 0001:00000818       ??_C@_08LHJFAFGD@operator?$AA@ 0000000180001818     libvcruntime:undname.obj
 0001:00000824       ??_C@_02HBOOOICD@?9?$DO?$AA@ 0000000180001824     libvcruntime:undname.obj
 0001:00000828       ??_C@_01NBENCBCI@?$CK?$AA@ 0000000180001828     libvcruntime:undname.obj
 0001:0000082c       ??_C@_02ECNGHCIF@?$CL?$CL?$AA@ 000000018000182c     libvcruntime:undname.obj
 0001:00000830       ??_C@_02BAABKJLB@?9?9?$AA@ 0000000180001830     libvcruntime:undname.obj
 0001:00000834       ??_C@_01JOAMLHOP@?9?$AA@   0000000180001834     libvcruntime:undname.obj
 0001:00000838       ??_C@_01MIFGBAGJ@?$CL?$AA@ 0000000180001838     libvcruntime:undname.obj
 0001:0000083c       ??_C@_01HNPIGOCE@?$CG?$AA@ 000000018000183c     libvcruntime:undname.obj
 0001:00000840       ??_C@_03MNHNFDLC@?9?$DO?$CK?$AA@ 0000000180001840     libvcruntime:undname.obj
 0001:00000844       ??_C@_01KMDKNFGN@?1?$AA@   0000000180001844     libvcruntime:undname.obj
 0001:00000848       ??_C@_01FGNFDNOH@?$CF?$AA@ 0000000180001848     libvcruntime:undname.obj
 0001:0000084c       ??_C@_01MNNFJEPP@?$DM?$AA@ 000000018000184c     libvcruntime:undname.obj
 0001:00000850       ??_C@_02EHCHHCKH@?$DM?$DN?$AA@ 0000000180001850     libvcruntime:undname.obj
 0001:00000854       ??_C@_01PPODPGHN@?$DO?$AA@ 0000000180001854     libvcruntime:undname.obj
 0001:00000858       ??_C@_02EEKDKGMJ@?$DO?$DN?$AA@ 0000000180001858     libvcruntime:undname.obj
 0001:0000085c       ??_C@_01IHBHIGKO@?0?$AA@   000000018000185c     libvcruntime:undname.obj
 0001:00000860       ??_C@_02HCKGKOFO@?$CI?$CJ?$AA@ 0000000180001860     libvcruntime:undname.obj
 0001:00000864       ??_C@_01PJKLJHI@?$HO?$AA@  0000000180001864     libvcruntime:undname.obj
 0001:00000868       ??_C@_01JKBOJNNK@?$FO?$AA@ 0000000180001868     libvcruntime:undname.obj
 0001:0000086c       ??_C@_01DNKMNLPK@?$HM?$AA@ 000000018000186c     libvcruntime:undname.obj
 0001:00000870       ??_C@_02PPKAJPJL@?$CG?$CG?$AA@ 0000000180001870     libvcruntime:undname.obj
 0001:00000874       ??_C@_02NONPIBCD@?$HM?$HM?$AA@ 0000000180001874     libvcruntime:undname.obj
 0001:00000878       ??_C@_02FPIMKNGF@?$CK?$DN?$AA@ 0000000180001878     libvcruntime:undname.obj
 0001:0000087c       ??_C@_02FOEOMHFC@?$CL?$DN?$AA@ 000000018000187c     libvcruntime:undname.obj
 0001:00000880       ??_C@_02FKMDLLOA@?9?$DN?$AA@ 0000000180001880     libvcruntime:undname.obj
 0001:00000884       ??_C@_02FJEHGPIO@?1?$DN?$AA@ 0000000180001884     libvcruntime:undname.obj
 0001:00000888       ??_C@_02FENAOKFI@?$CF?$DN?$AA@ 0000000180001888     libvcruntime:undname.obj
 0001:0000088c       ??_C@_03IKFCCPFF@?$DO?$DO?$DN?$AA@ 000000018000188c     libvcruntime:undname.obj
 0001:00000890       ??_C@_03CDNPDDLA@?$DM?$DM?$DN?$AA@ 0000000180001890     libvcruntime:undname.obj
 0001:00000894       ??_C@_02FGJGFEAB@?$CG?$DN?$AA@ 0000000180001894     libvcruntime:undname.obj
 0001:00000898       ??_C@_02DHLNPPGH@?$HM?$DN?$AA@ 0000000180001898     libvcruntime:undname.obj
 0001:0000089c       ??_C@_02MHEGNOJ@?$FO?$DN?$AA@ 000000018000189c     libvcruntime:undname.obj
 0001:000008a0       ??_C@_09IFPLHPGF@?$GAvftable?8?$AA@ 00000001800018a0     libvcruntime:undname.obj
 0001:000008b0       ??_C@_09BLBHBJP@?$GAvbtable?8?$AA@ 00000001800018b0     libvcruntime:undname.obj
 0001:000008c0       ??_C@_07FEEIOKP@?$GAvcall?8?$AA@ 00000001800018c0     libvcruntime:undname.obj
 0001:000008c8       ??_C@_08LLFFHHDJ@?$GAtypeof?8?$AA@ 00000001800018c8     libvcruntime:undname.obj
 0001:000008d8       ??_C@_0BF@KDPPACIK@?$GAlocal?5static?5guard?8?$AA@ 00000001800018d8     libvcruntime:undname.obj
 0001:000008f0       ??_C@_08OBABFOLI@?$GAstring?8?$AA@ 00000001800018f0     libvcruntime:undname.obj
 0001:00000900       ??_C@_0BD@JDLKDPAB@?$GAvbase?5destructor?8?$AA@ 0000000180001900     libvcruntime:undname.obj
 0001:00000918       ??_C@_0BN@DEGPLNFK@?$GAvector?5deleting?5destructor?8?$AA@ 0000000180001918     libvcruntime:undname.obj
 0001:00000938       ??_C@_0BO@OBMKPJIG@?$GAdefault?5constructor?5closure?8?$AA@ 0000000180001938     libvcruntime:undname.obj
 0001:00000958       ??_C@_0BN@IMDCHIKM@?$GAscalar?5deleting?5destructor?8?$AA@ 0000000180001958     libvcruntime:undname.obj
 0001:00000978       ??_C@_0BO@PFGOCPJJ@?$GAvector?5constructor?5iterator?8?$AA@ 0000000180001978     libvcruntime:undname.obj
 0001:00000998       ??_C@_0BN@LFPFMEDL@?$GAvector?5destructor?5iterator?8?$AA@ 0000000180001998     libvcruntime:undname.obj
 0001:000009b8       ??_C@_0CE@IKBNEHA@?$GAvector?5vbase?5constructor?5iterat@ 00000001800019b8     libvcruntime:undname.obj
 0001:000009e0       ??_C@_0BL@NILFHHPC@?$GAvirtual?5displacement?5map?8?$AA@ 00000001800019e0     libvcruntime:undname.obj
 0001:00000a00       ??_C@_0CB@JONCMFFK@?$GAeh?5vector?5constructor?5iterator?8@ 0000000180001a00     libvcruntime:undname.obj
 0001:00000a28       ??_C@_0CA@GCEOPDGL@?$GAeh?5vector?5destructor?5iterator?8?$AA@ 0000000180001a28     libvcruntime:undname.obj
 0001:00000a48       ??_C@_0CH@OOJPLCPH@?$GAeh?5vector?5vbase?5constructor?5ite@ 0000000180001a48     libvcruntime:undname.obj
 0001:00000a70       ??_C@_0BL@LLKPOHJI@?$GAcopy?5constructor?5closure?8?$AA@ 0000000180001a70     libvcruntime:undname.obj
 0001:00000a90       ??_C@_0BA@KBCDOMBN@?$GAudt?5returning?8?$AA@ 0000000180001a90     libvcruntime:undname.obj
 0001:00000aa0       ??_C@_03KLGMFNMG@?$GAEH?$AA@ 0000000180001aa0     libvcruntime:undname.obj
 0001:00000aa4       ??_C@_05KHLCHHI@?$GARTTI?$AA@ 0000000180001aa4     libvcruntime:undname.obj
 0001:00000ab0       ??_C@_0BA@KKLDJDLB@?$GAlocal?5vftable?8?$AA@ 0000000180001ab0     libvcruntime:undname.obj
 0001:00000ac0       ??_C@_0CE@IIHCMGGL@?$GAlocal?5vftable?5constructor?5closu@ 0000000180001ac0     libvcruntime:undname.obj
 0001:00000ae4       ??_C@_06FHBGPFGH@?5new?$FL?$FN?$AA@ 0000000180001ae4     libvcruntime:undname.obj
 0001:00000af0       ??_C@_09LBNFPBCA@?5delete?$FL?$FN?$AA@ 0000000180001af0     libvcruntime:undname.obj
 0001:00000b00       ??_C@_0P@HJKNJFNN@?$GAomni?5callsig?8?$AA@ 0000000180001b00     libvcruntime:undname.obj
 0001:00000b10       ??_C@_0BL@CNOONJFP@?$GAplacement?5delete?5closure?8?$AA@ 0000000180001b10     libvcruntime:undname.obj
 0001:00000b30       ??_C@_0BN@CKNJLHMB@?$GAplacement?5delete?$FL?$FN?5closure?8?$AA@ 0000000180001b30     libvcruntime:undname.obj
 0001:00000b50       ??_C@_0CG@CFDHKGGD@?$GAmanaged?5vector?5constructor?5iter@ 0000000180001b50     libvcruntime:undname.obj
 0001:00000b78       ??_C@_0CF@IMGKMJNO@?$GAmanaged?5vector?5destructor?5itera@ 0000000180001b78     libvcruntime:undname.obj
 0001:00000ba0       ??_C@_0CG@HLDDJMAG@?$GAeh?5vector?5copy?5constructor?5iter@ 0000000180001ba0     libvcruntime:undname.obj
 0001:00000bc8       ??_C@_0CM@FCBBDIGB@?$GAeh?5vector?5vbase?5copy?5constructo@ 0000000180001bc8     libvcruntime:undname.obj
 0001:00000bf8       ??_C@_0BL@CLIPGLGB@?$GAdynamic?5initializer?5for?5?8?$AA@ 0000000180001bf8     libvcruntime:undname.obj
 0001:00000c18       ??_C@_0CB@PDBIFEP@?$GAdynamic?5atexit?5destructor?5for?5?8@ 0000000180001c18     libvcruntime:undname.obj
 0001:00000c40       ??_C@_0CD@CGAJBKEJ@?$GAvector?5copy?5constructor?5iterato@ 0000000180001c40     libvcruntime:undname.obj
 0001:00000c68       ??_C@_0CJ@GJELGAMM@?$GAvector?5vbase?5copy?5constructor?5i@ 0000000180001c68     libvcruntime:undname.obj
 0001:00000c98       ??_C@_0CL@FGIJHLCE@?$GAmanaged?5vector?5copy?5constructor@ 0000000180001c98     libvcruntime:undname.obj
 0001:00000cc8       ??_C@_0BM@PMGGMLDN@?$GAlocal?5static?5thread?5guard?8?$AA@ 0000000180001cc8     libvcruntime:undname.obj
 0001:00000ce8       ??_C@_0N@BDNMDMOL@operator?5?$CC?$CC?5?$AA@ 0000000180001ce8     libvcruntime:undname.obj
 0001:00000cf8       ??_C@_0BC@DAFEJGAK@?5Type?5Descriptor?8?$AA@ 0000000180001cf8     libvcruntime:undname.obj
 0001:00000d10       ??_C@_0BM@LDKODKLH@?5Base?5Class?5Descriptor?5at?5?$CI?$AA@ 0000000180001d10     libvcruntime:undname.obj
 0001:00000d30       ??_C@_0BD@LGICGFMM@?5Base?5Class?5Array?8?$AA@ 0000000180001d30     libvcruntime:undname.obj
 0001:00000d48       ??_C@_0BN@MECKDCOJ@?5Class?5Hierarchy?5Descriptor?8?$AA@ 0000000180001d48     libvcruntime:undname.obj
 0001:00000d68       ??_C@_0BK@CFCOFLF@?5Complete?5Object?5Locator?8?$AA@ 0000000180001d68     libvcruntime:undname.obj
 0001:00000d90       __acrt_exception_action_table 0000000180001d90     libucrt:exception_filter.obj
 0001:00000e50       __acrt_signal_action_table_count 0000000180001e50     libucrt:exception_filter.obj
 0001:00000e58       __acrt_signal_action_first_fpe_index 0000000180001e58     libucrt:exception_filter.obj
 0001:00000e60       __acrt_signal_action_fpe_count 0000000180001e60     libucrt:exception_filter.obj
 0001:00000e68       ??_C@_1BI@BGOHAHKC@?$AAm?$AAs?$AAc?$AAo?$AAr?$AAe?$AAe?$AA?4?$AAd?$AAl?$AAl?$AA?$AA@ 0000000180001e68     libucrt:exit.obj
 0001:00000e80       ??_C@_0P@MIGLKIOC@CorExitProcess?$AA@ 0000000180001e80     libucrt:exit.obj
 0001:00001020       ??_C@_1EG@CNNIPFIM@?$AAa?$AAp?$AAi?$AA?9?$AAm?$AAs?$AA?9?$AAw?$AAi?$AAn?$AA?9?$AAa?$AAp?$AAp?$AAm?$AAo?$AAd?$AAe?$AAl?$AA?9?$AAr?$AAu?$AAn?$AAt?$AAi?$AAm?$AAe?$AA?9?$AAl?$AA1?$AA?9?$AA1@ 0000000180002020     libucrt:winapi_thunks.obj
 0001:00001070       ??_C@_1EA@JGEFHKEI@?$AAa?$AAp?$AAi?$AA?9?$AAm?$AAs?$AA?9?$AAw?$AAi?$AAn?$AA?9?$AAc?$AAo?$AAr?$AAe?$AA?9?$AAd?$AAa?$AAt?$AAe?$AAt?$AAi?$AAm?$AAe?$AA?9?$AAl?$AA1?$AA?9?$AA1?$AA?9?$AA1?$AA?$AA@ 0000000180002070     libucrt:winapi_thunks.obj
 0001:000010b0       ??_C@_1DI@GCIAAENM@?$AAa?$AAp?$AAi?$AA?9?$AAm?$AAs?$AA?9?$AAw?$AAi?$AAn?$AA?9?$AAc?$AAo?$AAr?$AAe?$AA?9?$AAf?$AAi?$AAl?$AAe?$AA?9?$AAl?$AA2?$AA?9?$AA1?$AA?9?$AA1?$AA?$AA@ 00000001800020b0     libucrt:winapi_thunks.obj
 0001:000010f0       ??_C@_1EI@MPIAOHOC@?$AAa?$AAp?$AAi?$AA?9?$AAm?$AAs?$AA?9?$AAw?$AAi?$AAn?$AA?9?$AAc?$AAo?$AAr?$AAe?$AA?9?$AAl?$AAo?$AAc?$AAa?$AAl?$AAi?$AAz?$AAa?$AAt?$AAi?$AAo?$AAn?$AA?9?$AAl?$AA1?$AA?9@ 00000001800020f0     libucrt:winapi_thunks.obj
 0001:00001140       ??_C@_1FK@FPHCKFIE@?$AAa?$AAp?$AAi?$AA?9?$AAm?$AAs?$AA?9?$AAw?$AAi?$AAn?$AA?9?$AAc?$AAo?$AAr?$AAe?$AA?9?$AAl?$AAo?$AAc?$AAa?$AAl?$AAi?$AAz?$AAa?$AAt?$AAi?$AAo?$AAn?$AA?9?$AAo?$AAb?$AAs@ 0000000180002140     libucrt:winapi_thunks.obj
 0001:000011a0       ??_C@_1EM@DILCGIIO@?$AAa?$AAp?$AAi?$AA?9?$AAm?$AAs?$AA?9?$AAw?$AAi?$AAn?$AA?9?$AAc?$AAo?$AAr?$AAe?$AA?9?$AAp?$AAr?$AAo?$AAc?$AAe?$AAs?$AAs?$AAt?$AAh?$AAr?$AAe?$AAa?$AAd?$AAs?$AA?9?$AAl@ 00000001800021a0     libucrt:winapi_thunks.obj
 0001:000011f0       ??_C@_1DM@LNCGDDPN@?$AAa?$AAp?$AAi?$AA?9?$AAm?$AAs?$AA?9?$AAw?$AAi?$AAn?$AA?9?$AAc?$AAo?$AAr?$AAe?$AA?9?$AAs?$AAt?$AAr?$AAi?$AAn?$AAg?$AA?9?$AAl?$AA1?$AA?9?$AA1?$AA?9?$AA0?$AA?$AA@ 00000001800021f0     libucrt:winapi_thunks.obj
 0001:00001230       ??_C@_1DO@FPAPJEMD@?$AAa?$AAp?$AAi?$AA?9?$AAm?$AAs?$AA?9?$AAw?$AAi?$AAn?$AA?9?$AAc?$AAo?$AAr?$AAe?$AA?9?$AAs?$AAy?$AAs?$AAi?$AAn?$AAf?$AAo?$AA?9?$AAl?$AA1?$AA?9?$AA2?$AA?9?$AA1?$AA?$AA@ 0000000180002230     libucrt:winapi_thunks.obj
 0001:00001270       ??_C@_1DK@NDHNAHIO@?$AAa?$AAp?$AAi?$AA?9?$AAm?$AAs?$AA?9?$AAw?$AAi?$AAn?$AA?9?$AAc?$AAo?$AAr?$AAe?$AA?9?$AAw?$AAi?$AAn?$AAr?$AAt?$AA?9?$AAl?$AA1?$AA?9?$AA1?$AA?9?$AA0?$AA?$AA@ 0000000180002270     libucrt:winapi_thunks.obj
 0001:000012b0       ??_C@_1DM@KGHDGBCM@?$AAa?$AAp?$AAi?$AA?9?$AAm?$AAs?$AA?9?$AAw?$AAi?$AAn?$AA?9?$AAc?$AAo?$AAr?$AAe?$AA?9?$AAx?$AAs?$AAt?$AAa?$AAt?$AAe?$AA?9?$AAl?$AA2?$AA?9?$AA1?$AA?9?$AA0?$AA?$AA@ 00000001800022b0     libucrt:winapi_thunks.obj
 0001:000012f0       ??_C@_1EO@IJIOEFOH@?$AAa?$AAp?$AAi?$AA?9?$AAm?$AAs?$AA?9?$AAw?$AAi?$AAn?$AA?9?$AAr?$AAt?$AAc?$AAo?$AAr?$AAe?$AA?9?$AAn?$AAt?$AAu?$AAs?$AAe?$AAr?$AA?9?$AAw?$AAi?$AAn?$AAd?$AAo?$AAw?$AA?9@ 00000001800022f0     libucrt:winapi_thunks.obj
 0001:00001340       ??_C@_1FG@HHGEKANL@?$AAa?$AAp?$AAi?$AA?9?$AAm?$AAs?$AA?9?$AAw?$AAi?$AAn?$AA?9?$AAs?$AAe?$AAc?$AAu?$AAr?$AAi?$AAt?$AAy?$AA?9?$AAs?$AAy?$AAs?$AAt?$AAe?$AAm?$AAf?$AAu?$AAn?$AAc?$AAt?$AAi@ 0000000180002340     libucrt:winapi_thunks.obj
 0001:000013a0       ??_C@_1FG@NCKKOLKO@?$AAe?$AAx?$AAt?$AA?9?$AAm?$AAs?$AA?9?$AAw?$AAi?$AAn?$AA?9?$AAk?$AAe?$AAr?$AAn?$AAe?$AAl?$AA3?$AA2?$AA?9?$AAp?$AAa?$AAc?$AAk?$AAa?$AAg?$AAe?$AA?9?$AAc?$AAu?$AAr?$AAr@ 00000001800023a0     libucrt:winapi_thunks.obj
 0001:00001400       ??_C@_1EG@DBIOJECG@?$AAe?$AAx?$AAt?$AA?9?$AAm?$AAs?$AA?9?$AAw?$AAi?$AAn?$AA?9?$AAn?$AAt?$AAu?$AAs?$AAe?$AAr?$AA?9?$AAd?$AAi?$AAa?$AAl?$AAo?$AAg?$AAb?$AAo?$AAx?$AA?9?$AAl?$AA1?$AA?9?$AA1@ 0000000180002400     libucrt:winapi_thunks.obj
 0001:00001450       ??_C@_1EO@FIHMJCLF@?$AAe?$AAx?$AAt?$AA?9?$AAm?$AAs?$AA?9?$AAw?$AAi?$AAn?$AA?9?$AAn?$AAt?$AAu?$AAs?$AAe?$AAr?$AA?9?$AAw?$AAi?$AAn?$AAd?$AAo?$AAw?$AAs?$AAt?$AAa?$AAt?$AAi?$AAo?$AAn?$AA?9@ 0000000180002450     libucrt:winapi_thunks.obj
 0001:000014a0       ??_C@_1O@BCCLBEOE@?$AAu?$AAs?$AAe?$AAr?$AA3?$AA2?$AA?$AA@ 00000001800024a0     libucrt:winapi_thunks.obj
 0001:000014d8       ??_C@_0BE@JOGNEJCI@GetCurrentPackageId?$AA@ 00000001800024d8     libucrt:winapi_thunks.obj
 0001:00001500       ??_C@_0O@KKBNKAPF@LCMapStringEx?$AA@ 0000000180002500     libucrt:winapi_thunks.obj
 0001:00001518       ??_C@_0BB@HBDEELFH@LocaleNameToLCID?$AA@ 0000000180002518     libucrt:winapi_thunks.obj
 0001:000016b8       ??_C@_1M@HPNHIDJI@?$AAj?$AAa?$AA?9?$AAJ?$AAP?$AA?$AA@ 00000001800026b8     libucrt:mbctype.obj
 0001:000016c8       ??_C@_1M@BIBDDEMK@?$AAz?$AAh?$AA?9?$AAC?$AAN?$AA?$AA@ 00000001800026c8     libucrt:mbctype.obj
 0001:000016d8       ??_C@_1M@JLOOOEGK@?$AAk?$AAo?$AA?9?$AAK?$AAR?$AA?$AA@ 00000001800026d8     libucrt:mbctype.obj
 0001:000016e8       ??_C@_1M@CLNBBOPM@?$AAz?$AAh?$AA?9?$AAT?$AAW?$AA?$AA@ 00000001800026e8     libucrt:mbctype.obj
 0001:00001700       __lc_time_c                0000000180002700     libucrt:nlsdata.obj
 0001:000019c0       ??_C@_03KOEHGMDN@Sun?$AA@  00000001800029c0     libucrt:nlsdata.obj
 0001:000019c4       ??_C@_03PDAGKDH@Mon?$AA@   00000001800029c4     libucrt:nlsdata.obj
 0001:000019c8       ??_C@_03NAGEINEP@Tue?$AA@  00000001800029c8     libucrt:nlsdata.obj
 0001:000019cc       ??_C@_03MHOMLAJA@Wed?$AA@  00000001800029cc     libucrt:nlsdata.obj
 0001:000019d0       ??_C@_03IOFIKPDN@Thu?$AA@  00000001800029d0     libucrt:nlsdata.obj
 0001:000019d4       ??_C@_03IDIOELNC@Fri?$AA@  00000001800029d4     libucrt:nlsdata.obj
 0001:000019d8       ??_C@_03FEFJNEK@Sat?$AA@   00000001800029d8     libucrt:nlsdata.obj
 0001:000019dc       ??_C@_06OOPIFAJ@Sunday?$AA@ 00000001800029dc     libucrt:nlsdata.obj
 0001:000019e4       ??_C@_06JLEDEDGH@Monday?$AA@ 00000001800029e4     libucrt:nlsdata.obj
 0001:000019f0       ??_C@_07BAAGCFCM@Tuesday?$AA@ 00000001800029f0     libucrt:nlsdata.obj
 0001:000019f8       ??_C@_09DLIGFAKA@Wednesday?$AA@ 00000001800029f8     libucrt:nlsdata.obj
 0001:00001a08       ??_C@_08HACCIKIA@Thursday?$AA@ 0000000180002a08     libucrt:nlsdata.obj
 0001:00001a14       ??_C@_06JECMNKMI@Friday?$AA@ 0000000180002a14     libucrt:nlsdata.obj
 0001:00001a20       ??_C@_08INBOOONO@Saturday?$AA@ 0000000180002a20     libucrt:nlsdata.obj
 0001:00001a2c       ??_C@_03JIHJHPIE@Jan?$AA@  0000000180002a2c     libucrt:nlsdata.obj
 0001:00001a30       ??_C@_03HJBDCHOM@Feb?$AA@  0000000180002a30     libucrt:nlsdata.obj
 0001:00001a34       ??_C@_03ODNJBKGA@Mar?$AA@  0000000180002a34     libucrt:nlsdata.obj
 0001:00001a38       ??_C@_03LEOLGMJP@Apr?$AA@  0000000180002a38     libucrt:nlsdata.obj
 0001:00001a3c       ??_C@_03CNMDKL@May?$AA@    0000000180002a3c     libucrt:nlsdata.obj
 0001:00001a40       ??_C@_03IDFGHECI@Jun?$AA@  0000000180002a40     libucrt:nlsdata.obj
 0001:00001a44       ??_C@_03LBGABGKK@Jul?$AA@  0000000180002a44     libucrt:nlsdata.obj
 0001:00001a48       ??_C@_03IFJFEIGA@Aug?$AA@  0000000180002a48     libucrt:nlsdata.obj
 0001:00001a4c       ??_C@_03GGCAPAJC@Sep?$AA@  0000000180002a4c     libucrt:nlsdata.obj
 0001:00001a50       ??_C@_03BMAOKBAD@Oct?$AA@  0000000180002a50     libucrt:nlsdata.obj
 0001:00001a54       ??_C@_03JPJOFNIA@Nov?$AA@  0000000180002a54     libucrt:nlsdata.obj
 0001:00001a58       ??_C@_03MKABNOCG@Dec?$AA@  0000000180002a58     libucrt:nlsdata.obj
 0001:00001a60       ??_C@_07CGJPFGJA@January?$AA@ 0000000180002a60     libucrt:nlsdata.obj
 0001:00001a68       ??_C@_08GNJGEPFN@February?$AA@ 0000000180002a68     libucrt:nlsdata.obj
 0001:00001a74       ??_C@_05HPCKOFNC@March?$AA@ 0000000180002a74     libucrt:nlsdata.obj
 0001:00001a7c       ??_C@_05DMJDNLEJ@April?$AA@ 0000000180002a7c     libucrt:nlsdata.obj
 0001:00001a84       ??_C@_04CNLMGBGM@June?$AA@ 0000000180002a84     libucrt:nlsdata.obj
 0001:00001a8c       ??_C@_04MIEPOIFP@July?$AA@ 0000000180002a8c     libucrt:nlsdata.obj
 0001:00001a94       ??_C@_06LBBHFDDG@August?$AA@ 0000000180002a94     libucrt:nlsdata.obj
 0001:00001aa0       ??_C@_09BHHEALKD@September?$AA@ 0000000180002aa0     libucrt:nlsdata.obj
 0001:00001ab0       ??_C@_07JJNFCEND@October?$AA@ 0000000180002ab0     libucrt:nlsdata.obj
 0001:00001ab8       ??_C@_08HCHEGEOA@November?$AA@ 0000000180002ab8     libucrt:nlsdata.obj
 0001:00001ac8       ??_C@_08EDHMEBNP@December?$AA@ 0000000180002ac8     libucrt:nlsdata.obj
 0001:00001ad4       ??_C@_02DEDBPAFC@AM?$AA@   0000000180002ad4     libucrt:nlsdata.obj
 0001:00001ad8       ??_C@_02CJNFDJBF@PM?$AA@   0000000180002ad8     libucrt:nlsdata.obj
 0001:00001ae0       ??_C@_08BPBNCDIB@MM?1dd?1yy?$AA@ 0000000180002ae0     libucrt:nlsdata.obj
 0001:00001af0       ??_C@_0BE@CKGJFCPC@dddd?0?5MMMM?5dd?0?5yyyy?$AA@ 0000000180002af0     libucrt:nlsdata.obj
 0001:00001b08       ??_C@_08JCCMCCIL@HH?3mm?3ss?$AA@ 0000000180002b08     libucrt:nlsdata.obj
 0001:00001b18       ??_C@_17MBGCMIPB@?$AAS?$AAu?$AAn?$AA?$AA@ 0000000180002b18     libucrt:nlsdata.obj
 0001:00001b20       ??_C@_17KBOMKBF@?$AAM?$AAo?$AAn?$AA?$AA@ 0000000180002b20     libucrt:nlsdata.obj
 0001:00001b28       ??_C@_17BMKGEGOJ@?$AAT?$AAu?$AAe?$AA?$AA@ 0000000180002b28     libucrt:nlsdata.obj
 0001:00001b30       ??_C@_17CJEDCEPE@?$AAW?$AAe?$AAd?$AA?$AA@ 0000000180002b30     libucrt:nlsdata.obj
 0001:00001b38       ??_C@_17PDPHAADD@?$AAT?$AAh?$AAu?$AA?$AA@ 0000000180002b38     libucrt:nlsdata.obj
 0001:00001b40       ??_C@_17HFOLPPLP@?$AAF?$AAr?$AAi?$AA?$AA@ 0000000180002b40     libucrt:nlsdata.obj
 0001:00001b48       ??_C@_17GGIBDPIH@?$AAS?$AAa?$AAt?$AA?$AA@ 0000000180002b48     libucrt:nlsdata.obj
 0001:00001b50       ??_C@_1O@IHNHDHPB@?$AAS?$AAu?$AAn?$AAd?$AAa?$AAy?$AA?$AA@ 0000000180002b50     libucrt:nlsdata.obj
 0001:00001b60       ??_C@_1O@MMNBFLIA@?$AAM?$AAo?$AAn?$AAd?$AAa?$AAy?$AA?$AA@ 0000000180002b60     libucrt:nlsdata.obj
 0001:00001b70       ??_C@_1BA@ENFBFFEK@?$AAT?$AAu?$AAe?$AAs?$AAd?$AAa?$AAy?$AA?$AA@ 0000000180002b70     libucrt:nlsdata.obj
 0001:00001b80       ??_C@_1BE@EBOGMDOH@?$AAW?$AAe?$AAd?$AAn?$AAe?$AAs?$AAd?$AAa?$AAy?$AA?$AA@ 0000000180002b80     libucrt:nlsdata.obj
 0001:00001b98       ??_C@_1BC@HHMNLIHE@?$AAT?$AAh?$AAu?$AAr?$AAs?$AAd?$AAa?$AAy?$AA?$AA@ 0000000180002b98     libucrt:nlsdata.obj
 0001:00001bb0       ??_C@_1O@PDICJHAG@?$AAF?$AAr?$AAi?$AAd?$AAa?$AAy?$AA?$AA@ 0000000180002bb0     libucrt:nlsdata.obj
 0001:00001bc0       ??_C@_1BC@ENMNNPAJ@?$AAS?$AAa?$AAt?$AAu?$AAr?$AAd?$AAa?$AAy?$AA?$AA@ 0000000180002bc0     libucrt:nlsdata.obj
 0001:00001bd8       ??_C@_17DKNBKCHM@?$AAJ?$AAa?$AAn?$AA?$AA@ 0000000180002bd8     libucrt:nlsdata.obj
 0001:00001be0       ??_C@_17LMDJEKJN@?$AAF?$AAe?$AAb?$AA?$AA@ 0000000180002be0     libucrt:nlsdata.obj
 0001:00001be8       ??_C@_17CKNLEDEC@?$AAM?$AAa?$AAr?$AA?$AA@ 0000000180002be8     libucrt:nlsdata.obj
 0001:00001bf0       ??_C@_17LFPOIHDD@?$AAA?$AAp?$AAr?$AA?$AA@ 0000000180002bf0     libucrt:nlsdata.obj
 0001:00001bf8       ??_C@_17PNNKMEED@?$AAM?$AAa?$AAy?$AA?$AA@ 0000000180002bf8     libucrt:nlsdata.obj
 0001:00001c00       ??_C@_17KCJGOCPB@?$AAJ?$AAu?$AAn?$AA?$AA@ 0000000180002c00     libucrt:nlsdata.obj
 0001:00001c08       ??_C@_17IJPCKHK@?$AAJ?$AAu?$AAl?$AA?$AA@ 0000000180002c08     libucrt:nlsdata.obj
 0001:00001c10       ??_C@_17ICPELBCN@?$AAA?$AAu?$AAg?$AA?$AA@ 0000000180002c10     libucrt:nlsdata.obj
 0001:00001c18       ??_C@_17HCHCOKMG@?$AAS?$AAe?$AAp?$AA?$AA@ 0000000180002c18     libucrt:nlsdata.obj
 0001:00001c20       ??_C@_17FNLKOI@?$AAO?$AAc?$AAt?$AA?$AA@ 0000000180002c20     libucrt:nlsdata.obj
 0001:00001c28       ??_C@_17BBDMLCIG@?$AAN?$AAo?$AAv?$AA?$AA@ 0000000180002c28     libucrt:nlsdata.obj
 0001:00001c30       ??_C@_17EGKACKIF@?$AAD?$AAe?$AAc?$AA?$AA@ 0000000180002c30     libucrt:nlsdata.obj
 0001:00001c38       ??_C@_1BA@EFMEIEBA@?$AAJ?$AAa?$AAn?$AAu?$AAa?$AAr?$AAy?$AA?$AA@ 0000000180002c38     libucrt:nlsdata.obj
 0001:00001c48       ??_C@_1BC@JGDDFFAM@?$AAF?$AAe?$AAb?$AAr?$AAu?$AAa?$AAr?$AAy?$AA?$AA@ 0000000180002c48     libucrt:nlsdata.obj
 0001:00001c60       ??_C@_1M@IKEENEDF@?$AAM?$AAa?$AAr?$AAc?$AAh?$AA?$AA@ 0000000180002c60     libucrt:nlsdata.obj
 0001:00001c70       ??_C@_1M@GJNLMHFD@?$AAA?$AAp?$AAr?$AAi?$AAl?$AA?$AA@ 0000000180002c70     libucrt:nlsdata.obj
 0001:00001c80       ??_C@_19EPFLPGAP@?$AAJ?$AAu?$AAn?$AAe?$AA?$AA@ 0000000180002c80     libucrt:nlsdata.obj
 0001:00001c90       ??_C@_19BIFMLPCD@?$AAJ?$AAu?$AAl?$AAy?$AA?$AA@ 0000000180002c90     libucrt:nlsdata.obj
 0001:00001ca0       ??_C@_1O@PAHLKOAC@?$AAA?$AAu?$AAg?$AAu?$AAs?$AAt?$AA?$AA@ 0000000180002ca0     libucrt:nlsdata.obj
 0001:00001cb0       ??_C@_1BE@DKAAMBJL@?$AAS?$AAe?$AAp?$AAt?$AAe?$AAm?$AAb?$AAe?$AAr?$AA?$AA@ 0000000180002cb0     libucrt:nlsdata.obj
 0001:00001cc8       ??_C@_1BA@EPANDLNG@?$AAO?$AAc?$AAt?$AAo?$AAb?$AAe?$AAr?$AA?$AA@ 0000000180002cc8     libucrt:nlsdata.obj
 0001:00001cd8       ??_C@_1BC@BGLIFPF@?$AAN?$AAo?$AAv?$AAe?$AAm?$AAb?$AAe?$AAr?$AA?$AA@ 0000000180002cd8     libucrt:nlsdata.obj
 0001:00001cf0       ??_C@_1BC@FEMKIFH@?$AAD?$AAe?$AAc?$AAe?$AAm?$AAb?$AAe?$AAr?$AA?$AA@ 0000000180002cf0     libucrt:nlsdata.obj
 0001:00001d04       ??_C@_15ODEHAHHF@?$AAA?$AAM?$AA?$AA@ 0000000180002d04     libucrt:nlsdata.obj
 0001:00001d0c       ??_C@_15CLMNNGEL@?$AAP?$AAM?$AA?$AA@ 0000000180002d0c     libucrt:nlsdata.obj
 0001:00001d18       ??_C@_1BC@IEBCMHCM@?$AAM?$AAM?$AA?1?$AAd?$AAd?$AA?1?$AAy?$AAy?$AA?$AA@ 0000000180002d18     libucrt:nlsdata.obj
 0001:00001d30       ??_C@_1CI@KNAKOEBC@?$AAd?$AAd?$AAd?$AAd?$AA?0?$AA?5?$AAM?$AAM?$AAM?$AAM?$AA?5?$AAd?$AAd?$AA?0?$AA?5?$AAy?$AAy?$AAy?$AAy?$AA?$AA@ 0000000180002d30     libucrt:nlsdata.obj
 0001:00001d58       ??_C@_1BC@GDGBMEMK@?$AAH?$AAH?$AA?3?$AAm?$AAm?$AA?3?$AAs?$AAs?$AA?$AA@ 0000000180002d58     libucrt:nlsdata.obj
 0001:00001d70       ??_C@_1M@BMHNFIME@?$AAe?$AAn?$AA?9?$AAU?$AAS?$AA?$AA@ 0000000180002d70     libucrt:nlsdata.obj
 0001:00001d80       __newctype                 0000000180002d80     libucrt:ctype.obj
 0001:00002080       __newclmap                 0000000180003080     libucrt:ctype.obj
 0001:00002200       __newcumap                 0000000180003200     libucrt:ctype.obj
 0001:000031c0       ??_C@_15EMKDOKLE@?$AAa?$AAr?$AA?$AA@ 00000001800041c0     libucrt:lcidtoname_downlevel.obj
 0001:000031c8       ??_C@_15KNPADPLH@?$AAb?$AAg?$AA?$AA@ 00000001800041c8     libucrt:lcidtoname_downlevel.obj
 0001:000031d0       ??_C@_15EDMHLDMO@?$AAc?$AAa?$AA?$AA@ 00000001800041d0     libucrt:lcidtoname_downlevel.obj
 0001:000031d8       ??_C@_1O@BPEAJADD@?$AAz?$AAh?$AA?9?$AAC?$AAH?$AAS?$AA?$AA@ 00000001800041d8     libucrt:lcidtoname_downlevel.obj
 0001:000031e8       ??_C@_15LJNHCMNK@?$AAc?$AAs?$AA?$AA@ 00000001800041e8     libucrt:lcidtoname_downlevel.obj
 0001:000031f0       ??_C@_15FOMCIDHG@?$AAd?$AAa?$AA?$AA@ 00000001800041f0     libucrt:lcidtoname_downlevel.obj
 0001:000031f8       ??_C@_15NBKABECB@?$AAd?$AAe?$AA?$AA@ 00000001800041f8     libucrt:lcidtoname_downlevel.obj
 0001:00003200       ??_C@_15GHPEIIAO@?$AAe?$AAl?$AA?$AA@ 0000000180004200     libucrt:lcidtoname_downlevel.obj
 0001:00003208       ??_C@_15MNPNEAIF@?$AAe?$AAn?$AA?$AA@ 0000000180004208     libucrt:lcidtoname_downlevel.obj
 0001:00003210       ??_C@_15GPIOMPMH@?$AAe?$AAs?$AA?$AA@ 0000000180004210     libucrt:lcidtoname_downlevel.obj
 0001:00003218       ??_C@_15NGLOAKJC@?$AAf?$AAi?$AA?$AA@ 0000000180004218     libucrt:lcidtoname_downlevel.obj
 0001:00003220       ??_C@_15FBKGNKAM@?$AAf?$AAr?$AA?$AA@ 0000000180004220     libucrt:lcidtoname_downlevel.obj
 0001:00003228       ??_C@_15KGGCNEFK@?$AAh?$AAe?$AA?$AA@ 0000000180004228     libucrt:lcidtoname_downlevel.obj
 0001:00003230       ??_C@_15PGHLIDMF@?$AAh?$AAu?$AA?$AA@ 0000000180004230     libucrt:lcidtoname_downlevel.obj
 0001:00003238       ??_C@_15BIEMAPLM@?$AAi?$AAs?$AA?$AA@ 0000000180004238     libucrt:lcidtoname_downlevel.obj
 0001:00003240       ??_C@_15IFJLDHAF@?$AAi?$AAt?$AA?$AA@ 0000000180004240     libucrt:lcidtoname_downlevel.obj
 0001:00003248       ??_C@_15GEMIOCAG@?$AAj?$AAa?$AA?$AA@ 0000000180004248     libucrt:lcidtoname_downlevel.obj
 0001:00003250       ??_C@_15EPELEGJA@?$AAk?$AAo?$AA?$AA@ 0000000180004250     libucrt:lcidtoname_downlevel.obj
 0001:00003258       ??_C@_15NDDHIMN@?$AAn?$AAl?$AA?$AA@ 0000000180004258     libucrt:lcidtoname_downlevel.obj
 0001:00003260       ??_C@_15BPIGNHCD@?$AAn?$AAo?$AA?$AA@ 0000000180004260     libucrt:lcidtoname_downlevel.obj
 0001:00003268       ??_C@_15DEOPBLCG@?$AAp?$AAl?$AA?$AA@ 0000000180004268     libucrt:lcidtoname_downlevel.obj
 0001:00003270       ??_C@_15KBECGEFG@?$AAp?$AAt?$AA?$AA@ 0000000180004270     libucrt:lcidtoname_downlevel.obj
 0001:00003278       ??_C@_15GLJCBFMD@?$AAr?$AAo?$AA?$AA@ 0000000180004278     libucrt:lcidtoname_downlevel.obj
 0001:00003280       ??_C@_15FEDGKCDI@?$AAr?$AAu?$AA?$AA@ 0000000180004280     libucrt:lcidtoname_downlevel.obj
 0001:00003288       ??_C@_15GLKMLLHM@?$AAh?$AAr?$AA?$AA@ 0000000180004288     libucrt:lcidtoname_downlevel.obj
 0001:00003290       ??_C@_15CPKMFBDB@?$AAs?$AAk?$AA?$AA@ 0000000180004290     libucrt:lcidtoname_downlevel.obj
 0001:00003298       ??_C@_15BAAIOGMK@?$AAs?$AAq?$AA?$AA@ 0000000180004298     libucrt:lcidtoname_downlevel.obj
 0001:000032a0       ??_C@_15INNPNOHD@?$AAs?$AAv?$AA?$AA@ 00000001800042a0     libucrt:lcidtoname_downlevel.obj
 0001:000032a8       ??_C@_15CABMMOGH@?$AAt?$AAh?$AA?$AA@ 00000001800042a8     libucrt:lcidtoname_downlevel.obj
 0001:000032b0       ??_C@_15BPLIHJJM@?$AAt?$AAr?$AA?$AA@ 00000001800042b0     libucrt:lcidtoname_downlevel.obj
 0001:000032b8       ??_C@_15NEOEKKDJ@?$AAu?$AAr?$AA?$AA@ 00000001800042b8     libucrt:lcidtoname_downlevel.obj
 0001:000032c0       ??_C@_15NFICGAJK@?$AAi?$AAd?$AA?$AA@ 00000001800042c0     libucrt:lcidtoname_downlevel.obj
 0001:000032c8       ??_C@_15PJPFLCCM@?$AAu?$AAk?$AA?$AA@ 00000001800042c8     libucrt:lcidtoname_downlevel.obj
 0001:000032d0       ??_C@_15HPJPHDM@?$AAb?$AAe?$AA?$AA@ 00000001800042d0     libucrt:lcidtoname_downlevel.obj
 0001:000032d8       ??_C@_15LCHLGJII@?$AAs?$AAl?$AA?$AA@ 00000001800042d8     libucrt:lcidtoname_downlevel.obj
 0001:000032e0       ??_C@_15PCFJPHHO@?$AAe?$AAt?$AA?$AA@ 00000001800042e0     libucrt:lcidtoname_downlevel.obj
 0001:000032e8       ??_C@_15HPFPGODN@?$AAl?$AAv?$AA?$AA@ 00000001800042e8     libucrt:lcidtoname_downlevel.obj
 0001:000032f0       ??_C@_15NFFGKGLG@?$AAl?$AAt?$AA?$AA@ 00000001800042f0     libucrt:lcidtoname_downlevel.obj
 0001:000032f8       ??_C@_15BDAKCCHN@?$AAf?$AAa?$AA?$AA@ 00000001800042f8     libucrt:lcidtoname_downlevel.obj
 0001:00003300       ??_C@_15NFGIAIAJ@?$AAv?$AAi?$AA?$AA@ 0000000180004300     libucrt:lcidtoname_downlevel.obj
 0001:00003308       ??_C@_15LMKNDMHN@?$AAh?$AAy?$AA?$AA@ 0000000180004308     libucrt:lcidtoname_downlevel.obj
 0001:00003310       ??_C@_15IJBHMCFL@?$AAa?$AAz?$AA?$AA@ 0000000180004310     libucrt:lcidtoname_downlevel.obj
 0001:00003318       ??_C@_15EKOFJABL@?$AAe?$AAu?$AA?$AA@ 0000000180004318     libucrt:lcidtoname_downlevel.obj
 0001:00003320       ??_C@_15BGHADCNK@?$AAm?$AAk?$AA?$AA@ 0000000180004320     libucrt:lcidtoname_downlevel.obj
 0001:00003328       ??_C@_15JDNICKHM@?$AAa?$AAf?$AA?$AA@ 0000000180004328     libucrt:lcidtoname_downlevel.obj
 0001:00003330       ??_C@_15KPJEDBKD@?$AAk?$AAa?$AA?$AA@ 0000000180004330     libucrt:lcidtoname_downlevel.obj
 0001:00003338       ??_C@_15PDNFFFEO@?$AAf?$AAo?$AA?$AA@ 0000000180004338     libucrt:lcidtoname_downlevel.obj
 0001:00003340       ??_C@_15OMLEGLOC@?$AAh?$AAi?$AA?$AA@ 0000000180004340     libucrt:lcidtoname_downlevel.obj
 0001:00003348       ??_C@_15IDNNENKK@?$AAm?$AAs?$AA?$AA@ 0000000180004348     libucrt:lcidtoname_downlevel.obj
 0001:00003350       ??_C@_15MACJNBMH@?$AAk?$AAk?$AA?$AA@ 0000000180004350     libucrt:lcidtoname_downlevel.obj
 0001:00003358       ??_C@_15DKDJEOND@?$AAk?$AAy?$AA?$AA@ 0000000180004358     libucrt:lcidtoname_downlevel.obj
 0001:00003360       ??_C@_15DFGDLJBG@?$AAs?$AAw?$AA?$AA@ 0000000180004360     libucrt:lcidtoname_downlevel.obj
 0001:00003368       ??_C@_15BBFAICNG@?$AAu?$AAz?$AA?$AA@ 0000000180004368     libucrt:lcidtoname_downlevel.obj
 0001:00003370       ??_C@_15DKNDCGEA@?$AAt?$AAt?$AA?$AA@ 0000000180004370     libucrt:lcidtoname_downlevel.obj
 0001:00003378       ??_C@_15MGIFMDPL@?$AAp?$AAa?$AA?$AA@ 0000000180004378     libucrt:lcidtoname_downlevel.obj
 0001:00003380       ??_C@_15HCNDBBA@?$AAg?$AAu?$AA?$AA@ 0000000180004380     libucrt:lcidtoname_downlevel.obj
 0001:00003388       ??_C@_15FNBEIBON@?$AAt?$AAa?$AA?$AA@ 0000000180004388     libucrt:lcidtoname_downlevel.obj
 0001:00003390       ??_C@_15NCHGBGLK@?$AAt?$AAe?$AA?$AA@ 0000000180004390     libucrt:lcidtoname_downlevel.obj
 0001:00003398       ??_C@_15PHPHCBPF@?$AAk?$AAn?$AA?$AA@ 0000000180004398     libucrt:lcidtoname_downlevel.obj
 0001:000033a0       ??_C@_15DLGBCKMP@?$AAm?$AAr?$AA?$AA@ 00000001800043a0     libucrt:lcidtoname_downlevel.obj
 0001:000033a8       ??_C@_15EABBLBFF@?$AAs?$AAa?$AA?$AA@ 00000001800043a8     libucrt:lcidtoname_downlevel.obj
 0001:000033b0       ??_C@_15CBKOMCOI@?$AAm?$AAn?$AA?$AA@ 00000001800043b0     libucrt:lcidtoname_downlevel.obj
 0001:000033b8       ??_C@_15CKDMCJAF@?$AAg?$AAl?$AA?$AA@ 00000001800043b8     libucrt:lcidtoname_downlevel.obj
 0001:000033c0       ??_C@_17CNJFBPG@?$AAk?$AAo?$AAk?$AA?$AA@ 00000001800043c0     libucrt:lcidtoname_downlevel.obj
 0001:000033c8       ??_C@_17FFBJICPL@?$AAs?$AAy?$AAr?$AA?$AA@ 00000001800043c8     libucrt:lcidtoname_downlevel.obj
 0001:000033d0       ??_C@_17KPNDCPAF@?$AAd?$AAi?$AAv?$AA?$AA@ 00000001800043d0     libucrt:lcidtoname_downlevel.obj
 0001:000033d8       ??_C@_1M@OKAHONE@?$AAa?$AAr?$AA?9?$AAS?$AAA?$AA?$AA@ 00000001800043d8     libucrt:lcidtoname_downlevel.obj
 0001:000033e8       ??_C@_1M@FFFIGIGK@?$AAb?$AAg?$AA?9?$AAB?$AAG?$AA?$AA@ 00000001800043e8     libucrt:lcidtoname_downlevel.obj
 0001:000033f8       ??_C@_1M@BJNKEDC@?$AAc?$AAa?$AA?9?$AAE?$AAS?$AA?$AA@ 00000001800043f8     libucrt:lcidtoname_downlevel.obj
 0001:00003408       ??_C@_1M@IJJHFJHA@?$AAc?$AAs?$AA?9?$AAC?$AAZ?$AA?$AA@ 0000000180004408     libucrt:lcidtoname_downlevel.obj
 0001:00003418       ??_C@_1M@CLPEOBGI@?$AAd?$AAa?$AA?9?$AAD?$AAK?$AA?$AA@ 0000000180004418     libucrt:lcidtoname_downlevel.obj
 0001:00003428       ??_C@_1M@MCMADGCB@?$AAd?$AAe?$AA?9?$AAD?$AAE?$AA?$AA@ 0000000180004428     libucrt:lcidtoname_downlevel.obj
 0001:00003438       ??_C@_1M@OOCKEMAM@?$AAe?$AAl?$AA?9?$AAG?$AAR?$AA?$AA@ 0000000180004438     libucrt:lcidtoname_downlevel.obj
 0001:00003448       ??_C@_1M@DDNJFGID@?$AAf?$AAi?$AA?9?$AAF?$AAI?$AA?$AA@ 0000000180004448     libucrt:lcidtoname_downlevel.obj
 0001:00003458       ??_C@_1M@GLIPPMAC@?$AAf?$AAr?$AA?9?$AAF?$AAR?$AA?$AA@ 0000000180004458     libucrt:lcidtoname_downlevel.obj
 0001:00003468       ??_C@_1M@GFMCHPE@?$AAh?$AAe?$AA?9?$AAI?$AAL?$AA?$AA@ 0000000180004468     libucrt:lcidtoname_downlevel.obj
 0001:00003478       ??_C@_1M@MHLPGNKM@?$AAh?$AAu?$AA?9?$AAH?$AAU?$AA?$AA@ 0000000180004478     libucrt:lcidtoname_downlevel.obj
 0001:00003488       ??_C@_1M@LPDDNNPN@?$AAi?$AAs?$AA?9?$AAI?$AAS?$AA?$AA@ 0000000180004488     libucrt:lcidtoname_downlevel.obj
 0001:00003498       ??_C@_1M@MADIPODN@?$AAi?$AAt?$AA?9?$AAI?$AAT?$AA?$AA@ 0000000180004498     libucrt:lcidtoname_downlevel.obj
 0001:000034a8       ??_C@_1M@IHBJJGG@?$AAn?$AAl?$AA?9?$AAN?$AAL?$AA?$AA@ 00000001800044a8     libucrt:lcidtoname_downlevel.obj
 0001:000034b8       ??_C@_1M@EANAGDL@?$AAn?$AAb?$AA?9?$AAN?$AAO?$AA?$AA@ 00000001800044b8     libucrt:lcidtoname_downlevel.obj
 0001:000034c8       ??_C@_1M@NEIEMEGP@?$AAp?$AAl?$AA?9?$AAP?$AAL?$AA?$AA@ 00000001800044c8     libucrt:lcidtoname_downlevel.obj
 0001:000034d8       ??_C@_1M@BOCFIGEP@?$AAp?$AAt?$AA?9?$AAB?$AAR?$AA?$AA@ 00000001800044d8     libucrt:lcidtoname_downlevel.obj
 0001:000034e8       ??_C@_1M@IMPFOPBG@?$AAr?$AAo?$AA?9?$AAR?$AAO?$AA?$AA@ 00000001800044e8     libucrt:lcidtoname_downlevel.obj
 0001:000034f8       ??_C@_1M@IDNNEJMM@?$AAr?$AAu?$AA?9?$AAR?$AAU?$AA?$AA@ 00000001800044f8     libucrt:lcidtoname_downlevel.obj
 0001:00003508       ??_C@_1M@LILEEOGM@?$AAh?$AAr?$AA?9?$AAH?$AAR?$AA?$AA@ 0000000180004508     libucrt:lcidtoname_downlevel.obj
 0001:00003518       ??_C@_1M@FKIFEHPB@?$AAs?$AAk?$AA?9?$AAS?$AAK?$AA?$AA@ 0000000180004518     libucrt:lcidtoname_downlevel.obj
 0001:00003528       ??_C@_1M@LJMAMNPJ@?$AAs?$AAq?$AA?9?$AAA?$AAL?$AA?$AA@ 0000000180004528     libucrt:lcidtoname_downlevel.obj
 0001:00003538       ??_C@_1M@GIAKDKJK@?$AAs?$AAv?$AA?9?$AAS?$AAE?$AA?$AA@ 0000000180004538     libucrt:lcidtoname_downlevel.obj
 0001:00003548       ??_C@_1M@MKJKIKCL@?$AAt?$AAh?$AA?9?$AAT?$AAH?$AA?$AA@ 0000000180004548     libucrt:lcidtoname_downlevel.obj
 0001:00003558       ??_C@_1M@MFLCCMPB@?$AAt?$AAr?$AA?9?$AAT?$AAR?$AA?$AA@ 0000000180004558     libucrt:lcidtoname_downlevel.obj
 0001:00003568       ??_C@_1M@OIJHDKJN@?$AAu?$AAr?$AA?9?$AAP?$AAK?$AA?$AA@ 0000000180004568     libucrt:lcidtoname_downlevel.obj
 0001:00003578       ??_C@_1M@LHIPCIEK@?$AAi?$AAd?$AA?9?$AAI?$AAD?$AA?$AA@ 0000000180004578     libucrt:lcidtoname_downlevel.obj
 0001:00003588       ??_C@_1M@MFMOBGI@?$AAu?$AAk?$AA?9?$AAU?$AAA?$AA?$AA@ 0000000180004588     libucrt:lcidtoname_downlevel.obj
 0001:00003598       ??_C@_1M@OBGLJIPL@?$AAb?$AAe?$AA?9?$AAB?$AAY?$AA?$AA@ 0000000180004598     libucrt:lcidtoname_downlevel.obj
 0001:000035a8       ??_C@_1M@BCFAJEAD@?$AAs?$AAl?$AA?9?$AAS?$AAI?$AA?$AA@ 00000001800045a8     libucrt:lcidtoname_downlevel.obj
 0001:000035b8       ??_C@_1M@FKFFEDDN@?$AAe?$AAt?$AA?9?$AAE?$AAE?$AA?$AA@ 00000001800045b8     libucrt:lcidtoname_downlevel.obj
 0001:000035c8       ??_C@_1M@KGKKAACI@?$AAl?$AAv?$AA?9?$AAL?$AAV?$AA?$AA@ 00000001800045c8     libucrt:lcidtoname_downlevel.obj
 0001:000035d8       ??_C@_1M@IFGBIJO@?$AAl?$AAt?$AA?9?$AAL?$AAT?$AA?$AA@ 00000001800045d8     libucrt:lcidtoname_downlevel.obj
 0001:000035e8       ??_C@_1M@FGEAHEDM@?$AAf?$AAa?$AA?9?$AAI?$AAR?$AA?$AA@ 00000001800045e8     libucrt:lcidtoname_downlevel.obj
 0001:000035f8       ??_C@_1M@KBMAIBFN@?$AAv?$AAi?$AA?9?$AAV?$AAN?$AA?$AA@ 00000001800045f8     libucrt:lcidtoname_downlevel.obj
 0001:00003608       ??_C@_1M@GPCBKDJK@?$AAh?$AAy?$AA?9?$AAA?$AAM?$AA?$AA@ 0000000180004608     libucrt:lcidtoname_downlevel.obj
 0001:00003618       ??_C@_1BG@BECMDDJB@?$AAa?$AAz?$AA?9?$AAA?$AAZ?$AA?9?$AAL?$AAa?$AAt?$AAn?$AA?$AA@ 0000000180004618     libucrt:lcidtoname_downlevel.obj
 0001:00003630       ??_C@_1M@MAOFCAEA@?$AAe?$AAu?$AA?9?$AAE?$AAS?$AA?$AA@ 0000000180004630     libucrt:lcidtoname_downlevel.obj
 0001:00003640       ??_C@_1M@IGHABKPI@?$AAm?$AAk?$AA?9?$AAM?$AAK?$AA?$AA@ 0000000180004640     libucrt:lcidtoname_downlevel.obj
 0001:00003650       ??_C@_1M@IAIGNEJG@?$AAt?$AAn?$AA?9?$AAZ?$AAA?$AA?$AA@ 0000000180004650     libucrt:lcidtoname_downlevel.obj
 0001:00003660       ??_C@_1M@IIJCOJFA@?$AAx?$AAh?$AA?9?$AAZ?$AAA?$AA?$AA@ 0000000180004660     libucrt:lcidtoname_downlevel.obj
 0001:00003670       ??_C@_1M@LGPJHNJH@?$AAz?$AAu?$AA?9?$AAZ?$AAA?$AA?$AA@ 0000000180004670     libucrt:lcidtoname_downlevel.obj
 0001:00003680       ??_C@_1M@HOKAOIO@?$AAa?$AAf?$AA?9?$AAZ?$AAA?$AA?$AA@ 0000000180004680     libucrt:lcidtoname_downlevel.obj
 0001:00003690       ??_C@_1M@DPCLHLIE@?$AAk?$AAa?$AA?9?$AAG?$AAE?$AA?$AA@ 0000000180004690     libucrt:lcidtoname_downlevel.obj
 0001:000036a0       ??_C@_1M@BLKMHJBI@?$AAf?$AAo?$AA?9?$AAF?$AAO?$AA?$AA@ 00000001800046a0     libucrt:lcidtoname_downlevel.obj
 0001:000036b0       ??_C@_1M@LGGJAPPB@?$AAh?$AAi?$AA?9?$AAI?$AAN?$AA?$AA@ 00000001800046b0     libucrt:lcidtoname_downlevel.obj
 0001:000036c0       ??_C@_1M@FIKPIHFE@?$AAm?$AAt?$AA?9?$AAM?$AAT?$AA?$AA@ 00000001800046c0     libucrt:lcidtoname_downlevel.obj
 0001:000036d0       ??_C@_1M@HEGGPBFA@?$AAs?$AAe?$AA?9?$AAN?$AAO?$AA?$AA@ 00000001800046d0     libucrt:lcidtoname_downlevel.obj
 0001:000036e0       ??_C@_1M@EIBJEEPA@?$AAm?$AAs?$AA?9?$AAM?$AAY?$AA?$AA@ 00000001800046e0     libucrt:lcidtoname_downlevel.obj
 0001:000036f0       ??_C@_1M@FHLBGMPP@?$AAk?$AAk?$AA?9?$AAK?$AAZ?$AA?$AA@ 00000001800046f0     libucrt:lcidtoname_downlevel.obj
 0001:00003700       ??_C@_1M@NGJJLCGI@?$AAk?$AAy?$AA?9?$AAK?$AAG?$AA?$AA@ 0000000180004700     libucrt:lcidtoname_downlevel.obj
 0001:00003710       ??_C@_1M@GIENNBFC@?$AAs?$AAw?$AA?9?$AAK?$AAE?$AA?$AA@ 0000000180004710     libucrt:lcidtoname_downlevel.obj
 0001:00003720       ??_C@_1BG@NDGMJIMJ@?$AAu?$AAz?$AA?9?$AAU?$AAZ?$AA?9?$AAL?$AAa?$AAt?$AAn?$AA?$AA@ 0000000180004720     libucrt:lcidtoname_downlevel.obj
 0001:00003738       ??_C@_1M@IDCCIHBC@?$AAt?$AAt?$AA?9?$AAR?$AAU?$AA?$AA@ 0000000180004738     libucrt:lcidtoname_downlevel.obj
 0001:00003748       ??_C@_1M@LOICPMOJ@?$AAb?$AAn?$AA?9?$AAI?$AAN?$AA?$AA@ 0000000180004748     libucrt:lcidtoname_downlevel.obj
 0001:00003758       ??_C@_1M@KPKKNEAH@?$AAp?$AAa?$AA?9?$AAI?$AAN?$AA?$AA@ 0000000180004758     libucrt:lcidtoname_downlevel.obj
 0001:00003768       ??_C@_1M@PJGPPBOG@?$AAg?$AAu?$AA?9?$AAI?$AAN?$AA?$AA@ 0000000180004768     libucrt:lcidtoname_downlevel.obj
 0001:00003778       ??_C@_1M@KMKMOPHI@?$AAt?$AAa?$AA?9?$AAI?$AAN?$AA?$AA@ 0000000180004778     libucrt:lcidtoname_downlevel.obj
 0001:00003788       ??_C@_1M@KFEHEPAC@?$AAt?$AAe?$AA?9?$AAI?$AAN?$AA?$AA@ 0000000180004788     libucrt:lcidtoname_downlevel.obj
 0001:00003798       ??_C@_1M@CDCLMGHI@?$AAk?$AAn?$AA?9?$AAI?$AAN?$AA?$AA@ 0000000180004798     libucrt:lcidtoname_downlevel.obj
 0001:000037a8       ??_C@_1M@MIODLDKF@?$AAm?$AAl?$AA?9?$AAI?$AAN?$AA?$AA@ 00000001800047a8     libucrt:lcidtoname_downlevel.obj
 0001:000037b8       ??_C@_1M@PBIEACPO@?$AAm?$AAr?$AA?9?$AAI?$AAN?$AA?$AA@ 00000001800047b8     libucrt:lcidtoname_downlevel.obj
 0001:000037c8       ??_C@_1M@NIDEAGPH@?$AAs?$AAa?$AA?9?$AAI?$AAN?$AA?$AA@ 00000001800047c8     libucrt:lcidtoname_downlevel.obj
 0001:000037d8       ??_C@_1M@FHIHCBIO@?$AAm?$AAn?$AA?9?$AAM?$AAN?$AA?$AA@ 00000001800047d8     libucrt:lcidtoname_downlevel.obj
 0001:000037e8       ??_C@_1M@JAIJPENP@?$AAc?$AAy?$AA?9?$AAG?$AAB?$AA?$AA@ 00000001800047e8     libucrt:lcidtoname_downlevel.obj
 0001:000037f8       ??_C@_1M@PHGFBEPN@?$AAg?$AAl?$AA?9?$AAE?$AAS?$AA?$AA@ 00000001800047f8     libucrt:lcidtoname_downlevel.obj
 0001:00003808       ??_C@_1O@KPIPDNCP@?$AAk?$AAo?$AAk?$AA?9?$AAI?$AAN?$AA?$AA@ 0000000180004808     libucrt:lcidtoname_downlevel.obj
 0001:00003818       ??_C@_1O@KNHJLDJA@?$AAs?$AAy?$AAr?$AA?9?$AAS?$AAY?$AA?$AA@ 0000000180004818     libucrt:lcidtoname_downlevel.obj
 0001:00003828       ??_C@_1O@MKEKBLAH@?$AAd?$AAi?$AAv?$AA?9?$AAM?$AAV?$AA?$AA@ 0000000180004828     libucrt:lcidtoname_downlevel.obj
 0001:00003838       ??_C@_1O@OHDCKDDF@?$AAq?$AAu?$AAz?$AA?9?$AAB?$AAO?$AA?$AA@ 0000000180004838     libucrt:lcidtoname_downlevel.obj
 0001:00003848       ??_C@_1M@LEPJNLFD@?$AAn?$AAs?$AA?9?$AAZ?$AAA?$AA?$AA@ 0000000180004848     libucrt:lcidtoname_downlevel.obj
 0001:00003858       ??_C@_1M@OMLEIIJB@?$AAm?$AAi?$AA?9?$AAN?$AAZ?$AA?$AA@ 0000000180004858     libucrt:lcidtoname_downlevel.obj
 0001:00003868       ??_C@_1M@PMPEAILG@?$AAa?$AAr?$AA?9?$AAI?$AAQ?$AA?$AA@ 0000000180004868     libucrt:lcidtoname_downlevel.obj
 0001:00003878       ??_C@_1M@CNKPNOEE@?$AAd?$AAe?$AA?9?$AAC?$AAH?$AA?$AA@ 0000000180004878     libucrt:lcidtoname_downlevel.obj
 0001:00003888       ??_C@_1M@LKMGMLKO@?$AAe?$AAn?$AA?9?$AAG?$AAB?$AA?$AA@ 0000000180004888     libucrt:lcidtoname_downlevel.obj
 0001:00003898       ??_C@_1M@PGKJFFGL@?$AAe?$AAs?$AA?9?$AAM?$AAX?$AA?$AA@ 0000000180004898     libucrt:lcidtoname_downlevel.obj
 0001:000038a8       ??_C@_1M@DNNANBDC@?$AAf?$AAr?$AA?9?$AAB?$AAE?$AA?$AA@ 00000001800048a8     libucrt:lcidtoname_downlevel.obj
 0001:000038b8       ??_C@_1M@HLGMDFHM@?$AAi?$AAt?$AA?9?$AAC?$AAH?$AA?$AA@ 00000001800048b8     libucrt:lcidtoname_downlevel.obj
 0001:000038c8       ??_C@_1M@CLLBGJH@?$AAn?$AAl?$AA?9?$AAB?$AAE?$AA?$AA@ 00000001800048c8     libucrt:lcidtoname_downlevel.obj
 0001:000038d8       ??_C@_1M@BODBOGLF@?$AAn?$AAn?$AA?9?$AAN?$AAO?$AA?$AA@ 00000001800048d8     libucrt:lcidtoname_downlevel.obj
 0001:000038e8       ??_C@_1M@HFFAHKAD@?$AAp?$AAt?$AA?9?$AAP?$AAT?$AA?$AA@ 00000001800048e8     libucrt:lcidtoname_downlevel.obj
 0001:000038f8       ??_C@_1BG@LNOAKHIE@?$AAs?$AAr?$AA?9?$AAS?$AAP?$AA?9?$AAL?$AAa?$AAt?$AAn?$AA?$AA@ 00000001800048f8     libucrt:lcidtoname_downlevel.obj
 0001:00003910       ??_C@_1M@HBMHBGAK@?$AAs?$AAv?$AA?9?$AAF?$AAI?$AA?$AA@ 0000000180004910     libucrt:lcidtoname_downlevel.obj
 0001:00003920       ??_C@_1BG@DGCJGJBE@?$AAa?$AAz?$AA?9?$AAA?$AAZ?$AA?9?$AAC?$AAy?$AAr?$AAl?$AA?$AA@ 0000000180004920     libucrt:lcidtoname_downlevel.obj
 0001:00003938       ??_C@_1M@KEJDAAHB@?$AAs?$AAe?$AA?9?$AAS?$AAE?$AA?$AA@ 0000000180004938     libucrt:lcidtoname_downlevel.obj
 0001:00003948       ??_C@_1M@HEIBJJAD@?$AAm?$AAs?$AA?9?$AAB?$AAN?$AA?$AA@ 0000000180004948     libucrt:lcidtoname_downlevel.obj
 0001:00003958       ??_C@_1BG@PBGJMCEM@?$AAu?$AAz?$AA?9?$AAU?$AAZ?$AA?9?$AAC?$AAy?$AAr?$AAl?$AA?$AA@ 0000000180004958     libucrt:lcidtoname_downlevel.obj
 0001:00003970       ??_C@_1O@LAOBCMDF@?$AAq?$AAu?$AAz?$AA?9?$AAE?$AAC?$AA?$AA@ 0000000180004970     libucrt:lcidtoname_downlevel.obj
 0001:00003980       ??_C@_1M@POEEMAIO@?$AAa?$AAr?$AA?9?$AAE?$AAG?$AA?$AA@ 0000000180004980     libucrt:lcidtoname_downlevel.obj
 0001:00003990       ??_C@_1M@EFAKDEDL@?$AAz?$AAh?$AA?9?$AAH?$AAK?$AA?$AA@ 0000000180004990     libucrt:lcidtoname_downlevel.obj
 0001:000039a0       ??_C@_1M@HKKIJHGI@?$AAd?$AAe?$AA?9?$AAA?$AAT?$AA?$AA@ 00000001800049a0     libucrt:lcidtoname_downlevel.obj
 0001:000039b0       ??_C@_1M@KBFBEHJF@?$AAe?$AAn?$AA?9?$AAA?$AAU?$AA?$AA@ 00000001800049b0     libucrt:lcidtoname_downlevel.obj
 0001:000039c0       ??_C@_1M@MNPLFAAH@?$AAe?$AAs?$AA?9?$AAE?$AAS?$AA?$AA@ 00000001800049c0     libucrt:lcidtoname_downlevel.obj
 0001:000039d0       ??_C@_1M@HJOOJFMA@?$AAf?$AAr?$AA?9?$AAC?$AAA?$AA?$AA@ 00000001800049d0     libucrt:lcidtoname_downlevel.obj
 0001:000039e0       ??_C@_1BG@JPOFPNAB@?$AAs?$AAr?$AA?9?$AAS?$AAP?$AA?9?$AAC?$AAy?$AAr?$AAl?$AA?$AA@ 00000001800049e0     libucrt:lcidtoname_downlevel.obj
 0001:000039f8       ??_C@_1M@LNFOCMOB@?$AAs?$AAe?$AA?9?$AAF?$AAI?$AA?$AA@ 00000001800049f8     libucrt:lcidtoname_downlevel.obj
 0001:00003a08       ??_C@_1O@MGJBOAMB@?$AAq?$AAu?$AAz?$AA?9?$AAP?$AAE?$AA?$AA@ 0000000180004a08     libucrt:lcidtoname_downlevel.obj
 0001:00003a18       ??_C@_1M@GJINLBOK@?$AAa?$AAr?$AA?9?$AAL?$AAY?$AA?$AA@ 0000000180004a18     libucrt:lcidtoname_downlevel.obj
 0001:00003a28       ??_C@_1M@GGMNHJNL@?$AAz?$AAh?$AA?9?$AAS?$AAG?$AA?$AA@ 0000000180004a28     libucrt:lcidtoname_downlevel.obj
 0001:00003a38       ??_C@_1M@HOIKODND@?$AAd?$AAe?$AA?9?$AAL?$AAU?$AA?$AA@ 0000000180004a38     libucrt:lcidtoname_downlevel.obj
 0001:00003a48       ??_C@_1M@DDOCCGFG@?$AAe?$AAn?$AA?9?$AAC?$AAA?$AA?$AA@ 0000000180004a48     libucrt:lcidtoname_downlevel.obj
 0001:00003a58       ??_C@_1M@BNOEMJLF@?$AAe?$AAs?$AA?9?$AAG?$AAT?$AA?$AA@ 0000000180004a58     libucrt:lcidtoname_downlevel.obj
 0001:00003a68       ??_C@_1M@EOGNKEK@?$AAf?$AAr?$AA?9?$AAC?$AAH?$AA?$AA@ 0000000180004a68     libucrt:lcidtoname_downlevel.obj
 0001:00003a78       ??_C@_1M@FLIDJFHL@?$AAh?$AAr?$AA?9?$AAB?$AAA?$AA?$AA@ 0000000180004a78     libucrt:lcidtoname_downlevel.obj
 0001:00003a88       ??_C@_1O@FMCELNAJ@?$AAs?$AAm?$AAj?$AA?9?$AAN?$AAO?$AA?$AA@ 0000000180004a88     libucrt:lcidtoname_downlevel.obj
 0001:00003a98       ??_C@_1M@JHGLJMGJ@?$AAa?$AAr?$AA?9?$AAD?$AAZ?$AA?$AA@ 0000000180004a98     libucrt:lcidtoname_downlevel.obj
 0001:00003aa8       ??_C@_1M@JKKFDCNP@?$AAz?$AAh?$AA?9?$AAM?$AAO?$AA?$AA@ 0000000180004aa8     libucrt:lcidtoname_downlevel.obj
 0001:00003ab8       ??_C@_1M@GEEFALPE@?$AAd?$AAe?$AA?9?$AAL?$AAI?$AA?$AA@ 0000000180004ab8     libucrt:lcidtoname_downlevel.obj
 0001:00003ac8       ??_C@_1M@IGEOFBG@?$AAe?$AAn?$AA?9?$AAN?$AAZ?$AA?$AA@ 0000000180004ac8     libucrt:lcidtoname_downlevel.obj
 0001:00003ad8       ??_C@_1M@KDBONEHP@?$AAe?$AAs?$AA?9?$AAC?$AAR?$AA?$AA@ 0000000180004ad8     libucrt:lcidtoname_downlevel.obj
 0001:00003ae8       ??_C@_1M@FHMDOHNN@?$AAf?$AAr?$AA?9?$AAL?$AAU?$AA?$AA@ 0000000180004ae8     libucrt:lcidtoname_downlevel.obj
 0001:00003af8       ??_C@_1BG@NFKKMAFG@?$AAb?$AAs?$AA?9?$AAB?$AAA?$AA?9?$AAL?$AAa?$AAt?$AAn?$AA?$AA@ 0000000180004af8     libucrt:lcidtoname_downlevel.obj
 0001:00003b10       ??_C@_1O@IMNBEMCI@?$AAs?$AAm?$AAj?$AA?9?$AAS?$AAE?$AA?$AA@ 0000000180004b10     libucrt:lcidtoname_downlevel.obj
 0001:00003b20       ??_C@_1M@DHHMBNDP@?$AAa?$AAr?$AA?9?$AAM?$AAA?$AA?$AA@ 0000000180004b20     libucrt:lcidtoname_downlevel.obj
 0001:00003b30       ??_C@_1M@BNBLJCGH@?$AAe?$AAn?$AA?9?$AAI?$AAE?$AA?$AA@ 0000000180004b30     libucrt:lcidtoname_downlevel.obj
 0001:00003b40       ??_C@_1M@GEPAFMDL@?$AAe?$AAs?$AA?9?$AAP?$AAA?$AA?$AA@ 0000000180004b40     libucrt:lcidtoname_downlevel.obj
 0001:00003b50       ??_C@_1M@OJONDMDL@?$AAf?$AAr?$AA?9?$AAM?$AAC?$AA?$AA@ 0000000180004b50     libucrt:lcidtoname_downlevel.obj
 0001:00003b60       ??_C@_1BG@OBCNFJB@?$AAs?$AAr?$AA?9?$AAB?$AAA?$AA?9?$AAL?$AAa?$AAt?$AAn?$AA?$AA@ 0000000180004b60     libucrt:lcidtoname_downlevel.obj
 0001:00003b78       ??_C@_1O@KEMEEGPO@?$AAs?$AAm?$AAa?$AA?9?$AAN?$AAO?$AA?$AA@ 0000000180004b78     libucrt:lcidtoname_downlevel.obj
 0001:00003b88       ??_C@_1M@ELMGFODK@?$AAa?$AAr?$AA?9?$AAT?$AAN?$AA?$AA@ 0000000180004b88     libucrt:lcidtoname_downlevel.obj
 0001:00003b98       ??_C@_1M@BHDLHFAF@?$AAe?$AAn?$AA?9?$AAZ?$AAA?$AA?$AA@ 0000000180004b98     libucrt:lcidtoname_downlevel.obj
 0001:00003ba8       ??_C@_1M@BMGIGLIF@?$AAe?$AAs?$AA?9?$AAD?$AAO?$AA?$AA@ 0000000180004ba8     libucrt:lcidtoname_downlevel.obj
 0001:00003bb8       ??_C@_1BG@CMBHIPBE@?$AAs?$AAr?$AA?9?$AAB?$AAA?$AA?9?$AAC?$AAy?$AAr?$AAl?$AA?$AA@ 0000000180004bb8     libucrt:lcidtoname_downlevel.obj
 0001:00003bd0       ??_C@_1O@HEDBLHNP@?$AAs?$AAm?$AAa?$AA?9?$AAS?$AAE?$AA?$AA@ 0000000180004bd0     libucrt:lcidtoname_downlevel.obj
 0001:00003be0       ??_C@_1M@DAGCADIM@?$AAa?$AAr?$AA?9?$AAO?$AAM?$AA?$AA@ 0000000180004be0     libucrt:lcidtoname_downlevel.obj
 0001:00003bf0       ??_C@_1M@FODLMICG@?$AAe?$AAn?$AA?9?$AAJ?$AAM?$AA?$AA@ 0000000180004bf0     libucrt:lcidtoname_downlevel.obj
 0001:00003c00       ??_C@_1M@DNMLCIHB@?$AAe?$AAs?$AA?9?$AAV?$AAE?$AA?$AA@ 0000000180004c00     libucrt:lcidtoname_downlevel.obj
 0001:00003c10       ??_C@_1O@EOKHMKJK@?$AAs?$AAm?$AAs?$AA?9?$AAF?$AAI?$AA?$AA@ 0000000180004c10     libucrt:lcidtoname_downlevel.obj
 0001:00003c20       ??_C@_1M@CAFJMKOF@?$AAa?$AAr?$AA?9?$AAY?$AAE?$AA?$AA@ 0000000180004c20     libucrt:lcidtoname_downlevel.obj
 0001:00003c30       ??_C@_1M@CBFHIJLI@?$AAe?$AAn?$AA?9?$AAC?$AAB?$AA?$AA@ 0000000180004c30     libucrt:lcidtoname_downlevel.obj
 0001:00003c40       ??_C@_1M@BGNFLDN@?$AAe?$AAs?$AA?9?$AAC?$AAO?$AA?$AA@ 0000000180004c40     libucrt:lcidtoname_downlevel.obj
 0001:00003c50       ??_C@_1O@JMPHMAMC@?$AAs?$AAm?$AAn?$AA?9?$AAF?$AAI?$AA?$AA@ 0000000180004c50     libucrt:lcidtoname_downlevel.obj
 0001:00003c60       ??_C@_1M@JLANABKE@?$AAa?$AAr?$AA?9?$AAS?$AAY?$AA?$AA@ 0000000180004c60     libucrt:lcidtoname_downlevel.obj
 0001:00003c70       ??_C@_1M@HPKGCFGN@?$AAe?$AAn?$AA?9?$AAB?$AAZ?$AA?$AA@ 0000000180004c70     libucrt:lcidtoname_downlevel.obj
 0001:00003c80       ??_C@_1M@OLJCMLGM@?$AAe?$AAs?$AA?9?$AAP?$AAE?$AA?$AA@ 0000000180004c80     libucrt:lcidtoname_downlevel.obj
 0001:00003c90       ??_C@_1M@MKKGFKLE@?$AAa?$AAr?$AA?9?$AAJ?$AAO?$AA?$AA@ 0000000180004c90     libucrt:lcidtoname_downlevel.obj
 0001:00003ca0       ??_C@_1M@EKPGLDNI@?$AAe?$AAn?$AA?9?$AAT?$AAT?$AA?$AA@ 0000000180004ca0     libucrt:lcidtoname_downlevel.obj
 0001:00003cb0       ??_C@_1M@OONGHFHE@?$AAe?$AAs?$AA?9?$AAA?$AAR?$AA?$AA@ 0000000180004cb0     libucrt:lcidtoname_downlevel.obj
 0001:00003cc0       ??_C@_1M@OOJFGBHE@?$AAa?$AAr?$AA?9?$AAL?$AAB?$AA?$AA@ 0000000180004cc0     libucrt:lcidtoname_downlevel.obj
 0001:00003cd0       ??_C@_1M@GCEJHNEG@?$AAe?$AAn?$AA?9?$AAZ?$AAW?$AA?$AA@ 0000000180004cd0     libucrt:lcidtoname_downlevel.obj
 0001:00003ce0       ??_C@_1M@JNOCAHJI@?$AAe?$AAs?$AA?9?$AAE?$AAC?$AA?$AA@ 0000000180004ce0     libucrt:lcidtoname_downlevel.obj
 0001:00003cf0       ??_C@_1M@JEFHPGGB@?$AAa?$AAr?$AA?9?$AAK?$AAW?$AA?$AA@ 0000000180004cf0     libucrt:lcidtoname_downlevel.obj
 0001:00003d00       ??_C@_1M@MLKIBJOJ@?$AAe?$AAn?$AA?9?$AAP?$AAH?$AA?$AA@ 0000000180004d00     libucrt:lcidtoname_downlevel.obj
 0001:00003d10       ??_C@_1M@BDNIPEND@?$AAe?$AAs?$AA?9?$AAC?$AAL?$AA?$AA@ 0000000180004d10     libucrt:lcidtoname_downlevel.obj
 0001:00003d20       ??_C@_1M@MPNMEKBD@?$AAa?$AAr?$AA?9?$AAA?$AAE?$AA?$AA@ 0000000180004d20     libucrt:lcidtoname_downlevel.obj
 0001:00003d30       ??_C@_1M@KBJALCPI@?$AAe?$AAs?$AA?9?$AAU?$AAY?$AA?$AA@ 0000000180004d30     libucrt:lcidtoname_downlevel.obj
 0001:00003d40       ??_C@_1M@LLCCOAGA@?$AAa?$AAr?$AA?9?$AAB?$AAH?$AA?$AA@ 0000000180004d40     libucrt:lcidtoname_downlevel.obj
 0001:00003d50       ??_C@_1M@PBFNCDEL@?$AAe?$AAs?$AA?9?$AAP?$AAY?$AA?$AA@ 0000000180004d50     libucrt:lcidtoname_downlevel.obj
 0001:00003d60       ??_C@_1M@EDGINPNP@?$AAa?$AAr?$AA?9?$AAQ?$AAA?$AA?$AA@ 0000000180004d60     libucrt:lcidtoname_downlevel.obj
 0001:00003d70       ??_C@_1M@MKDBIIJI@?$AAe?$AAs?$AA?9?$AAB?$AAO?$AA?$AA@ 0000000180004d70     libucrt:lcidtoname_downlevel.obj
 0001:00003d80       ??_C@_1M@CPKKEBLD@?$AAe?$AAs?$AA?9?$AAS?$AAV?$AA?$AA@ 0000000180004d80     libucrt:lcidtoname_downlevel.obj
 0001:00003d90       ??_C@_1M@NDBGMMJL@?$AAe?$AAs?$AA?9?$AAH?$AAN?$AA?$AA@ 0000000180004d90     libucrt:lcidtoname_downlevel.obj
 0001:00003da0       ??_C@_1M@JIJIBHDP@?$AAe?$AAs?$AA?9?$AAN?$AAI?$AA?$AA@ 0000000180004da0     libucrt:lcidtoname_downlevel.obj
 0001:00003db0       ??_C@_1M@CGFMKEEK@?$AAe?$AAs?$AA?9?$AAP?$AAR?$AA?$AA@ 0000000180004db0     libucrt:lcidtoname_downlevel.obj
 0001:00003dc0       ??_C@_1O@ICJHKIIK@?$AAz?$AAh?$AA?9?$AAC?$AAH?$AAT?$AA?$AA@ 0000000180004dc0     libucrt:lcidtoname_downlevel.obj
 0001:00003dd0       ??_C@_15CLNEJCE@?$AAs?$AAr?$AA?$AA@ 0000000180004dd0     libucrt:lcidtoname_downlevel.obj
 0001:00004c20       ??_C@_1M@KAHEKEIG@?$AAa?$AAf?$AA?9?$AAz?$AAa?$AA?$AA@ 0000000180005c20     libucrt:lcidtoname_downlevel.obj
 0001:00004c30       ??_C@_1M@GIECOABL@?$AAa?$AAr?$AA?9?$AAa?$AAe?$AA?$AA@ 0000000180005c30     libucrt:lcidtoname_downlevel.obj
 0001:00004c40       ??_C@_1M@BMLMEKGI@?$AAa?$AAr?$AA?9?$AAb?$AAh?$AA?$AA@ 0000000180005c40     libucrt:lcidtoname_downlevel.obj
 0001:00004c50       ??_C@_1M@DAPFDGGB@?$AAa?$AAr?$AA?9?$AAd?$AAz?$AA?$AA@ 0000000180005c50     libucrt:lcidtoname_downlevel.obj
 0001:00004c60       ??_C@_1M@FJNKGKIG@?$AAa?$AAr?$AA?9?$AAe?$AAg?$AA?$AA@ 0000000180005c60     libucrt:lcidtoname_downlevel.obj
 0001:00004c70       ??_C@_1M@FLGKKCLO@?$AAa?$AAr?$AA?9?$AAi?$AAq?$AA?$AA@ 0000000180005c70     libucrt:lcidtoname_downlevel.obj
 0001:00004c80       ??_C@_1M@GNDIPALM@?$AAa?$AAr?$AA?9?$AAj?$AAo?$AA?$AA@ 0000000180005c80     libucrt:lcidtoname_downlevel.obj
 0001:00004c90       ??_C@_1M@DDMJFMGJ@?$AAa?$AAr?$AA?9?$AAk?$AAw?$AA?$AA@ 0000000180005c90     libucrt:lcidtoname_downlevel.obj
 0001:00004ca0       ??_C@_1M@EJALMLHM@?$AAa?$AAr?$AA?9?$AAl?$AAb?$AA?$AA@ 0000000180005ca0     libucrt:lcidtoname_downlevel.obj
 0001:00004cb0       ??_C@_1M@MOBDBLOC@?$AAa?$AAr?$AA?9?$AAl?$AAy?$AA?$AA@ 0000000180005cb0     libucrt:lcidtoname_downlevel.obj
 0001:00004cc0       ??_C@_1M@JAOCLHDH@?$AAa?$AAr?$AA?9?$AAm?$AAa?$AA?$AA@ 0000000180005cc0     libucrt:lcidtoname_downlevel.obj
 0001:00004cd0       ??_C@_1M@JHPMKJIE@?$AAa?$AAr?$AA?9?$AAo?$AAm?$AA?$AA@ 0000000180005cd0     libucrt:lcidtoname_downlevel.obj
 0001:00004ce0       ??_C@_1M@OEPGHFNH@?$AAa?$AAr?$AA?9?$AAq?$AAa?$AA?$AA@ 0000000180005ce0     libucrt:lcidtoname_downlevel.obj
 0001:00004cf0       ??_C@_1M@KJDONENM@?$AAa?$AAr?$AA?9?$AAs?$AAa?$AA?$AA@ 0000000180005cf0     libucrt:lcidtoname_downlevel.obj
 0001:00004d00       ??_C@_1M@DMJDKLKM@?$AAa?$AAr?$AA?9?$AAs?$AAy?$AA?$AA@ 0000000180005d00     libucrt:lcidtoname_downlevel.obj
 0001:00004d10       ??_C@_1M@OMFIPEDC@?$AAa?$AAr?$AA?9?$AAt?$AAn?$AA?$AA@ 0000000180005d10     libucrt:lcidtoname_downlevel.obj
 0001:00004d20       ??_C@_1M@IHMHGAON@?$AAa?$AAr?$AA?9?$AAy?$AAe?$AA?$AA@ 0000000180005d20     libucrt:lcidtoname_downlevel.obj
 0001:00004d30       ??_C@_1BG@KDCPGJGB@?$AAa?$AAz?$AA?9?$AAa?$AAz?$AA?9?$AAc?$AAy?$AAr?$AAl?$AA?$AA@ 0000000180005d30     libucrt:lcidtoname_downlevel.obj
 0001:00004d48       ??_C@_1BG@IBCKDDOE@?$AAa?$AAz?$AA?9?$AAa?$AAz?$AA?9?$AAl?$AAa?$AAt?$AAn?$AA?$AA@ 0000000180005d48     libucrt:lcidtoname_downlevel.obj
 0001:00004d60       ??_C@_1M@EGPFDCPD@?$AAb?$AAe?$AA?9?$AAb?$AAy?$AA?$AA@ 0000000180005d60     libucrt:lcidtoname_downlevel.obj
 0001:00004d70       ??_C@_1M@PCMGMCGC@?$AAb?$AAg?$AA?9?$AAb?$AAg?$AA?$AA@ 0000000180005d70     libucrt:lcidtoname_downlevel.obj
 0001:00004d80       ??_C@_1M@BJBMFGOB@?$AAb?$AAn?$AA?9?$AAi?$AAn?$AA?$AA@ 0000000180005d80     libucrt:lcidtoname_downlevel.obj
 0001:00004d90       ??_C@_1BG@EAKMMACD@?$AAb?$AAs?$AA?9?$AAb?$AAa?$AA?9?$AAl?$AAa?$AAt?$AAn?$AA?$AA@ 0000000180005d90     libucrt:lcidtoname_downlevel.obj
 0001:00004da8       ??_C@_1M@KGADAODK@?$AAc?$AAa?$AA?9?$AAe?$AAs?$AA?$AA@ 0000000180005da8     libucrt:lcidtoname_downlevel.obj
 0001:00004db8       ??_C@_1M@COAJPDHI@?$AAc?$AAs?$AA?9?$AAc?$AAz?$AA?$AA@ 0000000180005db8     libucrt:lcidtoname_downlevel.obj
 0001:00004dc8       ??_C@_1M@DHBHFONH@?$AAc?$AAy?$AA?9?$AAg?$AAb?$AA?$AA@ 0000000180005dc8     libucrt:lcidtoname_downlevel.obj
 0001:00004dd8       ??_C@_1M@IMGKELGA@?$AAd?$AAa?$AA?9?$AAd?$AAk?$AA?$AA@ 0000000180005dd8     libucrt:lcidtoname_downlevel.obj
 0001:00004de8       ??_C@_1M@NNDGDNGA@?$AAd?$AAe?$AA?9?$AAa?$AAt?$AA?$AA@ 0000000180005de8     libucrt:lcidtoname_downlevel.obj
 0001:00004df8       ??_C@_1M@IKDBHEEM@?$AAd?$AAe?$AA?9?$AAc?$AAh?$AA?$AA@ 0000000180005df8     libucrt:lcidtoname_downlevel.obj
 0001:00004e08       ??_C@_1M@GFFOJMCJ@?$AAd?$AAe?$AA?9?$AAd?$AAe?$AA?$AA@ 0000000180005e08     libucrt:lcidtoname_downlevel.obj
 0001:00004e18       ??_C@_1M@MDNLKBPM@?$AAd?$AAe?$AA?9?$AAl?$AAi?$AA?$AA@ 0000000180005e18     libucrt:lcidtoname_downlevel.obj
 0001:00004e28       ??_C@_1M@NJBEEJNL@?$AAd?$AAe?$AA?9?$AAl?$AAu?$AA?$AA@ 0000000180005e28     libucrt:lcidtoname_downlevel.obj
 0001:00004e38       ??_C@_1O@GNNELBAP@?$AAd?$AAi?$AAv?$AA?9?$AAm?$AAv?$AA?$AA@ 0000000180005e38     libucrt:lcidtoname_downlevel.obj
 0001:00004e48       ??_C@_1M@EJLEOGAE@?$AAe?$AAl?$AA?9?$AAg?$AAr?$AA?$AA@ 0000000180005e48     libucrt:lcidtoname_downlevel.obj
 0001:00004e58       ??_C@_1M@GMPONJN@?$AAe?$AAn?$AA?9?$AAa?$AAu?$AA?$AA@ 0000000180005e58     libucrt:lcidtoname_downlevel.obj
 0001:00004e68       ??_C@_1M@NIDIIPGF@?$AAe?$AAn?$AA?9?$AAb?$AAz?$AA?$AA@ 0000000180005e68     libucrt:lcidtoname_downlevel.obj
 0001:00004e78       ??_C@_1M@JEHMIMFO@?$AAe?$AAn?$AA?9?$AAc?$AAa?$AA?$AA@ 0000000180005e78     libucrt:lcidtoname_downlevel.obj
 0001:00004e88       ??_C@_1M@IGMJCDLA@?$AAe?$AAn?$AA?9?$AAc?$AAb?$AA?$AA@ 0000000180005e88     libucrt:lcidtoname_downlevel.obj
 0001:00004e98       ??_C@_1M@BNFIGBKG@?$AAe?$AAn?$AA?9?$AAg?$AAb?$AA?$AA@ 0000000180005e98     libucrt:lcidtoname_downlevel.obj
 0001:00004ea8       ??_C@_1M@LKIFDIGP@?$AAe?$AAn?$AA?9?$AAi?$AAe?$AA?$AA@ 0000000180005ea8     libucrt:lcidtoname_downlevel.obj
 0001:00004eb8       ??_C@_1M@PJKFGCCO@?$AAe?$AAn?$AA?9?$AAj?$AAm?$AA?$AA@ 0000000180005eb8     libucrt:lcidtoname_downlevel.obj
 0001:00004ec8       ??_C@_1M@KPPKEPBO@?$AAe?$AAn?$AA?9?$AAn?$AAz?$AA?$AA@ 0000000180005ec8     libucrt:lcidtoname_downlevel.obj
 0001:00004ed8       ??_C@_1M@GMDGLDOB@?$AAe?$AAn?$AA?9?$AAp?$AAh?$AA?$AA@ 0000000180005ed8     libucrt:lcidtoname_downlevel.obj
 0001:00004ee8       ??_C@_1M@ONGIBJNA@?$AAe?$AAn?$AA?9?$AAt?$AAt?$AA?$AA@ 0000000180005ee8     libucrt:lcidtoname_downlevel.obj
 0001:00004ef8       ??_C@_1M@LLODPCMM@?$AAe?$AAn?$AA?9?$AAu?$AAs?$AA?$AA@ 0000000180005ef8     libucrt:lcidtoname_downlevel.obj
 0001:00004f08       ??_C@_1M@LAKFNPAN@?$AAe?$AAn?$AA?9?$AAz?$AAa?$AA?$AA@ 0000000180005f08     libucrt:lcidtoname_downlevel.obj
 0001:00004f18       ??_C@_1M@MFNHNHEO@?$AAe?$AAn?$AA?9?$AAz?$AAw?$AA?$AA@ 0000000180005f18     libucrt:lcidtoname_downlevel.obj
 0001:00004f28       ??_C@_1M@EJEINPHM@?$AAe?$AAs?$AA?9?$AAa?$AAr?$AA?$AA@ 0000000180005f28     libucrt:lcidtoname_downlevel.obj
 0001:00004f38       ??_C@_1M@GNKPCCJA@?$AAe?$AAs?$AA?9?$AAb?$AAo?$AA?$AA@ 0000000180005f38     libucrt:lcidtoname_downlevel.obj
 0001:00004f48       ??_C@_1M@LEEGFONL@?$AAe?$AAs?$AA?9?$AAc?$AAl?$AA?$AA@ 0000000180005f48     libucrt:lcidtoname_downlevel.obj
 0001:00004f58       ??_C@_1M@KGPDPBDF@?$AAe?$AAs?$AA?9?$AAc?$AAo?$AA?$AA@ 0000000180005f58     libucrt:lcidtoname_downlevel.obj
 0001:00004f68       ??_C@_1M@EIAHOHH@?$AAe?$AAs?$AA?9?$AAc?$AAr?$AA?$AA@ 0000000180005f68     libucrt:lcidtoname_downlevel.obj
 0001:00004f78       ??_C@_1M@LLPGMBIN@?$AAe?$AAs?$AA?9?$AAd?$AAo?$AA?$AA@ 0000000180005f78     libucrt:lcidtoname_downlevel.obj
 0001:00004f88       ??_C@_1M@DKHMKNJA@?$AAe?$AAs?$AA?9?$AAe?$AAc?$AA?$AA@ 0000000180005f88     libucrt:lcidtoname_downlevel.obj
 0001:00004f98       ??_C@_1M@GKGFPKAP@?$AAe?$AAs?$AA?9?$AAe?$AAs?$AA?$AA@ 0000000180005f98     libucrt:lcidtoname_downlevel.obj
 0001:00004fa8       ??_C@_1M@LKHKGDLN@?$AAe?$AAs?$AA?9?$AAg?$AAt?$AA?$AA@ 0000000180005fa8     libucrt:lcidtoname_downlevel.obj
 0001:00004fb8       ??_C@_1M@HEIIGGJD@?$AAe?$AAs?$AA?9?$AAh?$AAn?$AA?$AA@ 0000000180005fb8     libucrt:lcidtoname_downlevel.obj
 0001:00004fc8       ??_C@_1M@FBDHPPGD@?$AAe?$AAs?$AA?9?$AAm?$AAx?$AA?$AA@ 0000000180005fc8     libucrt:lcidtoname_downlevel.obj
 0001:00004fd8       ??_C@_1M@DPAGLNDH@?$AAe?$AAs?$AA?9?$AAn?$AAi?$AA?$AA@ 0000000180005fd8     libucrt:lcidtoname_downlevel.obj
 0001:00004fe8       ??_C@_1M@MDGOPGDD@?$AAe?$AAs?$AA?9?$AAp?$AAa?$AA?$AA@ 0000000180005fe8     libucrt:lcidtoname_downlevel.obj
 0001:00004ff8       ??_C@_1M@EMAMGBGE@?$AAe?$AAs?$AA?9?$AAp?$AAe?$AA?$AA@ 0000000180005ff8     libucrt:lcidtoname_downlevel.obj
 0001:00005008       ??_C@_1M@IBMCAOEC@?$AAe?$AAs?$AA?9?$AAp?$AAr?$AA?$AA@ 0000000180006008     libucrt:lcidtoname_downlevel.obj
 0001:00005018       ??_C@_1M@FGMDIJED@?$AAe?$AAs?$AA?9?$AAp?$AAy?$AA?$AA@ 0000000180006018     libucrt:lcidtoname_downlevel.obj
 0001:00005028       ??_C@_1M@IIDEOLLL@?$AAe?$AAs?$AA?9?$AAs?$AAv?$AA?$AA@ 0000000180006028     libucrt:lcidtoname_downlevel.obj
 0001:00005038       ??_C@_1M@GAOBIPA@?$AAe?$AAs?$AA?9?$AAu?$AAy?$AA?$AA@ 0000000180006038     libucrt:lcidtoname_downlevel.obj
 0001:00005048       ??_C@_1M@JKFFICHJ@?$AAe?$AAs?$AA?9?$AAv?$AAe?$AA?$AA@ 0000000180006048     libucrt:lcidtoname_downlevel.obj
 0001:00005058       ??_C@_1M@PNMLOJDF@?$AAe?$AAt?$AA?9?$AAe?$AAe?$AA?$AA@ 0000000180006058     libucrt:lcidtoname_downlevel.obj
 0001:00005068       ??_C@_1M@GHHLIKEI@?$AAe?$AAu?$AA?9?$AAe?$AAs?$AA?$AA@ 0000000180006068     libucrt:lcidtoname_downlevel.obj
 0001:00005078       ??_C@_1M@PBNONODE@?$AAf?$AAa?$AA?9?$AAi?$AAr?$AA?$AA@ 0000000180006078     libucrt:lcidtoname_downlevel.obj
 0001:00005088       ??_C@_1M@JEEHPMIL@?$AAf?$AAi?$AA?9?$AAf?$AAi?$AA?$AA@ 0000000180006088     libucrt:lcidtoname_downlevel.obj
 0001:00005098       ??_C@_1M@LMDCNDBA@?$AAf?$AAo?$AA?9?$AAf?$AAo?$AA?$AA@ 0000000180006098     libucrt:lcidtoname_downlevel.obj
 0001:000050a8       ??_C@_1M@JKEOHLDK@?$AAf?$AAr?$AA?9?$AAb?$AAe?$AA?$AA@ 00000001800060a8     libucrt:lcidtoname_downlevel.obj
 0001:000050b8       ??_C@_1M@NOHADPMI@?$AAf?$AAr?$AA?9?$AAc?$AAa?$AA?$AA@ 00000001800060b8     libucrt:lcidtoname_downlevel.obj
 0001:000050c8       ??_C@_1M@KDHIHAEC@?$AAf?$AAr?$AA?9?$AAc?$AAh?$AA?$AA@ 00000001800060c8     libucrt:lcidtoname_downlevel.obj
 0001:000050d8       ??_C@_1M@MMBBFGAK@?$AAf?$AAr?$AA?9?$AAf?$AAr?$AA?$AA@ 00000001800060d8     libucrt:lcidtoname_downlevel.obj
 0001:000050e8       ??_C@_1M@PAFNENNF@?$AAf?$AAr?$AA?9?$AAl?$AAu?$AA?$AA@ 00000001800060e8     libucrt:lcidtoname_downlevel.obj
 0001:000050f8       ??_C@_1M@EOHDJGDD@?$AAf?$AAr?$AA?9?$AAm?$AAc?$AA?$AA@ 00000001800060f8     libucrt:lcidtoname_downlevel.obj
 0001:00005108       ??_C@_1M@FAPLLOPF@?$AAg?$AAl?$AA?9?$AAe?$AAs?$AA?$AA@ 0000000180006108     libucrt:lcidtoname_downlevel.obj
 0001:00005118       ??_C@_1M@FOPBFLOO@?$AAg?$AAu?$AA?9?$AAi?$AAn?$AA?$AA@ 0000000180006118     libucrt:lcidtoname_downlevel.obj
 0001:00005128       ??_C@_1M@KBMCINPM@?$AAh?$AAe?$AA?9?$AAi?$AAl?$AA?$AA@ 0000000180006128     libucrt:lcidtoname_downlevel.obj
 0001:00005138       ??_C@_1M@BBPHKFPJ@?$AAh?$AAi?$AA?9?$AAi?$AAn?$AA?$AA@ 0000000180006138     libucrt:lcidtoname_downlevel.obj
 0001:00005148       ??_C@_1M@PMBNDPHD@?$AAh?$AAr?$AA?9?$AAb?$AAa?$AA?$AA@ 0000000180006148     libucrt:lcidtoname_downlevel.obj
 0001:00005158       ??_C@_1M@BPCKOEGE@?$AAh?$AAr?$AA?9?$AAh?$AAr?$AA?$AA@ 0000000180006158     libucrt:lcidtoname_downlevel.obj
 0001:00005168       ??_C@_1M@GACBMHKE@?$AAh?$AAu?$AA?9?$AAh?$AAu?$AA?$AA@ 0000000180006168     libucrt:lcidtoname_downlevel.obj
 0001:00005178       ??_C@_1M@MILPAJJC@?$AAh?$AAy?$AA?9?$AAa?$AAm?$AA?$AA@ 0000000180006178     libucrt:lcidtoname_downlevel.obj
 0001:00005188       ??_C@_1M@BABBICEC@?$AAi?$AAd?$AA?9?$AAi?$AAd?$AA?$AA@ 0000000180006188     libucrt:lcidtoname_downlevel.obj
 0001:00005198       ??_C@_1M@BIKNHHPF@?$AAi?$AAs?$AA?9?$AAi?$AAs?$AA?$AA@ 0000000180006198     libucrt:lcidtoname_downlevel.obj
 0001:000051a8       ??_C@_1M@NMPCJPHE@?$AAi?$AAt?$AA?9?$AAc?$AAh?$AA?$AA@ 00000001800061a8     libucrt:lcidtoname_downlevel.obj
 0001:000051b8       ??_C@_1M@GHKGFEDF@?$AAi?$AAt?$AA?9?$AAi?$AAt?$AA?$AA@ 00000001800061b8     libucrt:lcidtoname_downlevel.obj
 0001:000051c8       ??_C@_1M@NIEJCJJA@?$AAj?$AAa?$AA?9?$AAj?$AAp?$AA?$AA@ 00000001800061c8     libucrt:lcidtoname_downlevel.obj
 0001:000051d8       ??_C@_1M@JILFNBIM@?$AAk?$AAa?$AA?9?$AAg?$AAe?$AA?$AA@ 00000001800061d8     libucrt:lcidtoname_downlevel.obj
 0001:000051e8       ??_C@_1M@PACPMGPH@?$AAk?$AAk?$AA?9?$AAk?$AAz?$AA?$AA@ 00000001800061e8     libucrt:lcidtoname_downlevel.obj
 0001:000051f8       ??_C@_1M@IELFGMHA@?$AAk?$AAn?$AA?9?$AAi?$AAn?$AA?$AA@ 00000001800061f8     libucrt:lcidtoname_downlevel.obj
 0001:00005208       ??_C@_1O@IBBJHCH@?$AAk?$AAo?$AAk?$AA?9?$AAi?$AAn?$AA?$AA@ 0000000180006208     libucrt:lcidtoname_downlevel.obj
 0001:00005218       ??_C@_1M@DMHAEOGC@?$AAk?$AAo?$AA?9?$AAk?$AAr?$AA?$AA@ 0000000180006218     libucrt:lcidtoname_downlevel.obj
 0001:00005228       ??_C@_1M@HBAHBIGA@?$AAk?$AAy?$AA?9?$AAk?$AAg?$AA?$AA@ 0000000180006228     libucrt:lcidtoname_downlevel.obj
 0001:00005238       ??_C@_1M@KPMILCJG@?$AAl?$AAt?$AA?9?$AAl?$AAt?$AA?$AA@ 0000000180006238     libucrt:lcidtoname_downlevel.obj
 0001:00005248       ??_C@_1M@BDEKKCA@?$AAl?$AAv?$AA?9?$AAl?$AAv?$AA?$AA@ 0000000180006248     libucrt:lcidtoname_downlevel.obj
 0001:00005258       ??_C@_1M@ELCKCCJJ@?$AAm?$AAi?$AA?9?$AAn?$AAz?$AA?$AA@ 0000000180006258     libucrt:lcidtoname_downlevel.obj
 0001:00005268       ??_C@_1M@CBOOLAPA@?$AAm?$AAk?$AA?9?$AAm?$AAk?$AA?$AA@ 0000000180006268     libucrt:lcidtoname_downlevel.obj
 0001:00005278       ??_C@_1M@GPHNBJKN@?$AAm?$AAl?$AA?9?$AAi?$AAn?$AA?$AA@ 0000000180006278     libucrt:lcidtoname_downlevel.obj
 0001:00005288       ??_C@_1M@PABJILIG@?$AAm?$AAn?$AA?9?$AAm?$AAn?$AA?$AA@ 0000000180006288     libucrt:lcidtoname_downlevel.obj
 0001:00005298       ??_C@_1M@FGBKKIPG@?$AAm?$AAr?$AA?9?$AAi?$AAn?$AA?$AA@ 0000000180006298     libucrt:lcidtoname_downlevel.obj
 0001:000052a8       ??_C@_1M@NDBPDDAL@?$AAm?$AAs?$AA?9?$AAb?$AAn?$AA?$AA@ 00000001800062a8     libucrt:lcidtoname_downlevel.obj
 0001:000052b8       ??_C@_1M@OPIHOOPI@?$AAm?$AAs?$AA?9?$AAm?$AAy?$AA?$AA@ 00000001800062b8     libucrt:lcidtoname_downlevel.obj
 0001:000052c8       ??_C@_1M@PPDBCNFM@?$AAm?$AAt?$AA?9?$AAm?$AAt?$AA?$AA@ 00000001800062c8     libucrt:lcidtoname_downlevel.obj
 0001:000052d8       ??_C@_1M@KDJDKMDD@?$AAn?$AAb?$AA?9?$AAn?$AAo?$AA?$AA@ 00000001800062d8     libucrt:lcidtoname_downlevel.obj
 0001:000052e8       ??_C@_1M@KFCFLMJP@?$AAn?$AAl?$AA?9?$AAb?$AAe?$AA?$AA@ 00000001800062e8     libucrt:lcidtoname_downlevel.obj
 0001:000052f8       ??_C@_1M@KPOPDDGO@?$AAn?$AAl?$AA?9?$AAn?$AAl?$AA?$AA@ 00000001800062f8     libucrt:lcidtoname_downlevel.obj
 0001:00005308       ??_C@_1M@LJKPEMLN@?$AAn?$AAn?$AA?9?$AAn?$AAo?$AA?$AA@ 0000000180006308     libucrt:lcidtoname_downlevel.obj
 0001:00005318       ??_C@_1M@BDGHHBFL@?$AAn?$AAs?$AA?9?$AAz?$AAa?$AA?$AA@ 0000000180006318     libucrt:lcidtoname_downlevel.obj
 0001:00005328       ??_C@_1M@IDEHOAP@?$AAp?$AAa?$AA?9?$AAi?$AAn?$AA?$AA@ 0000000180006328     libucrt:lcidtoname_downlevel.obj
 0001:00005338       ??_C@_1M@HDBKGOGH@?$AAp?$AAl?$AA?9?$AAp?$AAl?$AA?$AA@ 0000000180006338     libucrt:lcidtoname_downlevel.obj
 0001:00005348       ??_C@_1M@LJLLCMEH@?$AAp?$AAt?$AA?9?$AAb?$AAr?$AA?$AA@ 0000000180006348     libucrt:lcidtoname_downlevel.obj
 0001:00005358       ??_C@_1M@NCMONAAL@?$AAp?$AAt?$AA?9?$AAp?$AAt?$AA?$AA@ 0000000180006358     libucrt:lcidtoname_downlevel.obj
 0001:00005368       ??_C@_1O@EAKMAJDN@?$AAq?$AAu?$AAz?$AA?9?$AAb?$AAo?$AA?$AA@ 0000000180006368     libucrt:lcidtoname_downlevel.obj
 0001:00005378       ??_C@_1O@BHHPIGDN@?$AAq?$AAu?$AAz?$AA?9?$AAe?$AAc?$AA?$AA@ 0000000180006378     libucrt:lcidtoname_downlevel.obj
 0001:00005388       ??_C@_1O@GBAPEKMJ@?$AAq?$AAu?$AAz?$AA?9?$AAp?$AAe?$AA?$AA@ 0000000180006388     libucrt:lcidtoname_downlevel.obj
 0001:00005398       ??_C@_1M@CLGLEFBO@?$AAr?$AAo?$AA?9?$AAr?$AAo?$AA?$AA@ 0000000180006398     libucrt:lcidtoname_downlevel.obj
 0001:000053a8       ??_C@_1M@CEEDODME@?$AAr?$AAu?$AA?9?$AAr?$AAu?$AA?$AA@ 00000001800063a8     libucrt:lcidtoname_downlevel.obj
 0001:000053b8       ??_C@_1M@HPKKKMPP@?$AAs?$AAa?$AA?9?$AAi?$AAn?$AA?$AA@ 00000001800063b8     libucrt:lcidtoname_downlevel.obj
 0001:000053c8       ??_C@_1M@BKMAIGOJ@?$AAs?$AAe?$AA?9?$AAf?$AAi?$AA?$AA@ 00000001800063c8     libucrt:lcidtoname_downlevel.obj
 0001:000053d8       ??_C@_1M@NDPIFLFI@?$AAs?$AAe?$AA?9?$AAn?$AAo?$AA?$AA@ 00000001800063d8     libucrt:lcidtoname_downlevel.obj
 0001:000053e8       ??_C@_1M@DANKKHJ@?$AAs?$AAe?$AA?9?$AAs?$AAe?$AA?$AA@ 00000001800063e8     libucrt:lcidtoname_downlevel.obj
 0001:000053f8       ??_C@_1M@PNBLONPJ@?$AAs?$AAk?$AA?9?$AAs?$AAk?$AA?$AA@ 00000001800063f8     libucrt:lcidtoname_downlevel.obj
 0001:00005408       ??_C@_1M@LFMODOAL@?$AAs?$AAl?$AA?9?$AAs?$AAi?$AA?$AA@ 0000000180006408     libucrt:lcidtoname_downlevel.obj
 0001:00005418       ??_C@_1O@DFKOMPG@?$AAs?$AAm?$AAa?$AA?9?$AAn?$AAo?$AA?$AA@ 0000000180006418     libucrt:lcidtoname_downlevel.obj
 0001:00005428       ??_C@_1O@NDKPBNNH@?$AAs?$AAm?$AAa?$AA?9?$AAs?$AAe?$AA?$AA@ 0000000180006428     libucrt:lcidtoname_downlevel.obj
 0001:00005438       ??_C@_1O@PLLKBHAB@?$AAs?$AAm?$AAj?$AA?9?$AAn?$AAo?$AA?$AA@ 0000000180006438     libucrt:lcidtoname_downlevel.obj
 0001:00005448       ??_C@_1O@CLEPOGCA@?$AAs?$AAm?$AAj?$AA?9?$AAs?$AAe?$AA?$AA@ 0000000180006448     libucrt:lcidtoname_downlevel.obj
 0001:00005458       ??_C@_1O@DLGJGKMK@?$AAs?$AAm?$AAn?$AA?9?$AAf?$AAi?$AA?$AA@ 0000000180006458     libucrt:lcidtoname_downlevel.obj
 0001:00005468       ??_C@_1O@OJDJGAJC@?$AAs?$AAm?$AAs?$AA?9?$AAf?$AAi?$AA?$AA@ 0000000180006468     libucrt:lcidtoname_downlevel.obj
 0001:00005478       ??_C@_1M@BOFOGHPB@?$AAs?$AAq?$AA?9?$AAa?$AAl?$AA?$AA@ 0000000180006478     libucrt:lcidtoname_downlevel.obj
 0001:00005488       ??_C@_1BG@LJBBIPGB@?$AAs?$AAr?$AA?9?$AAb?$AAa?$AA?9?$AAc?$AAy?$AAr?$AAl?$AA?$AA@ 0000000180006488     libucrt:lcidtoname_downlevel.obj
 0001:000054a0       ??_C@_1BG@JLBENFOE@?$AAs?$AAr?$AA?9?$AAb?$AAa?$AA?9?$AAl?$AAa?$AAt?$AAn?$AA?$AA@ 00000001800064a0     libucrt:lcidtoname_downlevel.obj
[...]
 0003:00000708       $pdata$?getSystemCP@@YAHH@Z 0000000180017708     libucrt:mbctype.obj
 0003:00000714       $pdata$?setSBCS@@YAXPEAU__crt_multibyte_data@@@Z 0000000180017714     libucrt:mbctype.obj
 0003:00000720       $pdata$?setSBUpLow@@YAXPEAU__crt_multibyte_data@@@Z 0000000180017720     libucrt:mbctype.obj
 0003:0000072c       $pdata$?setmbcp_internal@@YAHH_N@Z 000000018001772c     libucrt:mbctype.obj
 0003:00000738       $pdata$__acrt_initialize_multibyte 0000000180017738     libucrt:mbctype.obj
 0003:00000744       $pdata$__acrt_update_thread_multibyte_data 0000000180017744     libucrt:mbctype.obj
 0003:00000750       $pdata$_setmbcp_nolock     0000000180017750     libucrt:mbctype.obj
 0003:0000075c       $pdata$?x_ismbbtype_l@@YAHPEAU__crt_locale_pointers@@IHH@Z 000000018001775c     libucrt:ismbbyte.obj
 0003:00000768       $pdata$__acrt_initialize_command_line 0000000180017768     libucrt:argv_data.obj
 0003:00000774       $pdata$__dcrt_get_narrow_environment_from_os 0000000180017774     libucrt:get_environment_from_os.obj
 0003:00000780       $pdata$_recalloc_base      0000000180017780     libucrt:recalloc.obj
 0003:0000078c       $pdata$__acrt_initialize_heap 000000018001778c     libucrt:heap_handle.obj
 0003:00000798       $pdata$?initialize_inherited_file_handles_nolock@@YAXXZ 0000000180017798     libucrt:ioinit.obj
 0003:000007a4       $pdata$?initialize_stdio_handles_nolock@@YAXXZ 00000001800177a4     libucrt:ioinit.obj
 0003:000007b0       $pdata$__acrt_initialize_lowio 00000001800177b0     libucrt:ioinit.obj
 0003:000007bc       $pdata$__acrt_uninitialize_lowio 00000001800177bc     libucrt:ioinit.obj
 0003:000007c8       $pdata$__acrt_execute_initializers 00000001800177c8     libucrt:shared_initialization.obj
 0003:000007d4       $pdata$__acrt_execute_uninitializers 00000001800177d4     libucrt:shared_initialization.obj
 0003:000007e0       $pdata$_callnewh           00000001800177e0     libucrt:new_handler.obj
 0003:000007ec       $pdata$_query_new_handler  00000001800177ec     libucrt:new_handler.obj
 0003:000007f8       $pdata$??$?RV<lambda_c36588078e9f5dfd39652860aa6b3aaf>@@AEAV<lambda_ec61778202f4f5fc7e7711acc23c3bca>@@V<lambda_dc9d2797ccde5d239b4a0efae8ebd7db>@@@?$__crt_seh_guarded_call@P6AXH@Z@@QEAAP6AXH@Z$$QEAV<lambda_c36588078e9f5dfd39652860aa6b3aaf>@@AEAV<lambda_ec61778202f4f5fc7e7711acc23c3bca>@@$$QEAV<lambda_dc9d2797ccde5d239b4a0efae8ebd7db>@@@Z 00000001800177f8     libucrt:signal.obj
 0003:00000804       $pdata$__acrt_get_sigabrt_handler 0000000180017804     libucrt:signal.obj
 0003:00000810       $pdata$raise               0000000180017810     libucrt:signal.obj
 0003:0000081c       $pdata$__acrt_invoke_user_matherr 000000018001781c     libucrt:matherr.obj
 0003:00000828       $pdata$_mbtowc_l           0000000180017828     libucrt:mbtowc.obj
 0003:00000834       $pdata$__acrt_update_locale_info 0000000180017834     libucrt:locale_update.obj
 0003:00000840       $pdata$__acrt_update_multibyte_info 0000000180017840     libucrt:locale_update.obj
 0003:0000084c       $pdata$_fileno             000000018001784c     libucrt:fileno.obj
 0003:00000858       $pdata$__acrt_initialize_stdio 0000000180017858     libucrt:_file.obj
 0003:00000864       $pdata$__acrt_uninitialize_stdio 0000000180017864     libucrt:_file.obj
 0003:00000870       $pdata$__acrt_uninitialize_locale 0000000180017870     libucrt:wsetlocale.obj
 0003:0000087c       $pdata$__pctype_func       000000018001787c     libucrt:ctype.obj
 0003:00000888       $pdata$__acrt_free_locale  0000000180017888     libucrt:locale_refcounting.obj
 0003:00000894       $pdata$__acrt_locale_free_lc_time_if_unreferenced 0000000180017894     libucrt:locale_refcounting.obj
 0003:000008a0       $pdata$__acrt_release_locale_ref 00000001800178a0     libucrt:locale_refcounting.obj
 0003:000008ac       $pdata$__acrt_update_thread_locale_data 00000001800178ac     libucrt:locale_refcounting.obj
 0003:000008b8       $pdata$_updatetlocinfoEx_nolock 00000001800178b8     libucrt:locale_refcounting.obj
 0003:000008c4       $pdata$?GetTableIndexFromLocaleName@@YAHPEB_W@Z 00000001800178c4     libucrt:lcidtoname_downlevel.obj
 0003:000008d0       $pdata$__acrt_DownlevelLocaleNameToLCID 00000001800178d0     libucrt:lcidtoname_downlevel.obj
 0003:000008dc       $pdata$?shortsort@@YAXPEAD0_KP6AHPEBX2@Z@Z 00000001800178dc     libucrt:qsort.obj
 0003:000008e8       $pdata$2$?shortsort@@YAXPEAD0_KP6AHPEBX2@Z@Z 00000001800178e8     libucrt:qsort.obj
 0003:000008f4       $pdata$3$?shortsort@@YAXPEAD0_KP6AHPEBX2@Z@Z 00000001800178f4     libucrt:qsort.obj
 0003:00000900       $pdata$qsort               0000000180017900     libucrt:qsort.obj
 0003:0000090c       $pdata$4$qsort             000000018001790c     libucrt:qsort.obj
 0003:00000918       $pdata$5$qsort             0000000180017918     libucrt:qsort.obj
 0003:00000924       $pdata$strncpy_s           0000000180017924     libucrt:strncpy_s.obj
 0003:00000930       $pdata$strpbrk             0000000180017930     libucrt:strpbrk.obj
 0003:0000093c       $pdata$_mbsdec_l           000000018001793c     libucrt:mbsdec.obj
 0003:00000948       $pdata$?initialize_multibyte@@YAHXZ 0000000180017948     libucrt:multibyte_initializer.obj
 0003:00000954       $pdata$__acrt_GetStringTypeA 0000000180017954     libucrt:getstringtypea.obj
 0003:00000960       $pdata$?__acrt_LCMapStringA_stat@@YAHPEAU__crt_locale_pointers@@PEB_WKPEBDHPEADHHH@Z 0000000180017960     libucrt:lcmapstringa.obj
 0003:0000096c       $pdata$__acrt_LCMapStringA 000000018001796c     libucrt:lcmapstringa.obj
 0003:00000978       $pdata$_msize              0000000180017978     libucrt:msize.obj
 0003:00000984       $pdata$_realloc_base       0000000180017984     libucrt:realloc_base.obj
 0003:00000990       $pdata$__acrt_lowio_create_handle_array 0000000180017990     libucrt:osfinfo.obj
 0003:0000099c       $pdata$__acrt_lowio_destroy_handle_array 000000018001799c     libucrt:osfinfo.obj
 0003:000009a8       $pdata$__acrt_lowio_ensure_fh_exists 00000001800179a8     libucrt:osfinfo.obj
 0003:000009b4       $pdata$_free_osfhnd        00000001800179b4     libucrt:osfinfo.obj
 0003:000009c0       $pdata$_get_osfhandle      00000001800179c0     libucrt:osfinfo.obj
 0003:000009cc       $pdata$_isatty             00000001800179cc     libucrt:isatty.obj
 0003:000009d8       $pdata$__acrt_stdio_flush_nolock 00000001800179d8     libucrt:fflush.obj
 0003:000009e4       $pdata$_fflush_nolock      00000001800179e4     libucrt:fflush.obj
 0003:000009f0       $pdata$common_flush_all    00000001800179f0     libucrt:fflush.obj
 0003:000009fc       $pdata$_isleadbyte_l       00000001800179fc     libucrt:_wctype.obj
 0003:00000a08       $pdata$_fcloseall          0000000180017a08     libucrt:closeall.obj
 0003:00000a14       $pdata$__acrt_stdio_free_buffer_nolock 0000000180017a14     libucrt:_freebuf.obj
 0003:00000a20       $pdata$__acrt_locale_free_monetary 0000000180017a20     libucrt:initmon.obj
 0003:00000a2c       $pdata$__acrt_locale_free_numeric 0000000180017a2c     libucrt:initnum.obj
 0003:00000a38       $pdata$?free_crt_array_internal@@YAXQEAPEBX_K@Z 0000000180017a38     libucrt:inittime.obj
 0003:00000a44       $pdata$__acrt_locale_free_time 0000000180017a44     libucrt:inittime.obj
 0003:00000a50       $pdata$??$?RV<lambda_b521505b218e5242e90febf6bfebc422>@@AEAV<lambda_6978c1fb23f02e42e1d9e99668cc68aa>@@V<lambda_314360699dd331753a4119843814e9a7>@@@?$__crt_seh_guarded_call@H@@QEAAH$$QEAV<lambda_b521505b218e5242e90febf6bfebc422>@@AEAV<lambda_6978c1fb23f02e42e1d9e99668cc68aa>@@$$QEAV<lambda_314360699dd331753a4119843814e9a7>@@@Z 0000000180017a50     libucrt:commit.obj
 0003:00000a5c       $pdata$_commit             0000000180017a5c     libucrt:commit.obj
 0003:00000a68       $pdata$?write_double_translated_ansi_nolock@@YA?AUwrite_result@?A0x9c548279@@HQEBDI@Z 0000000180017a68     libucrt:write.obj
 0003:00000a74       $pdata$?write_text_ansi_nolock@@YA?AUwrite_result@?A0x9c548279@@HQEBDI@Z 0000000180017a74     libucrt:write.obj
 0003:00000a80       $pdata$?write_text_utf16le_nolock@@YA?AUwrite_result@?A0x9c548279@@HQEBDI@Z 0000000180017a80     libucrt:write.obj
 0003:00000a8c       $pdata$?write_text_utf8_nolock@@YA?AUwrite_result@?A0x9c548279@@HQEBDI@Z 0000000180017a8c     libucrt:write.obj
 0003:00000a98       $pdata$_write              0000000180017a98     libucrt:write.obj
 0003:00000aa4       $pdata$_write_nolock       0000000180017aa4     libucrt:write.obj
 0003:00000abc       $pdata$??$common_lseek_nolock@_J@@YA_JH_JH@Z 0000000180017abc     libucrt:lseek.obj
 0003:00000ac8       $pdata$_fclose_nolock      0000000180017ac8     libucrt:fclose.obj
 0003:00000ad4       $pdata$fclose              0000000180017ad4     libucrt:fclose.obj
 0003:00000ae0       $pdata$_putwch_nolock      0000000180017ae0     libucrt:putwch.obj
 0003:00000aec       $pdata$_call_matherr       0000000180017aec     libucrt:libm_error.obj
 0003:00000af8       $pdata$_exception_enabled  0000000180017af8     libucrt:libm_error.obj
 0003:00000b04       $pdata$_handle_error       0000000180017b04     libucrt:libm_error.obj
 0003:00000b10       $pdata$__acrt_initialize_fma3 0000000180017b10     libucrt:fma3_available.obj
 0003:00000b1c       $pdata$_log10_special      0000000180017b1c     libucrt:log_special.obj
 0003:00000b28       $pdata$_log_special_common 0000000180017b28     libucrt:log_special.obj
 0003:00000b34       $pdata$??$?RV<lambda_bfedae4ebbf01fab1bb6dcc6a9e276e0>@@AEAV<lambda_2fe9b910cf3cbf4a0ab98a02ba45b3ec>@@V<lambda_237c231691f317818eb88cc1d5d642d6>@@@?$__crt_seh_guarded_call@H@@QEAAH$$QEAV<lambda_bfedae4ebbf01fab1bb6dcc6a9e276e0>@@AEAV<lambda_2fe9b910cf3cbf4a0ab98a02ba45b3ec>@@$$QEAV<lambda_237c231691f317818eb88cc1d5d642d6>@@@Z 0000000180017b34     libucrt:close.obj
 0003:00000b40       $pdata$_close              0000000180017b40     libucrt:close.obj
 0003:00000b4c       $pdata$_close_nolock       0000000180017b4c     libucrt:close.obj
 0003:00000b58       $pdata$__dcrt_lowio_initialize_console_output 0000000180017b58     libucrt:initcon.obj
 0003:00000b64       $pdata$__dcrt_terminate_console_output 0000000180017b64     libucrt:initcon.obj
 0003:00000b7c       $pdata$_raise_exc          0000000180017b7c     libucrt:fpexcept.obj
 0003:00000b88       $pdata$_raise_exc_ex       0000000180017b88     libucrt:fpexcept.obj
 0003:00000b94       $pdata$_set_errno_from_matherr 0000000180017b94     libucrt:fpexcept.obj
 0003:00000ba0       $pdata$_clrfp              0000000180017ba0     libucrt:fpctrl.obj
 0003:00000bac       $pdata$_ctrlfp             0000000180017bac     libucrt:fpctrl.obj
 0003:00000bb8       $pdata$_set_statfp         0000000180017bb8     libucrt:fpctrl.obj
 0003:00000bc4       $pdata$_statfp             0000000180017bc4     libucrt:fpctrl.obj
 0003:00000bd0       $pdata$__GSHandlerCheck    0000000180017bd0     LIBCMT:_gshandler_.obj
 0003:00000bdc       $pdata$__GSHandlerCheckCommon 0000000180017bdc     LIBCMT:_gshandler_.obj
 0003:00000bf4       $pdata$_IsNonwritableInCurrentImage 0000000180017bf4     LIBCMT:pesect.obj
 0003:00000c00       $pdata$__raise_securityfailure 0000000180017c00     LIBCMT:gs_report.obj
 0003:00000c0c       $pdata$__report_gsfailure  0000000180017c0c     LIBCMT:gs_report.obj
 0003:00000c18       $pdata$__report_rangecheckfailure 0000000180017c18     LIBCMT:gs_report.obj
 0003:00000c24       $pdata$__report_securityfailure 0000000180017c24     LIBCMT:gs_report.obj
 0003:00000c30       $pdata$capture_current_context 0000000180017c30     LIBCMT:gs_report.obj
 0003:00000c3c       $pdata$capture_previous_context 0000000180017c3c     LIBCMT:gs_report.obj
 0003:00000c60       $pdata$?fin$0@?0??dllmain_crt_process_attach@@YAHQEAUHINSTANCE__@@QEAX@Z@4HA 0000000180017c60     LIBCMT:dll_dllmain.obj
 0003:00000c6c       $pdata$?fin$0@?0??dllmain_crt_process_detach@@YAH_N@Z@4HA 0000000180017c6c     LIBCMT:dll_dllmain.obj
 0003:00000c78       $pdata$?filt$0@?0??dllmain_dispatch@@YAHQEAUHINSTANCE__@@KQEAX@Z@4HA 0000000180017c78     LIBCMT:dll_dllmain.obj
 0003:00000c84       $pdata$__scrt_is_nonwritable_in_current_image$filt$0 0000000180017c84     LIBCMT:utility.obj
 0003:00000c90       $pdata$?filt$0@?0??common_exit@@YAXHW4_crt_exit_cleanup_mode@@W4_crt_exit_return_mode@@@Z@4HA 0000000180017c90     libucrt:exit.obj
 0003:00000c9c       $pdata$?fin$1@?0??common_exit@@YAXHW4_crt_exit_cleanup_mode@@W4_crt_exit_return_mode@@@Z@4HA 0000000180017c9c     libucrt:exit.obj
 0003:00000ca8       $pdata$?fin$0@?0???$?RV<lambda_99476a1ad63dd22509b5d3e65b0ffc95>@@AEAV<lambda_ad1ced32f4ac17aa236e5ef05d6b3b7c>@@V<lambda_f7424dd8d45958661754dc4f2697e9c3>@@@?$__crt_seh_guarded_call@X@@QEAAX$$QEAV<lambda_99476a1ad63dd22509b5d3e65b0ffc95>@@AEAV<lambda_ad1ced32f4ac17aa236e5ef05d6b3b7c>@@$$QEAV<lambda_f7424dd8d45958661754dc4f2697e9c3>@@@Z@4HA 0000000180017ca8     libucrt:mbctype.obj
 0003:00000ca8       $pdata$?fin$0@?0???$?RV<lambda_46352004c1216016012b18bd6f87e700>@@AEAV<lambda_3bd07e1a1191394380780325891bf33f>@@V<lambda_334532d3f185bcaa59b5be82d7d22bff>@@@?$__crt_seh_guarded_call@X@@QEAAX$$QEAV<lambda_46352004c1216016012b18bd6f87e700>@@AEAV<lambda_3bd07e1a1191394380780325891bf33f>@@$$QEAV<lambda_334532d3f185bcaa59b5be82d7d22bff>@@@Z@4HA 0000000180017ca8     libucrt:per_thread_data.obj
 0003:00000ca8       $pdata$?fin$0@?0???$?RV<lambda_b8c45f8f788dd370798f47cfe8ac3a86>@@AEAV<lambda_4e60a939b0d047cfe11ddc22648dfba9>@@V<lambda_332c3edc96d0294ec56c57d38c1cdfd5>@@@?$__crt_seh_guarded_call@H@@QEAAH$$QEAV<lambda_b8c45f8f788dd370798f47cfe8ac3a86>@@AEAV<lambda_4e60a939b0d047cfe11ddc22648dfba9>@@$$QEAV<lambda_332c3edc96d0294ec56c57d38c1cdfd5>@@@Z@4HA 0000000180017ca8     libucrt:onexit.obj
 0003:00000ca8       $pdata$?fin$0@?0???$?RV<lambda_72d1df2b273a38828b1ce30cbf4cdab5>@@AEAV<lambda_876a65b173b8412d3a47c70a915b0cf4>@@V<lambda_41932305e351933ebe8f8be3ed8bb5dc>@@@?$__crt_seh_guarded_call@X@@QEAAX$$QEAV<lambda_72d1df2b273a38828b1ce30cbf4cdab5>@@AEAV<lambda_876a65b173b8412d3a47c70a915b0cf4>@@$$QEAV<lambda_41932305e351933ebe8f8be3ed8bb5dc>@@@Z@4HA 0000000180017ca8     libucrt:per_thread_data.obj
 0003:00000ca8       $pdata$?fin$0@?0???$?RV<lambda_c36588078e9f5dfd39652860aa6b3aaf>@@AEAV<lambda_ec61778202f4f5fc7e7711acc23c3bca>@@V<lambda_dc9d2797ccde5d239b4a0efae8ebd7db>@@@?$__crt_seh_guarded_call@P6AXH@Z@@QEAAP6AXH@Z$$QEAV<lambda_c36588078e9f5dfd39652860aa6b3aaf>@@AEAV<lambda_ec61778202f4f5fc7e7711acc23c3bca>@@$$QEAV<lambda_dc9d2797ccde5d239b4a0efae8ebd7db>@@@Z@4HA 0000000180017ca8     libucrt:signal.obj
 0003:00000ca8       $pdata$?fin$0@?0???$?RV<lambda_fb3a7dec4e47f37f22dae91bb15c9095>@@AEAV<lambda_698284760c8add0bfb0756c19673e34b>@@V<lambda_dfb8eca1e75fef3034a8fb18dd509707>@@@?$__crt_seh_guarded_call@X@@QEAAX$$QEAV<lambda_fb3a7dec4e47f37f22dae91bb15c9095>@@AEAV<lambda_698284760c8add0bfb0756c19673e34b>@@$$QEAV<lambda_dfb8eca1e75fef3034a8fb18dd509707>@@@Z@4HA 0000000180017ca8     libucrt:per_thread_data.obj
 0003:00000ca8       $pdata$?fin$0@?0???$?RV<lambda_5e887d1dcbef67a5eb4283622ba103bf>@@AEAV<lambda_4466841279450cc726390878d4a41900>@@V<lambda_341c25c0346d94847f1f3c463c57e077>@@@?$__crt_seh_guarded_call@X@@QEAAX$$QEAV<lambda_5e887d1dcbef67a5eb4283622ba103bf>@@AEAV<lambda_4466841279450cc726390878d4a41900>@@$$QEAV<lambda_341c25c0346d94847f1f3c463c57e077>@@@Z@4HA 0000000180017ca8     libucrt:per_thread_data.obj
 0003:00000cb4       $pdata$?fin$0@?0???$?RV<lambda_e24bbb7b643b32fcea6fa61b31d4c984>@@AEAV<lambda_275893d493268fdec8709772e3fcec0e>@@V<lambda_9d71df4d7cf3f480f8d633942495c3b0>@@@?$__crt_seh_guarded_call@H@@QEAAH$$QEAV<lambda_e24bbb7b643b32fcea6fa61b31d4c984>@@AEAV<lambda_275893d493268fdec8709772e3fcec0e>@@$$QEAV<lambda_9d71df4d7cf3f480f8d633942495c3b0>@@@Z@4HA 0000000180017cb4     libucrt:onexit.obj
 0003:00000cc0       $pdata$__acrt_update_thread_multibyte_data$fin$0 0000000180017cc0     libucrt:mbctype.obj
 0003:00000ccc       $pdata$_query_new_handler$fin$0 0000000180017ccc     libucrt:new_handler.obj
 0003:00000cd8       $pdata$raise$fin$0         0000000180017cd8     libucrt:signal.obj
 0003:00000ce4       $pdata$__acrt_uninitialize_locale$fin$0 0000000180017ce4     libucrt:wsetlocale.obj
 0003:00000ce4       $pdata$__acrt_update_thread_locale_data$fin$0 0000000180017ce4     libucrt:locale_refcounting.obj
 0003:00000cf0       $pdata$__acrt_initialize_lowio$fin$0 0000000180017cf0     libucrt:ioinit.obj
 0003:00000cf0       $pdata$__acrt_lowio_ensure_fh_exists$fin$0 0000000180017cf0     libucrt:osfinfo.obj
 0003:00000cfc       $pdata$common_flush_all$fin$0 0000000180017cfc     libucrt:fflush.obj
 0003:00000d08       $pdata$common_flush_all$fin$1 0000000180017d08     libucrt:fflush.obj
 0003:00000d14       $pdata$_fcloseall$fin$0    0000000180017d14     libucrt:closeall.obj
 0003:00000d20       $pdata$?fin$0@?0???$?RV<lambda_bfedae4ebbf01fab1bb6dcc6a9e276e0>@@AEAV<lambda_2fe9b910cf3cbf4a0ab98a02ba45b3ec>@@V<lambda_237c231691f317818eb88cc1d5d642d6>@@@?$__crt_seh_guarded_call@H@@QEAAH$$QEAV<lambda_bfedae4ebbf01fab1bb6dcc6a9e276e0>@@AEAV<lambda_2fe9b910cf3cbf4a0ab98a02ba45b3ec>@@$$QEAV<lambda_237c231691f317818eb88cc1d5d642d6>@@@Z@4HA 0000000180017d20     libucrt:close.obj
 0003:00000d20       $pdata$?fin$0@?0???$?RV<lambda_b521505b218e5242e90febf6bfebc422>@@AEAV<lambda_6978c1fb23f02e42e1d9e99668cc68aa>@@V<lambda_314360699dd331753a4119843814e9a7>@@@?$__crt_seh_guarded_call@H@@QEAAH$$QEAV<lambda_b521505b218e5242e90febf6bfebc422>@@AEAV<lambda_6978c1fb23f02e42e1d9e99668cc68aa>@@$$QEAV<lambda_314360699dd331753a4119843814e9a7>@@@Z@4HA 0000000180017d20     libucrt:commit.obj
 0003:00000d2c       $pdata$_write$fin$0        0000000180017d2c     libucrt:write.obj
 0003:00000d38       $pdata$fclose$fin$0        0000000180017d38     libucrt:fclose.obj
 0003:00000d44       $pdata$_ctrlfp$filt$0      0000000180017d44     libucrt:fpctrl.obj
 0003:00000d50       $pdata$_IsNonwritableInCurrentImage$filt$0 0000000180017d50     LIBCMT:pesect.obj
 0004:00000548       .idata$6                   0000000180018548     kernel32:KERNEL32.dll
 0004:00000a54       .idata$6                   0000000180018a54     advapi32:ADVAPI32.dll
 0005:00000000       __guard_fids__             0000000180019000     libucrt:initialization.obj
 0005:00000060       __guard_fids___acrt_initialize_ptd 0000000180019060     libucrt:per_thread_data.obj
 0005:00000064       __guard_fids_??$expand_argument_wildcards@D@@YAHQEAD0AEAV?$argument_list@D@?A0xca0879c4@@@Z 0000000180019064     libucrt:argv_wildcards.obj
 0005:00000068       __guard_fids__             0000000180019068     libucrt:multibyte_initializer.obj
 0005:0000006c       __guard_fids__             000000018001906c     libucrt:stdio_initializer.obj
 0005:00000070       __guard_fids__             0000000180019070     libucrt:stdio_initializer.obj
 0005:00000074       __guard_fids__             0000000180019074     libucrt:locale_initializer.obj
 0005:00000078       __guard_fids__             0000000180019078     libucrt:fma3_initializer.obj
 0005:0000007c       __guard_fids__             000000018001907c     libucrt:console_output_initializer.obj
 0005:00000080       __guard_fids_?dllmain_crt_process_attach@@YAHQEAUHINSTANCE__@@QEAX@Z 0000000180019080     LIBCMT:dll_dllmain.obj
 0005:00000088       __guard_fids_?dllmain_dispatch@@YAHQEAUHINSTANCE__@@KQEAX@Z 0000000180019088     LIBCMT:dll_dllmain.obj
 0005:0000008c       __guard_fids__             000000018001908c     LIBCMT:guard_support.obj
 0005:00000090       __guard_fids__             0000000180019090     libvcruntime:telemetry.obj
 0005:00000094       __guard_fids_?TraceLoggingRegister@__vcrt_trace_logging_provider@@YAJPEBU_TlgProvider_t@1@PEBU_GUID@@P6AX1KE_K2PEAU_EVENT_FILTER_DESCRIPTOR@@PEAX@Z4@Z 0000000180019094     libvcruntime:telemetry.obj
 0005:00000098       __guard_fids___vcrt_initialize_ptd 0000000180019098     libvcruntime:per_thread_data.obj
 0006:00000060       $R000000                   000000018001a060     EditCase.res
