 TmpPanel

 Timestamp is 57c8d1ae (Fri Sep  2 04:11:10 2016)

 Preferred load address is 0000000180000000

 Start         Length     Name                   Class
 0001:00000000 00000010H .00cfg                  CODE
 0001:00000010 00000008H .CRT$XCA                CODE
 0001:00000018 00000008H .CRT$XCZ                CODE
 0001:00000020 00000008H .CRT$XIA                CODE
 0001:00000028 00000018H .CRT$XIC                CODE
 0001:00000040 00000008H .CRT$XIZ                CODE
 0001:00000048 00000008H .CRT$XPA                CODE
 0001:00000050 00000010H .CRT$XPX                CODE
 0001:00000060 00000008H .CRT$XPXA               CODE
 0001:00000068 00000008H .CRT$XPZ                CODE
 0001:00000070 00000008H .CRT$XTA                CODE
 0001:00000078 00000008H .CRT$XTZ                CODE
 0001:00000080 00007818H .rdata                  CODE
 0001:00007898 000001f8H .rdata$r                CODE
 0001:00007a90 00000010H .rdata$zETW0            CODE
 0001:00007aa0 00000077H .rdata$zETW1            CODE
 0001:00007b17 0000002cH .rdata$zETW2            CODE
 0001:00007b43 00000001H .rdata$zETW9            CODE
 0001:00007b44 0000034cH .rdata$zzzdbg           CODE
 0001:00007e90 00000008H .rtc$IAA                CODE
 0001:00007e98 00000008H .rtc$IZZ                CODE
 0001:00007ea0 00000008H .rtc$TAA                CODE
 0001:00007ea8 00000008H .rtc$TZZ                CODE
 0001:00007eb0 000001e0H .text                   CODE
 0001:00008090 000120a0H .text$mn                CODE
 0001:0001a130 00000020H .text$mn$00             CODE
 0001:0001a150 00000260H .text$x                 CODE
 0001:0001a3b0 00001318H .xdata                  CODE
 0001:0001b6c8 000000f8H .xdata$x                CODE
 0001:0001b7c0 00000192H .edata                  CODE
 0002:00000000 00000958H .data                   DATA
 0002:00000958 000000a8H .data$r                 DATA
 0002:00000a00 00001e88H .bss                    DATA
 0003:00000000 00001530H .pdata                  DATA
 0004:00000000 000002f8H .idata$5                DATA
 0004:000002f8 0000003cH .idata$2                DATA
 0004:00000334 00000014H .idata$3                DATA
 0004:00000348 000002f8H .idata$4                DATA
 0004:00000640 000006b6H .idata$6                DATA
 0005:00000000 00000080H .gfids$x                DATA
 0005:00000080 00000038H .gfids$y                DATA
 0006:00000000 00000060H .rsrc$01                DATA
 0006:00000060 00000378H .rsrc$02                DATA

  Address         Publics by Value              Rva+Base               Lib:Object

 0000:00000000       __guard_iat_count          0000000000000000     <absolute>
 0000:00000000       __guard_iat_table          0000000000000000     <absolute>
 0000:00000000       __dynamic_value_reloc_table 0000000000000000     <absolute>
 0000:00000000       __guard_longjmp_table      0000000000000000     <absolute>
 0000:00000000       __guard_longjmp_count      0000000000000000     <absolute>
 0000:00000000       __guard_fids_count         0000000000000000     <absolute>
 0000:00000000       ___safe_se_handler_table   0000000000000000     <absolute>
 0000:00000000       ___safe_se_handler_count   0000000000000000     <absolute>
 0000:00000000       __guard_fids_table         0000000000000000     <absolute>
 0000:00000100       __guard_flags              0000000000000100     <absolute>
 0000:00000000       __ImageBase                0000000180000000     <linker-defined>
 0001:00000000       __guard_check_icall_fptr   0000000180001000     LIBCMT:guard_support.obj
 0001:00000008       __guard_dispatch_icall_fptr 0000000180001008     LIBCMT:guard_support.obj
 0001:00000010       __xc_a                     0000000180001010     LIBCMT:initializers.obj
 0001:00000018       __xc_z                     0000000180001018     LIBCMT:initializers.obj
 0001:00000020       __xi_a                     0000000180001020     LIBCMT:initializers.obj
 0001:00000028       __acrt_multibyte_initializer 0000000180001028     libucrt:multibyte_initializer.obj
 0001:00000030       __acrt_stdio_initializer   0000000180001030     libucrt:stdio_initializer.obj
 0001:00000038       __acrt_tran_fma3_initializer 0000000180001038     libucrt:fma3_initializer.obj
 0001:00000040       __xi_z                     0000000180001040     LIBCMT:initializers.obj
 0001:00000048       __xp_a                     0000000180001048     LIBCMT:initializers.obj
 0001:00000050       __acrt_locale_terminator   0000000180001050     libucrt:locale_initializer.obj
 0001:00000058       __dcrt_console_output_terminator 0000000180001058     libucrt:console_output_initializer.obj
 0001:00000060       __acrt_stdio_terminator    0000000180001060     libucrt:stdio_initializer.obj
 0001:00000068       __xp_z                     0000000180001068     LIBCMT:initializers.obj
 0001:00000070       __xt_a                     0000000180001070     LIBCMT:initializers.obj
 0001:00000078       __xt_z                     0000000180001078     LIBCMT:initializers.obj
 0001:00000080       MainGuid                   0000000180001080     TmpPanel.obj
 0001:00000090       MenuGuid                   0000000180001090     TmpPanel.obj
 0001:000000a0       ConfigDialogGuid           00000001800010a0     TmpPanel.obj
 0001:000000b0       ??_C@_11LOCGONAA@?$AA?$AA@ 00000001800010b0     TmpPanel.obj
 0001:000000b8       ??_C@_1O@CILPHMLJ@?$AAF?$AAA?$AAR?$AAT?$AAM?$AAP?$AA?$AA@ 00000001800010b8     TmpPanel.obj
 0001:000000c8       ??_C@_1BM@MDBPDFDA@?$AA?$CF?$AAC?$AAO?$AAM?$AAS?$AAP?$AAE?$AAC?$AA?$CF?$AA?5?$AA?1?$AAc?$AA?5?$AA?$AA@ 00000001800010c8     TmpPanel.obj
 0001:000000e4       ??_C@_13IMODFHAA@?$AA?9?$AA?$AA@ 00000001800010e4     TmpPanel.obj
 0001:000000e8       ??_C@_15KIOHKAAB@?$AA?$CK?$AA?4?$AA?$AA@ 00000001800010e8     TmpPanel.obj
 0001:000000f0       ??_C@_1BC@ENICKDH@?$AAC?$AAo?$AAn?$AAt?$AAe?$AAn?$AAt?$AAs?$AA?$AA@ 00000001800010f0     TmpPanel.obj
 0001:00000108       ??_C@_19BDAJEHDN@?$AAo?$AAp?$AAe?$AAn?$AA?$AA@ 0000000180001108     TmpPanel.obj
 0001:00000118       ??_C@_1BC@DDPAOGMO@?$AAT?$AAm?$AAp?$AAP?$AAa?$AAn?$AAe?$AAl?$AA?$AA@ 0000000180001118     TmpPanel.obj
 0001:00000130       ??_C@_1EA@PHBPOOLI@?$AAT?$AAe?$AAm?$AAp?$AAo?$AAr?$AAa?$AAr?$AAy?$AA?5?$AAP?$AAa?$AAn?$AAe?$AAl?$AA?5?$AAf?$AAo?$AAr?$AA?5?$AAF?$AAa?$AAr?$AA?5?$AAM?$AAa?$AAn?$AAa?$AAg?$AAe?$AAr?$AA?$AA@ 0000000180001130     TmpPanel.obj
 0001:00000170       ??_C@_1DE@BGKMIKPD@?$AAE?$AAu?$AAg?$AAe?$AAn?$AAe?$AA?5?$AAR?$AAo?$AAs?$AAh?$AAa?$AAl?$AA?5?$AA?$CG?$AA?5?$AAF?$AAa?$AAr?$AA?5?$AAG?$AAr?$AAo?$AAu?$AAp?$AA?$AA@ 0000000180001170     TmpPanel.obj
 0001:00000200       ??_7?$DialogItemBinding@UFarDialogItem@@@@6B@ 0000000180001200     TmpCfg.obj
 0001:00000210       ??_7PluginCheckBoxBinding@@6B@ 0000000180001210     TmpCfg.obj
 0001:00000220       ??_7PluginRadioButtonBinding@@6B@ 0000000180001220     TmpCfg.obj
 0001:00000230       ??_7PluginEditFieldBinding@@6B@ 0000000180001230     TmpCfg.obj
 0001:00000240       ??_7PluginIntEditFieldBinding@@6B@ 0000000180001240     TmpCfg.obj
 0001:00000250       ??_C@_15EFLNJKHH@?$AA?$CF?$AAu?$AA?$AA@ 0000000180001250     TmpCfg.obj
 0001:00000258       ??_7PluginUIntEditFieldBinding@@6B@ 0000000180001258     TmpCfg.obj
 0001:00000268       ??_7?$DialogBuilderBase@UFarDialogItem@@@@6B@ 0000000180001268     TmpCfg.obj
 0001:000002b0       ??_7PluginDialogBuilder@@6B@ 00000001800012b0     TmpCfg.obj
 0001:000002f8       ??_C@_1BO@NGDOFANC@?$AAA?$AAd?$AAd?$AAT?$AAo?$AAD?$AAi?$AAs?$AAk?$AAs?$AAM?$AAe?$AAn?$AAu?$AA?$AA@ 00000001800012f8     TmpCfg.obj
 0001:00000318       ??_C@_1CC@PNNAOHJC@?$AAA?$AAd?$AAd?$AAT?$AAo?$AAP?$AAl?$AAu?$AAg?$AAi?$AAn?$AAs?$AAM?$AAe?$AAn?$AAu?$AA?$AA@ 0000000180001318     TmpCfg.obj
 0001:00000340       ??_C@_1BI@CPJJFPIA@?$AAC?$AAo?$AAm?$AAm?$AAo?$AAn?$AAP?$AAa?$AAn?$AAe?$AAl?$AA?$AA@ 0000000180001340     TmpCfg.obj
 0001:00000358       ??_C@_1BM@FPOJMDKB@?$AAS?$AAa?$AAf?$AAe?$AAM?$AAo?$AAd?$AAe?$AAP?$AAa?$AAn?$AAe?$AAl?$AA?$AA@ 0000000180001358     TmpCfg.obj
 0001:00000378       ??_C@_1BG@NHJCENND@?$AAA?$AAn?$AAy?$AAI?$AAn?$AAP?$AAa?$AAn?$AAe?$AAl?$AA?$AA@ 0000000180001378     TmpCfg.obj
 0001:00000390       ??_C@_1BK@BNOFJDBM@?$AAC?$AAo?$AAp?$AAy?$AAC?$AAo?$AAn?$AAt?$AAe?$AAn?$AAt?$AAs?$AA?$AA@ 0000000180001390     TmpCfg.obj
 0001:000003b0       ??_C@_19OBGHODPD@?$AAM?$AAo?$AAd?$AAe?$AA?$AA@ 00000001800013b0     TmpCfg.obj
 0001:000003c0       ??_C@_1CA@JNAJBENN@?$AAM?$AAe?$AAn?$AAu?$AAF?$AAo?$AAr?$AAF?$AAi?$AAl?$AAe?$AAl?$AAi?$AAs?$AAt?$AA?$AA@ 00000001800013c0     TmpCfg.obj
 0001:000003e0       ??_C@_1DC@BNKDLIA@?$AAN?$AAe?$AAw?$AAP?$AAa?$AAn?$AAe?$AAl?$AAF?$AAo?$AAr?$AAS?$AAe?$AAa?$AAr?$AAc?$AAh?$AAR?$AAe?$AAs?$AAu?$AAl?$AAt?$AAs?$AA?$AA@ 00000001800013e0     TmpCfg.obj
 0001:00000418       ??_C@_1CA@GMFGCAGE@?$AAF?$AAu?$AAl?$AAl?$AAS?$AAc?$AAr?$AAe?$AAe?$AAn?$AAP?$AAa?$AAn?$AAe?$AAl?$AA?$AA@ 0000000180001418     TmpCfg.obj
 0001:00000438       ??_C@_1BC@JCHBPJL@?$AAL?$AAi?$AAs?$AAt?$AAU?$AAT?$AAF?$AA8?$AA?$AA@ 0000000180001438     TmpCfg.obj
 0001:00000450       ??_C@_17PBMJFEI@?$AAN?$AA?0?$AAS?$AA?$AA@ 0000000180001450     TmpCfg.obj
 0001:00000458       ??_C@_1BI@KCJICNAC@?$AAC?$AAo?$AAl?$AAu?$AAm?$AAn?$AAT?$AAy?$AAp?$AAe?$AAs?$AA?$AA@ 0000000180001458     TmpCfg.obj
 0001:00000470       ??_C@_17FKOBGGOI@?$AA0?$AA?0?$AA8?$AA?$AA@ 0000000180001470     TmpCfg.obj
 0001:00000478       ??_C@_1BK@IJFPLJEF@?$AAC?$AAo?$AAl?$AAu?$AAm?$AAn?$AAW?$AAi?$AAd?$AAt?$AAh?$AAs?$AA?$AA@ 0000000180001478     TmpCfg.obj
 0001:00000498       ??_C@_1BE@CNONJJPK@?$AAN?$AAR?$AA?0?$AAS?$AAC?$AA?0?$AAD?$AA?0?$AAT?$AA?$AA@ 0000000180001498     TmpCfg.obj
 0001:000004b0       ??_C@_1CE@CFCOMBOO@?$AAS?$AAt?$AAa?$AAt?$AAu?$AAs?$AAC?$AAo?$AAl?$AAu?$AAm?$AAn?$AAT?$AAy?$AAp?$AAe?$AAs?$AA?$AA@ 00000001800014b0     TmpCfg.obj
 0001:000004d8       ??_C@_1BA@HANPCFLL@?$AA0?$AA?0?$AA8?$AA?0?$AA0?$AA?0?$AA5?$AA?$AA@ 00000001800014d8     TmpCfg.obj
 0001:000004e8       ??_C@_1CG@NCCICMEA@?$AAS?$AAt?$AAa?$AAt?$AAu?$AAs?$AAC?$AAo?$AAl?$AAu?$AAm?$AAn?$AAW?$AAi?$AAd?$AAt?$AAh?$AAs?$AA?$AA@ 00000001800014e8     TmpCfg.obj
 0001:00000510       ??_C@_1O@HIOLBLLI@?$AA?$CK?$AA?4?$AAt?$AAe?$AAm?$AAp?$AA?$AA@ 0000000180001510     TmpCfg.obj
 0001:00000520       ??_C@_19KOBLENB@?$AAM?$AAa?$AAs?$AAk?$AA?$AA@ 0000000180001520     TmpCfg.obj
 0001:00000530       ??_C@_17GNJCADOE@?$AAt?$AAm?$AAp?$AA?$AA@ 0000000180001530     TmpCfg.obj
 0001:00000538       ??_C@_1O@GBAEOCCH@?$AAP?$AAr?$AAe?$AAf?$AAi?$AAx?$AA?$AA@ 0000000180001538     TmpCfg.obj
 0001:00000548       ??_C@_1O@BJPKKLLM@?$AAC?$AAo?$AAn?$AAf?$AAi?$AAg?$AA?$AA@ 0000000180001548     TmpCfg.obj
 0001:00000558       ??_C@_1CM@OOGBEAGB@?$AAT?$AAe?$AAm?$AAp?$AAP?$AAa?$AAn?$AAe?$AAl?$AA?4?$AAC?$AAo?$AAl?$AAu?$AAm?$AAn?$AAT?$AAy?$AAp?$AAe?$AAs?$AA?$AA@ 0000000180001558     TmpCfg.obj
 0001:00000588       ??_C@_1CO@PEIMNADN@?$AAT?$AAe?$AAm?$AAp?$AAP?$AAa?$AAn?$AAe?$AAl?$AA?4?$AAC?$AAo?$AAl?$AAu?$AAm?$AAn?$AAW?$AAi?$AAd?$AAt?$AAh?$AAs?$AA?$AA@ 0000000180001588     TmpCfg.obj
 0001:000005b8       ??_C@_1DI@DFFNPDGJ@?$AAT?$AAe?$AAm?$AAp?$AAP?$AAa?$AAn?$AAe?$AAl?$AA?4?$AAS?$AAt?$AAa?$AAt?$AAu?$AAs?$AAC?$AAo?$AAl?$AAu?$AAm?$AAn?$AAT?$AAy?$AAp?$AAe?$AAs?$AA?$AA@ 00000001800015b8     TmpCfg.obj
 0001:000005f0       ??_C@_1DK@GODNGDDP@?$AAT?$AAe?$AAm?$AAp?$AAP?$AAa?$AAn?$AAe?$AAl?$AA?4?$AAS?$AAt?$AAa?$AAt?$AAu?$AAs?$AAC?$AAo?$AAl?$AAu?$AAm?$AAn?$AAW?$AAi?$AAd?$AAt?$AAh?$AAs?$AA?$AA@ 00000001800015f0     TmpCfg.obj
 0001:00000630       ??_C@_1BO@JLKBMGBC@?$AAT?$AAe?$AAm?$AAp?$AAP?$AAa?$AAn?$AAe?$AAl?$AA?4?$AAM?$AAa?$AAs?$AAk?$AA?$AA@ 0000000180001630     TmpCfg.obj
 0001:00000650       ??_C@_1CC@CFPIPDCG@?$AAT?$AAe?$AAm?$AAp?$AAP?$AAa?$AAn?$AAe?$AAl?$AA?4?$AAP?$AAr?$AAe?$AAf?$AAi?$AAx?$AA?$AA@ 0000000180001650     TmpCfg.obj
 0001:00000680       __xmm@ffffffffffffffff0000000000000002 0000000180001680     TmpCfg.obj
 0001:00000690       __xmm@ffffffffffffffffffffffffffffffff 0000000180001690     TmpCfg.obj
 0001:000006a0       ??_C@_19NHGNNLNG@?$AA?$CI?$AAR?$AA?$CJ?$AA?5?$AA?$AA@ 00000001800016a0     TmpClass.obj
 0001:000006b0       ??_C@_1O@OCNONAPA@?$AA?5?$AA?$CF?$AAs?$AA?$CF?$AAs?$AA?5?$AA?$AA@ 00000001800016b0     TmpClass.obj
 0001:000006c0       ??_C@_13FPGAJAPJ@?$AA?2?$AA?$AA@ 00000001800016c0     TmpClass.obj
 0001:000006c4       ??_C@_13BBDEGPLJ@?$AA?$CK?$AA?$AA@ 00000001800016c4     TmpClass.obj
 0001:000006c8       ??_C@_15DDHGOCBH@?$AA?4?$AA?4?$AA?$AA@ 00000001800016c8     TmpClass.obj
 0001:000006d0       ??_C@_13JOFGPIOO@?$AA?4?$AA?$AA@ 00000001800016d0     TmpClass.obj
 0001:000006d8       ??_C@_1M@HCONLDPB@?$AAp?$AAa?$AAn?$AAe?$AAl?$AA?$AA@ 00000001800016d8     TmpClass.obj
 0001:000006e8       ??_C@_1CE@FHMHDLFC@?$AAT?$AAm?$AAp?$AAP?$AAa?$AAn?$AAe?$AAl?$AA?4?$AAS?$AAa?$AAv?$AAe?$AAL?$AAi?$AAs?$AAt?$AA?$AA@ 00000001800016e8     TmpClass.obj
 0001:00000714       ??_C@_15JNBOKNOG@?$AA?$AN?$AA?6?$AA?$AA@ 0000000180001714     TmpClass.obj
 0001:0000071c       ??_C@_02PCIJFNDE@?$AN?6?$AA@ 000000018000171c     TmpClass.obj
 0001:00000738       ??_C@_1BC@JIEGIPND@?$AA?5?$AA?5?$AA?5?$AA?$CF?$AAs?$AA?5?$AA?$CF?$AAd?$AA?$AA@ 0000000180001738     TmpClass.obj
 0001:00000750       ??_C@_19BKJMDJK@?$AA?2?$AA?2?$AA?4?$AA?2?$AA?$AA@ 0000000180001750     TmpClass.obj
 0001:00000760       ??_C@_1CE@JKDBMIKG@?$AA?2?$AA?2?$AA?4?$AA?2?$AAP?$AAh?$AAy?$AAs?$AAi?$AAc?$AAa?$AAl?$AAD?$AAr?$AAi?$AAv?$AAe?$AA?$AA@ 0000000180001760     TmpClass.obj
 0001:00000788       ??_C@_1BE@BNONMOPA@?$AA?2?$AA?2?$AA?4?$AA?2?$AAc?$AAd?$AAr?$AAo?$AAm?$AA?$AA@ 0000000180001788     TmpClass.obj
 0001:000007a0       ??_C@_1BC@NAEGMMKI@?$AA?2?$AA?2?$AA?$DP?$AA?2?$AAU?$AAN?$AAC?$AA?2?$AA?$AA@ 00000001800017a0     TmpMix.obj
 0001:000007b8       ??_C@_19MJCDBCKE@?$AA?2?$AA?2?$AA?$DP?$AA?2?$AA?$AA@ 00000001800017b8     TmpMix.obj
 0001:000007c8       ??_C@_1CC@OPFFOEHP@?$AA?$CF?$AAF?$AAA?$AAR?$AAH?$AAO?$AAM?$AAE?$AA?$CF?$AA?$DL?$AA?$CF?$AAP?$AAA?$AAT?$AAH?$AA?$CF?$AA?$AA@ 00000001800017c8     TmpMix.obj
 0001:000007f0       _pDefaultRawDllMain        00000001800017f0     LIBCMT:dll_dllmain.obj
 0001:000007f0       _pRawDllMain               00000001800017f0     LIBCMT:dll_dllmain.obj
 0001:00000800       ??_7exception@std@@6B@     0000000180001800     LIBCMT:throw_bad_alloc.obj
 0001:00000810       ??_C@_0BC@EOODALEL@Unknown?5exception?$AA@ 0000000180001810     LIBCMT:throw_bad_alloc.obj
 0001:00000830       ??_7bad_alloc@std@@6B@     0000000180001830     LIBCMT:throw_bad_alloc.obj
 0001:00000840       ??_C@_0P@GHFPNOJB@bad?5allocation?$AA@ 0000000180001840     LIBCMT:throw_bad_alloc.obj
 0001:00000858       ??_7bad_array_new_length@std@@6B@ 0000000180001858     LIBCMT:throw_bad_alloc.obj
 0001:00000868       ??_C@_0BF@KINCDENJ@bad?5array?5new?5length?$AA@ 0000000180001868     LIBCMT:throw_bad_alloc.obj
 0001:00000888       ??_7type_info@@6B@         0000000180001888     LIBCMT:std_type_info_static.obj
 0001:00000890       _Microsoft_CRTProvider     0000000180001890     libvcruntime:telemetry.obj
 0001:00000898       ??_C@_00CNPNBAHC@?$AA@     0000000180001898     libvcruntime:telemetry.obj
 0001:000008a0       ??_C@_0O@JEOPJOMI@Main?5Invoked?4?$AA@ 00000001800018a0     libvcruntime:telemetry.obj
 0001:000008b0       ??_C@_0P@NEAEIBDO@Main?5Returned?4?$AA@ 00000001800018b0     libvcruntime:telemetry.obj
 0001:00000920       ??_C@_1BC@DNHGCMLG@?$AAa?$AAd?$AAv?$AAa?$AAp?$AAi?$AA3?$AA2?$AA?$AA@ 0000000180001920     libvcruntime:winapi_downlevel.obj
 0001:00000938       ??_C@_1DM@KHCHBNEB@?$AAa?$AAp?$AAi?$AA?9?$AAm?$AAs?$AA?9?$AAw?$AAi?$AAn?$AA?9?$AAc?$AAo?$AAr?$AAe?$AA?9?$AAf?$AAi?$AAb?$AAe?$AAr?$AAs?$AA?9?$AAl?$AA1?$AA?9?$AA1?$AA?9?$AA1?$AA?$AA@ 0000000180001938     libvcruntime:winapi_downlevel.obj
 0001:00000978       ??_C@_1DK@LPPGFMPP@?$AAa?$AAp?$AAi?$AA?9?$AAm?$AAs?$AA?9?$AAw?$AAi?$AAn?$AA?9?$AAc?$AAo?$AAr?$AAe?$AA?9?$AAs?$AAy?$AAn?$AAc?$AAh?$AA?9?$AAl?$AA1?$AA?9?$AA2?$AA?9?$AA0?$AA?$AA@ 0000000180001978     libvcruntime:winapi_downlevel.obj
 0001:000009b8       ??_C@_1BC@GDMECMAK@?$AAk?$AAe?$AAr?$AAn?$AAe?$AAl?$AA3?$AA2?$AA?$AA@ 00000001800019b8     libvcruntime:winapi_downlevel.obj
 0001:000009d0       ??_C@_0O@BAMBGLIE@EventRegister?$AA@ 00000001800019d0     libvcruntime:winapi_downlevel.obj
 0001:000009e8       ??_C@_0BE@BJEEGHGK@EventSetInformation?$AA@ 00000001800019e8     libvcruntime:winapi_downlevel.obj
 0001:00000a00       ??_C@_0BA@FAKLIPIC@EventUnregister?$AA@ 0000000180001a00     libvcruntime:winapi_downlevel.obj
 0001:00000a18       ??_C@_0BD@PKLHJPHD@EventWriteTransfer?$AA@ 0000000180001a18     libvcruntime:winapi_downlevel.obj
 0001:00000a38       ??_C@_08KNHFBNJ@FlsAlloc?$AA@ 0000000180001a38     libvcruntime:winapi_downlevel.obj
 0001:00000a50       ??_C@_07PEJMOBNF@FlsFree?$AA@ 0000000180001a50     libvcruntime:winapi_downlevel.obj
 0001:00000a60       ??_C@_0M@GDNOONDI@FlsGetValue?$AA@ 0000000180001a60     libvcruntime:winapi_downlevel.obj
 0001:00000a78       ??_C@_0M@JCPCPOEF@FlsSetValue?$AA@ 0000000180001a78     libvcruntime:winapi_downlevel.obj
 0001:00000a90       ??_C@_0BM@HCFOFFN@InitializeCriticalSectionEx?$AA@ 0000000180001a90     libvcruntime:winapi_downlevel.obj
 0001:00000dd0       ??_C@_08EHJDFFNH@__based?$CI?$AA@ 0000000180001dd0     libvcruntime:undname.obj
 0001:00000de0       ??_C@_07KOLFKCDI@__cdecl?$AA@ 0000000180001de0     libvcruntime:undname.obj
 0001:00000de8       ??_C@_08GHMPAG@__pascal?$AA@ 0000000180001de8     libvcruntime:undname.obj
 0001:00000df8       ??_C@_09IFJBGAPI@__stdcall?$AA@ 0000000180001df8     libvcruntime:undname.obj
 0001:00000e08       ??_C@_0L@NPHFGOKO@__thiscall?$AA@ 0000000180001e08     libvcruntime:undname.obj
 0001:00000e18       ??_C@_0L@JMKHOMEK@__fastcall?$AA@ 0000000180001e18     libvcruntime:undname.obj
 0001:00000e28       ??_C@_0N@BCKKPABJ@__vectorcall?$AA@ 0000000180001e28     libvcruntime:undname.obj
 0001:00000e38       ??_C@_09HIJEGCPM@__clrcall?$AA@ 0000000180001e38     libvcruntime:undname.obj
 0001:00000e44       ??_C@_06GHPCKEAG@__eabi?$AA@ 0000000180001e44     libvcruntime:undname.obj
 0001:00000e50       ??_C@_07JOMMBBKO@__ptr64?$AA@ 0000000180001e50     libvcruntime:undname.obj
 0001:00000e58       ??_C@_0L@PILCLIHE@__restrict?$AA@ 0000000180001e58     libvcruntime:undname.obj
 0001:00000e68       ??_C@_0M@GFIIJFMG@__unaligned?$AA@ 0000000180001e68     libvcruntime:undname.obj
 0001:00000e78       ??_C@_09DHDLOLLB@restrict?$CI?$AA@ 0000000180001e78     libvcruntime:undname.obj
 0001:00000e84       ??_C@_04NIHEBCM@?5new?$AA@ 0000000180001e84     libvcruntime:undname.obj
 0001:00000e90       ??_C@_07FPCDHGMM@?5delete?$AA@ 0000000180001e90     libvcruntime:undname.obj
 0001:00000e98       ??_C@_01NEMOKFLO@?$DN?$AA@ 0000000180001e98     libvcruntime:undname.obj
 0001:00000e9c       ??_C@_02GPIOPFAK@?$DO?$DO?$AA@ 0000000180001e9c     libvcruntime:undname.obj
 0001:00000ea0       ??_C@_02FODMEDOG@?$DM?$DM?$AA@ 0000000180001ea0     libvcruntime:undname.obj
 0001:00000ea4       ??_C@_01DCLJPIOD@?$CB?$AA@ 0000000180001ea4     libvcruntime:undname.obj
 0001:00000ea8       ??_C@_02EGOFBIJA@?$DN?$DN?$AA@ 0000000180001ea8     libvcruntime:undname.obj
 0001:00000eac       ??_C@_02FDNJECIE@?$CB?$DN?$AA@ 0000000180001eac     libvcruntime:undname.obj
 0001:00000eb0       ??_C@_02GPECMEKF@?$FL?$FN?$AA@ 0000000180001eb0     libvcruntime:undname.obj
 0001:00000eb8       ??_C@_08LHJFAFGD@operator?$AA@ 0000000180001eb8     libvcruntime:undname.obj
 0001:00000ec4       ??_C@_02HBOOOICD@?9?$DO?$AA@ 0000000180001ec4     libvcruntime:undname.obj
 0001:00000ec8       ??_C@_01NBENCBCI@?$CK?$AA@ 0000000180001ec8     libvcruntime:undname.obj
 0001:00000ecc       ??_C@_02ECNGHCIF@?$CL?$CL?$AA@ 0000000180001ecc     libvcruntime:undname.obj
 0001:00000ed0       ??_C@_02BAABKJLB@?9?9?$AA@ 0000000180001ed0     libvcruntime:undname.obj
 0001:00000ed4       ??_C@_01JOAMLHOP@?9?$AA@   0000000180001ed4     libvcruntime:undname.obj
 0001:00000ed8       ??_C@_01MIFGBAGJ@?$CL?$AA@ 0000000180001ed8     libvcruntime:undname.obj
 0001:00000edc       ??_C@_01HNPIGOCE@?$CG?$AA@ 0000000180001edc     libvcruntime:undname.obj
 0001:00000ee0       ??_C@_03MNHNFDLC@?9?$DO?$CK?$AA@ 0000000180001ee0     libvcruntime:undname.obj
 0001:00000ee4       ??_C@_01KMDKNFGN@?1?$AA@   0000000180001ee4     libvcruntime:undname.obj
 0001:00000ee8       ??_C@_01FGNFDNOH@?$CF?$AA@ 0000000180001ee8     libvcruntime:undname.obj
 0001:00000eec       ??_C@_01MNNFJEPP@?$DM?$AA@ 0000000180001eec     libvcruntime:undname.obj
 0001:00000ef0       ??_C@_02EHCHHCKH@?$DM?$DN?$AA@ 0000000180001ef0     libvcruntime:undname.obj
 0001:00000ef4       ??_C@_01PPODPGHN@?$DO?$AA@ 0000000180001ef4     libvcruntime:undname.obj
 0001:00000ef8       ??_C@_02EEKDKGMJ@?$DO?$DN?$AA@ 0000000180001ef8     libvcruntime:undname.obj
 0001:00000efc       ??_C@_01IHBHIGKO@?0?$AA@   0000000180001efc     libvcruntime:undname.obj
 0001:00000f00       ??_C@_02HCKGKOFO@?$CI?$CJ?$AA@ 0000000180001f00     libvcruntime:undname.obj
 0001:00000f04       ??_C@_01PJKLJHI@?$HO?$AA@  0000000180001f04     libvcruntime:undname.obj
 0001:00000f08       ??_C@_01JKBOJNNK@?$FO?$AA@ 0000000180001f08     libvcruntime:undname.obj
 0001:00000f0c       ??_C@_01DNKMNLPK@?$HM?$AA@ 0000000180001f0c     libvcruntime:undname.obj
 0001:00000f10       ??_C@_02PPKAJPJL@?$CG?$CG?$AA@ 0000000180001f10     libvcruntime:undname.obj
 0001:00000f14       ??_C@_02NONPIBCD@?$HM?$HM?$AA@ 0000000180001f14     libvcruntime:undname.obj
 0001:00000f18       ??_C@_02FPIMKNGF@?$CK?$DN?$AA@ 0000000180001f18     libvcruntime:undname.obj
 0001:00000f1c       ??_C@_02FOEOMHFC@?$CL?$DN?$AA@ 0000000180001f1c     libvcruntime:undname.obj
 0001:00000f20       ??_C@_02FKMDLLOA@?9?$DN?$AA@ 0000000180001f20     libvcruntime:undname.obj
 0001:00000f24       ??_C@_02FJEHGPIO@?1?$DN?$AA@ 0000000180001f24     libvcruntime:undname.obj
 0001:00000f28       ??_C@_02FENAOKFI@?$CF?$DN?$AA@ 0000000180001f28     libvcruntime:undname.obj
 0001:00000f2c       ??_C@_03IKFCCPFF@?$DO?$DO?$DN?$AA@ 0000000180001f2c     libvcruntime:undname.obj
 0001:00000f30       ??_C@_03CDNPDDLA@?$DM?$DM?$DN?$AA@ 0000000180001f30     libvcruntime:undname.obj
 0001:00000f34       ??_C@_02FGJGFEAB@?$CG?$DN?$AA@ 0000000180001f34     libvcruntime:undname.obj
 0001:00000f38       ??_C@_02DHLNPPGH@?$HM?$DN?$AA@ 0000000180001f38     libvcruntime:undname.obj
 0001:00000f3c       ??_C@_02MHEGNOJ@?$FO?$DN?$AA@ 0000000180001f3c     libvcruntime:undname.obj
 0001:00000f40       ??_C@_09IFPLHPGF@?$GAvftable?8?$AA@ 0000000180001f40     libvcruntime:undname.obj
 0001:00000f50       ??_C@_09BLBHBJP@?$GAvbtable?8?$AA@ 0000000180001f50     libvcruntime:undname.obj
 0001:00000f60       ??_C@_07FEEIOKP@?$GAvcall?8?$AA@ 0000000180001f60     libvcruntime:undname.obj
 0001:00000f68       ??_C@_08LLFFHHDJ@?$GAtypeof?8?$AA@ 0000000180001f68     libvcruntime:undname.obj
 0001:00000f78       ??_C@_0BF@KDPPACIK@?$GAlocal?5static?5guard?8?$AA@ 0000000180001f78     libvcruntime:undname.obj
 0001:00000f90       ??_C@_08OBABFOLI@?$GAstring?8?$AA@ 0000000180001f90     libvcruntime:undname.obj
 0001:00000fa0       ??_C@_0BD@JDLKDPAB@?$GAvbase?5destructor?8?$AA@ 0000000180001fa0     libvcruntime:undname.obj
 0001:00000fb8       ??_C@_0BN@DEGPLNFK@?$GAvector?5deleting?5destructor?8?$AA@ 0000000180001fb8     libvcruntime:undname.obj
 0001:00000fd8       ??_C@_0BO@OBMKPJIG@?$GAdefault?5constructor?5closure?8?$AA@ 0000000180001fd8     libvcruntime:undname.obj
 0001:00000ff8       ??_C@_0BN@IMDCHIKM@?$GAscalar?5deleting?5destructor?8?$AA@ 0000000180001ff8     libvcruntime:undname.obj
 0001:00001018       ??_C@_0BO@PFGOCPJJ@?$GAvector?5constructor?5iterator?8?$AA@ 0000000180002018     libvcruntime:undname.obj
 0001:00001038       ??_C@_0BN@LFPFMEDL@?$GAvector?5destructor?5iterator?8?$AA@ 0000000180002038     libvcruntime:undname.obj
 0001:00001058       ??_C@_0CE@IKBNEHA@?$GAvector?5vbase?5constructor?5iterat@ 0000000180002058     libvcruntime:undname.obj
 0001:00001080       ??_C@_0BL@NILFHHPC@?$GAvirtual?5displacement?5map?8?$AA@ 0000000180002080     libvcruntime:undname.obj
 0001:000010a0       ??_C@_0CB@JONCMFFK@?$GAeh?5vector?5constructor?5iterator?8@ 00000001800020a0     libvcruntime:undname.obj
 0001:000010c8       ??_C@_0CA@GCEOPDGL@?$GAeh?5vector?5destructor?5iterator?8?$AA@ 00000001800020c8     libvcruntime:undname.obj
 0001:000010e8       ??_C@_0CH@OOJPLCPH@?$GAeh?5vector?5vbase?5constructor?5ite@ 00000001800020e8     libvcruntime:undname.obj
 0001:00001110       ??_C@_0BL@LLKPOHJI@?$GAcopy?5constructor?5closure?8?$AA@ 0000000180002110     libvcruntime:undname.obj
 0001:00001130       ??_C@_0BA@KBCDOMBN@?$GAudt?5returning?8?$AA@ 0000000180002130     libvcruntime:undname.obj
 0001:00001140       ??_C@_03KLGMFNMG@?$GAEH?$AA@ 0000000180002140     libvcruntime:undname.obj
 0001:00001144       ??_C@_05KHLCHHI@?$GARTTI?$AA@ 0000000180002144     libvcruntime:undname.obj
 0001:00001150       ??_C@_0BA@KKLDJDLB@?$GAlocal?5vftable?8?$AA@ 0000000180002150     libvcruntime:undname.obj
 0001:00001160       ??_C@_0CE@IIHCMGGL@?$GAlocal?5vftable?5constructor?5closu@ 0000000180002160     libvcruntime:undname.obj
 0001:00001184       ??_C@_06FHBGPFGH@?5new?$FL?$FN?$AA@ 0000000180002184     libvcruntime:undname.obj
 0001:00001190       ??_C@_09LBNFPBCA@?5delete?$FL?$FN?$AA@ 0000000180002190     libvcruntime:undname.obj
 0001:000011a0       ??_C@_0P@HJKNJFNN@?$GAomni?5callsig?8?$AA@ 00000001800021a0     libvcruntime:undname.obj
 0001:000011b0       ??_C@_0BL@CNOONJFP@?$GAplacement?5delete?5closure?8?$AA@ 00000001800021b0     libvcruntime:undname.obj
 0001:000011d0       ??_C@_0BN@CKNJLHMB@?$GAplacement?5delete?$FL?$FN?5closure?8?$AA@ 00000001800021d0     libvcruntime:undname.obj
 0001:000011f0       ??_C@_0CG@CFDHKGGD@?$GAmanaged?5vector?5constructor?5iter@ 00000001800021f0     libvcruntime:undname.obj
 0001:00001218       ??_C@_0CF@IMGKMJNO@?$GAmanaged?5vector?5destructor?5itera@ 0000000180002218     libvcruntime:undname.obj
 0001:00001240       ??_C@_0CG@HLDDJMAG@?$GAeh?5vector?5copy?5constructor?5iter@ 0000000180002240     libvcruntime:undname.obj
 0001:00001268       ??_C@_0CM@FCBBDIGB@?$GAeh?5vector?5vbase?5copy?5constructo@ 0000000180002268     libvcruntime:undname.obj
 0001:00001298       ??_C@_0BL@CLIPGLGB@?$GAdynamic?5initializer?5for?5?8?$AA@ 0000000180002298     libvcruntime:undname.obj
 0001:000012b8       ??_C@_0CB@PDBIFEP@?$GAdynamic?5atexit?5destructor?5for?5?8@ 00000001800022b8     libvcruntime:undname.obj
 0001:000012e0       ??_C@_0CD@CGAJBKEJ@?$GAvector?5copy?5constructor?5iterato@ 00000001800022e0     libvcruntime:undname.obj
 0001:00001308       ??_C@_0CJ@GJELGAMM@?$GAvector?5vbase?5copy?5constructor?5i@ 0000000180002308     libvcruntime:undname.obj
 0001:00001338       ??_C@_0CL@FGIJHLCE@?$GAmanaged?5vector?5copy?5constructor@ 0000000180002338     libvcruntime:undname.obj
 0001:00001368       ??_C@_0BM@PMGGMLDN@?$GAlocal?5static?5thread?5guard?8?$AA@ 0000000180002368     libvcruntime:undname.obj
 0001:00001388       ??_C@_0N@BDNMDMOL@operator?5?$CC?$CC?5?$AA@ 0000000180002388     libvcruntime:undname.obj
 0001:00001398       ??_C@_0BC@DAFEJGAK@?5Type?5Descriptor?8?$AA@ 0000000180002398     libvcruntime:undname.obj
 0001:000013b0       ??_C@_0BM@LDKODKLH@?5Base?5Class?5Descriptor?5at?5?$CI?$AA@ 00000001800023b0     libvcruntime:undname.obj
 0001:000013d0       ??_C@_0BD@LGICGFMM@?5Base?5Class?5Array?8?$AA@ 00000001800023d0     libvcruntime:undname.obj
 0001:000013e8       ??_C@_0BN@MECKDCOJ@?5Class?5Hierarchy?5Descriptor?8?$AA@ 00000001800023e8     libvcruntime:undname.obj
 0001:00001408       ??_C@_0BK@CFCOFLF@?5Complete?5Object?5Locator?8?$AA@ 0000000180002408     libvcruntime:undname.obj
 0001:00001430       __acrt_exception_action_table 0000000180002430     libucrt:exception_filter.obj
 0001:000014f0       __acrt_signal_action_table_count 00000001800024f0     libucrt:exception_filter.obj
 0001:000014f8       __acrt_signal_action_first_fpe_index 00000001800024f8     libucrt:exception_filter.obj
 0001:00001500       __acrt_signal_action_fpe_count 0000000180002500     libucrt:exception_filter.obj
 0001:00001508       ??_C@_1BI@BGOHAHKC@?$AAm?$AAs?$AAc?$AAo?$AAr?$AAe?$AAe?$AA?4?$AAd?$AAl?$AAl?$AA?$AA@ 0000000180002508     libucrt:exit.obj
 0001:00001520       ??_C@_0P@MIGLKIOC@CorExitProcess?$AA@ 0000000180002520     libucrt:exit.obj
 0001:000016c0       ??_C@_1EG@CNNIPFIM@?$AAa?$AAp?$AAi?$AA?9?$AAm?$AAs?$AA?9?$AAw?$AAi?$AAn?$AA?9?$AAa?$AAp?$AAp?$AAm?$AAo?$AAd?$AAe?$AAl?$AA?9?$AAr?$AAu?$AAn?$AAt?$AAi?$AAm?$AAe?$AA?9?$AAl?$AA1?$AA?9?$AA1@ 00000001800026c0     libucrt:winapi_thunks.obj
 0001:00001710       ??_C@_1EA@JGEFHKEI@?$AAa?$AAp?$AAi?$AA?9?$AAm?$AAs?$AA?9?$AAw?$AAi?$AAn?$AA?9?$AAc?$AAo?$AAr?$AAe?$AA?9?$AAd?$AAa?$AAt?$AAe?$AAt?$AAi?$AAm?$AAe?$AA?9?$AAl?$AA1?$AA?9?$AA1?$AA?9?$AA1?$AA?$AA@ 0000000180002710     libucrt:winapi_thunks.obj
 0001:00001750       ??_C@_1DI@GCIAAENM@?$AAa?$AAp?$AAi?$AA?9?$AAm?$AAs?$AA?9?$AAw?$AAi?$AAn?$AA?9?$AAc?$AAo?$AAr?$AAe?$AA?9?$AAf?$AAi?$AAl?$AAe?$AA?9?$AAl?$AA2?$AA?9?$AA1?$AA?9?$AA1?$AA?$AA@ 0000000180002750     libucrt:winapi_thunks.obj
 0001:00001790       ??_C@_1EI@MPIAOHOC@?$AAa?$AAp?$AAi?$AA?9?$AAm?$AAs?$AA?9?$AAw?$AAi?$AAn?$AA?9?$AAc?$AAo?$AAr?$AAe?$AA?9?$AAl?$AAo?$AAc?$AAa?$AAl?$AAi?$AAz?$AAa?$AAt?$AAi?$AAo?$AAn?$AA?9?$AAl?$AA1?$AA?9@ 0000000180002790     libucrt:winapi_thunks.obj
 0001:000017e0       ??_C@_1FK@FPHCKFIE@?$AAa?$AAp?$AAi?$AA?9?$AAm?$AAs?$AA?9?$AAw?$AAi?$AAn?$AA?9?$AAc?$AAo?$AAr?$AAe?$AA?9?$AAl?$AAo?$AAc?$AAa?$AAl?$AAi?$AAz?$AAa?$AAt?$AAi?$AAo?$AAn?$AA?9?$AAo?$AAb?$AAs@ 00000001800027e0     libucrt:winapi_thunks.obj
 0001:00001840       ??_C@_1EM@DILCGIIO@?$AAa?$AAp?$AAi?$AA?9?$AAm?$AAs?$AA?9?$AAw?$AAi?$AAn?$AA?9?$AAc?$AAo?$AAr?$AAe?$AA?9?$AAp?$AAr?$AAo?$AAc?$AAe?$AAs?$AAs?$AAt?$AAh?$AAr?$AAe?$AAa?$AAd?$AAs?$AA?9?$AAl@ 0000000180002840     libucrt:winapi_thunks.obj
 0001:00001890       ??_C@_1DM@LNCGDDPN@?$AAa?$AAp?$AAi?$AA?9?$AAm?$AAs?$AA?9?$AAw?$AAi?$AAn?$AA?9?$AAc?$AAo?$AAr?$AAe?$AA?9?$AAs?$AAt?$AAr?$AAi?$AAn?$AAg?$AA?9?$AAl?$AA1?$AA?9?$AA1?$AA?9?$AA0?$AA?$AA@ 0000000180002890     libucrt:winapi_thunks.obj
 0001:000018d0       ??_C@_1DO@FPAPJEMD@?$AAa?$AAp?$AAi?$AA?9?$AAm?$AAs?$AA?9?$AAw?$AAi?$AAn?$AA?9?$AAc?$AAo?$AAr?$AAe?$AA?9?$AAs?$AAy?$AAs?$AAi?$AAn?$AAf?$AAo?$AA?9?$AAl?$AA1?$AA?9?$AA2?$AA?9?$AA1?$AA?$AA@ 00000001800028d0     libucrt:winapi_thunks.obj
 0001:00001910       ??_C@_1DK@NDHNAHIO@?$AAa?$AAp?$AAi?$AA?9?$AAm?$AAs?$AA?9?$AAw?$AAi?$AAn?$AA?9?$AAc?$AAo?$AAr?$AAe?$AA?9?$AAw?$AAi?$AAn?$AAr?$AAt?$AA?9?$AAl?$AA1?$AA?9?$AA1?$AA?9?$AA0?$AA?$AA@ 0000000180002910     libucrt:winapi_thunks.obj
 0001:00001950       ??_C@_1DM@KGHDGBCM@?$AAa?$AAp?$AAi?$AA?9?$AAm?$AAs?$AA?9?$AAw?$AAi?$AAn?$AA?9?$AAc?$AAo?$AAr?$AAe?$AA?9?$AAx?$AAs?$AAt?$AAa?$AAt?$AAe?$AA?9?$AAl?$AA2?$AA?9?$AA1?$AA?9?$AA0?$AA?$AA@ 0000000180002950     libucrt:winapi_thunks.obj
 0001:00001990       ??_C@_1EO@IJIOEFOH@?$AAa?$AAp?$AAi?$AA?9?$AAm?$AAs?$AA?9?$AAw?$AAi?$AAn?$AA?9?$AAr?$AAt?$AAc?$AAo?$AAr?$AAe?$AA?9?$AAn?$AAt?$AAu?$AAs?$AAe?$AAr?$AA?9?$AAw?$AAi?$AAn?$AAd?$AAo?$AAw?$AA?9@ 0000000180002990     libucrt:winapi_thunks.obj
 0001:000019e0       ??_C@_1FG@HHGEKANL@?$AAa?$AAp?$AAi?$AA?9?$AAm?$AAs?$AA?9?$AAw?$AAi?$AAn?$AA?9?$AAs?$AAe?$AAc?$AAu?$AAr?$AAi?$AAt?$AAy?$AA?9?$AAs?$AAy?$AAs?$AAt?$AAe?$AAm?$AAf?$AAu?$AAn?$AAc?$AAt?$AAi@ 00000001800029e0     libucrt:winapi_thunks.obj
 0001:00001a40       ??_C@_1FG@NCKKOLKO@?$AAe?$AAx?$AAt?$AA?9?$AAm?$AAs?$AA?9?$AAw?$AAi?$AAn?$AA?9?$AAk?$AAe?$AAr?$AAn?$AAe?$AAl?$AA3?$AA2?$AA?9?$AAp?$AAa?$AAc?$AAk?$AAa?$AAg?$AAe?$AA?9?$AAc?$AAu?$AAr?$AAr@ 0000000180002a40     libucrt:winapi_thunks.obj
 0001:00001aa0       ??_C@_1EG@DBIOJECG@?$AAe?$AAx?$AAt?$AA?9?$AAm?$AAs?$AA?9?$AAw?$AAi?$AAn?$AA?9?$AAn?$AAt?$AAu?$AAs?$AAe?$AAr?$AA?9?$AAd?$AAi?$AAa?$AAl?$AAo?$AAg?$AAb?$AAo?$AAx?$AA?9?$AAl?$AA1?$AA?9?$AA1@ 0000000180002aa0     libucrt:winapi_thunks.obj
 0001:00001af0       ??_C@_1EO@FIHMJCLF@?$AAe?$AAx?$AAt?$AA?9?$AAm?$AAs?$AA?9?$AAw?$AAi?$AAn?$AA?9?$AAn?$AAt?$AAu?$AAs?$AAe?$AAr?$AA?9?$AAw?$AAi?$AAn?$AAd?$AAo?$AAw?$AAs?$AAt?$AAa?$AAt?$AAi?$AAo?$AAn?$AA?9@ 0000000180002af0     libucrt:winapi_thunks.obj
 0001:00001b40       ??_C@_1O@BCCLBEOE@?$AAu?$AAs?$AAe?$AAr?$AA3?$AA2?$AA?$AA@ 0000000180002b40     libucrt:winapi_thunks.obj
 0001:00001b78       ??_C@_0BE@JOGNEJCI@GetCurrentPackageId?$AA@ 0000000180002b78     libucrt:winapi_thunks.obj
 0001:00001ba0       ??_C@_0O@KKBNKAPF@LCMapStringEx?$AA@ 0000000180002ba0     libucrt:winapi_thunks.obj
 0001:00001bb8       ??_C@_0BB@HBDEELFH@LocaleNameToLCID?$AA@ 0000000180002bb8     libucrt:winapi_thunks.obj
 0001:00001d58       ??_C@_1M@HPNHIDJI@?$AAj?$AAa?$AA?9?$AAJ?$AAP?$AA?$AA@ 0000000180002d58     libucrt:mbctype.obj
 0001:00001d68       ??_C@_1M@BIBDDEMK@?$AAz?$AAh?$AA?9?$AAC?$AAN?$AA?$AA@ 0000000180002d68     libucrt:mbctype.obj
 0001:00001d78       ??_C@_1M@JLOOOEGK@?$AAk?$AAo?$AA?9?$AAK?$AAR?$AA?$AA@ 0000000180002d78     libucrt:mbctype.obj
 0001:00001d88       ??_C@_1M@CLNBBOPM@?$AAz?$AAh?$AA?9?$AAT?$AAW?$AA?$AA@ 0000000180002d88     libucrt:mbctype.obj
 0001:00001da0       __lc_time_c                0000000180002da0     libucrt:nlsdata.obj
 0001:00002060       ??_C@_03KOEHGMDN@Sun?$AA@  0000000180003060     libucrt:nlsdata.obj
 0001:00002064       ??_C@_03PDAGKDH@Mon?$AA@   0000000180003064     libucrt:nlsdata.obj
 0001:00002068       ??_C@_03NAGEINEP@Tue?$AA@  0000000180003068     libucrt:nlsdata.obj
 0001:0000206c       ??_C@_03MHOMLAJA@Wed?$AA@  000000018000306c     libucrt:nlsdata.obj
 0001:00002070       ??_C@_03IOFIKPDN@Thu?$AA@  0000000180003070     libucrt:nlsdata.obj
 0001:00002074       ??_C@_03IDIOELNC@Fri?$AA@  0000000180003074     libucrt:nlsdata.obj
 0001:00002078       ??_C@_03FEFJNEK@Sat?$AA@   0000000180003078     libucrt:nlsdata.obj
 0001:0000207c       ??_C@_06OOPIFAJ@Sunday?$AA@ 000000018000307c     libucrt:nlsdata.obj
 0001:00002084       ??_C@_06JLEDEDGH@Monday?$AA@ 0000000180003084     libucrt:nlsdata.obj
 0001:00002090       ??_C@_07BAAGCFCM@Tuesday?$AA@ 0000000180003090     libucrt:nlsdata.obj
 0001:00002098       ??_C@_09DLIGFAKA@Wednesday?$AA@ 0000000180003098     libucrt:nlsdata.obj
 0001:000020a8       ??_C@_08HACCIKIA@Thursday?$AA@ 00000001800030a8     libucrt:nlsdata.obj
 0001:000020b4       ??_C@_06JECMNKMI@Friday?$AA@ 00000001800030b4     libucrt:nlsdata.obj
 0001:000020c0       ??_C@_08INBOOONO@Saturday?$AA@ 00000001800030c0     libucrt:nlsdata.obj
 0001:000020cc       ??_C@_03JIHJHPIE@Jan?$AA@  00000001800030cc     libucrt:nlsdata.obj
 0001:000020d0       ??_C@_03HJBDCHOM@Feb?$AA@  00000001800030d0     libucrt:nlsdata.obj
 0001:000020d4       ??_C@_03ODNJBKGA@Mar?$AA@  00000001800030d4     libucrt:nlsdata.obj
 0001:000020d8       ??_C@_03LEOLGMJP@Apr?$AA@  00000001800030d8     libucrt:nlsdata.obj
 0001:000020dc       ??_C@_03CNMDKL@May?$AA@    00000001800030dc     libucrt:nlsdata.obj
 0001:000020e0       ??_C@_03IDFGHECI@Jun?$AA@  00000001800030e0     libucrt:nlsdata.obj
 0001:000020e4       ??_C@_03LBGABGKK@Jul?$AA@  00000001800030e4     libucrt:nlsdata.obj
 0001:000020e8       ??_C@_03IFJFEIGA@Aug?$AA@  00000001800030e8     libucrt:nlsdata.obj
 0001:000020ec       ??_C@_03GGCAPAJC@Sep?$AA@  00000001800030ec     libucrt:nlsdata.obj
 0001:000020f0       ??_C@_03BMAOKBAD@Oct?$AA@  00000001800030f0     libucrt:nlsdata.obj
 0001:000020f4       ??_C@_03JPJOFNIA@Nov?$AA@  00000001800030f4     libucrt:nlsdata.obj
 0001:000020f8       ??_C@_03MKABNOCG@Dec?$AA@  00000001800030f8     libucrt:nlsdata.obj
 0001:00002100       ??_C@_07CGJPFGJA@January?$AA@ 0000000180003100     libucrt:nlsdata.obj
 0001:00002108       ??_C@_08GNJGEPFN@February?$AA@ 0000000180003108     libucrt:nlsdata.obj
 0001:00002114       ??_C@_05HPCKOFNC@March?$AA@ 0000000180003114     libucrt:nlsdata.obj
 0001:0000211c       ??_C@_05DMJDNLEJ@April?$AA@ 000000018000311c     libucrt:nlsdata.obj
 0001:00002124       ??_C@_04CNLMGBGM@June?$AA@ 0000000180003124     libucrt:nlsdata.obj
 0001:0000212c       ??_C@_04MIEPOIFP@July?$AA@ 000000018000312c     libucrt:nlsdata.obj
 0001:00002134       ??_C@_06LBBHFDDG@August?$AA@ 0000000180003134     libucrt:nlsdata.obj
 0001:00002140       ??_C@_09BHHEALKD@September?$AA@ 0000000180003140     libucrt:nlsdata.obj
 0001:00002150       ??_C@_07JJNFCEND@October?$AA@ 0000000180003150     libucrt:nlsdata.obj
 0001:00002158       ??_C@_08HCHEGEOA@November?$AA@ 0000000180003158     libucrt:nlsdata.obj
 0001:00002168       ??_C@_08EDHMEBNP@December?$AA@ 0000000180003168     libucrt:nlsdata.obj
 0001:00002174       ??_C@_02DEDBPAFC@AM?$AA@   0000000180003174     libucrt:nlsdata.obj
 0001:00002178       ??_C@_02CJNFDJBF@PM?$AA@   0000000180003178     libucrt:nlsdata.obj
 0001:00002180       ??_C@_08BPBNCDIB@MM?1dd?1yy?$AA@ 0000000180003180     libucrt:nlsdata.obj
 0001:00002190       ??_C@_0BE@CKGJFCPC@dddd?0?5MMMM?5dd?0?5yyyy?$AA@ 0000000180003190     libucrt:nlsdata.obj
 0001:000021a8       ??_C@_08JCCMCCIL@HH?3mm?3ss?$AA@ 00000001800031a8     libucrt:nlsdata.obj
 0001:000021b8       ??_C@_17MBGCMIPB@?$AAS?$AAu?$AAn?$AA?$AA@ 00000001800031b8     libucrt:nlsdata.obj
 0001:000021c0       ??_C@_17KBOMKBF@?$AAM?$AAo?$AAn?$AA?$AA@ 00000001800031c0     libucrt:nlsdata.obj
 0001:000021c8       ??_C@_17BMKGEGOJ@?$AAT?$AAu?$AAe?$AA?$AA@ 00000001800031c8     libucrt:nlsdata.obj
 0001:000021d0       ??_C@_17CJEDCEPE@?$AAW?$AAe?$AAd?$AA?$AA@ 00000001800031d0     libucrt:nlsdata.obj
 0001:000021d8       ??_C@_17PDPHAADD@?$AAT?$AAh?$AAu?$AA?$AA@ 00000001800031d8     libucrt:nlsdata.obj
 0001:000021e0       ??_C@_17HFOLPPLP@?$AAF?$AAr?$AAi?$AA?$AA@ 00000001800031e0     libucrt:nlsdata.obj
 0001:000021e8       ??_C@_17GGIBDPIH@?$AAS?$AAa?$AAt?$AA?$AA@ 00000001800031e8     libucrt:nlsdata.obj
 0001:000021f0       ??_C@_1O@IHNHDHPB@?$AAS?$AAu?$AAn?$AAd?$AAa?$AAy?$AA?$AA@ 00000001800031f0     libucrt:nlsdata.obj
 0001:00002200       ??_C@_1O@MMNBFLIA@?$AAM?$AAo?$AAn?$AAd?$AAa?$AAy?$AA?$AA@ 0000000180003200     libucrt:nlsdata.obj
 0001:00002210       ??_C@_1BA@ENFBFFEK@?$AAT?$AAu?$AAe?$AAs?$AAd?$AAa?$AAy?$AA?$AA@ 0000000180003210     libucrt:nlsdata.obj
 0001:00002220       ??_C@_1BE@EBOGMDOH@?$AAW?$AAe?$AAd?$AAn?$AAe?$AAs?$AAd?$AAa?$AAy?$AA?$AA@ 0000000180003220     libucrt:nlsdata.obj
 0001:00002238       ??_C@_1BC@HHMNLIHE@?$AAT?$AAh?$AAu?$AAr?$AAs?$AAd?$AAa?$AAy?$AA?$AA@ 0000000180003238     libucrt:nlsdata.obj
 0001:00002250       ??_C@_1O@PDICJHAG@?$AAF?$AAr?$AAi?$AAd?$AAa?$AAy?$AA?$AA@ 0000000180003250     libucrt:nlsdata.obj
 0001:00002260       ??_C@_1BC@ENMNNPAJ@?$AAS?$AAa?$AAt?$AAu?$AAr?$AAd?$AAa?$AAy?$AA?$AA@ 0000000180003260     libucrt:nlsdata.obj
 0001:00002278       ??_C@_17DKNBKCHM@?$AAJ?$AAa?$AAn?$AA?$AA@ 0000000180003278     libucrt:nlsdata.obj
 0001:00002280       ??_C@_17LMDJEKJN@?$AAF?$AAe?$AAb?$AA?$AA@ 0000000180003280     libucrt:nlsdata.obj
 0001:00002288       ??_C@_17CKNLEDEC@?$AAM?$AAa?$AAr?$AA?$AA@ 0000000180003288     libucrt:nlsdata.obj
 0001:00002290       ??_C@_17LFPOIHDD@?$AAA?$AAp?$AAr?$AA?$AA@ 0000000180003290     libucrt:nlsdata.obj
 0001:00002298       ??_C@_17PNNKMEED@?$AAM?$AAa?$AAy?$AA?$AA@ 0000000180003298     libucrt:nlsdata.obj
 0001:000022a0       ??_C@_17KCJGOCPB@?$AAJ?$AAu?$AAn?$AA?$AA@ 00000001800032a0     libucrt:nlsdata.obj
 0001:000022a8       ??_C@_17IJPCKHK@?$AAJ?$AAu?$AAl?$AA?$AA@ 00000001800032a8     libucrt:nlsdata.obj
 0001:000022b0       ??_C@_17ICPELBCN@?$AAA?$AAu?$AAg?$AA?$AA@ 00000001800032b0     libucrt:nlsdata.obj
 0001:000022b8       ??_C@_17HCHCOKMG@?$AAS?$AAe?$AAp?$AA?$AA@ 00000001800032b8     libucrt:nlsdata.obj
 0001:000022c0       ??_C@_17FNLKOI@?$AAO?$AAc?$AAt?$AA?$AA@ 00000001800032c0     libucrt:nlsdata.obj
 0001:000022c8       ??_C@_17BBDMLCIG@?$AAN?$AAo?$AAv?$AA?$AA@ 00000001800032c8     libucrt:nlsdata.obj
 0001:000022d0       ??_C@_17EGKACKIF@?$AAD?$AAe?$AAc?$AA?$AA@ 00000001800032d0     libucrt:nlsdata.obj
 0001:000022d8       ??_C@_1BA@EFMEIEBA@?$AAJ?$AAa?$AAn?$AAu?$AAa?$AAr?$AAy?$AA?$AA@ 00000001800032d8     libucrt:nlsdata.obj
 0001:000022e8       ??_C@_1BC@JGDDFFAM@?$AAF?$AAe?$AAb?$AAr?$AAu?$AAa?$AAr?$AAy?$AA?$AA@ 00000001800032e8     libucrt:nlsdata.obj
 0001:00002300       ??_C@_1M@IKEENEDF@?$AAM?$AAa?$AAr?$AAc?$AAh?$AA?$AA@ 0000000180003300     libucrt:nlsdata.obj
 0001:00002310       ??_C@_1M@GJNLMHFD@?$AAA?$AAp?$AAr?$AAi?$AAl?$AA?$AA@ 0000000180003310     libucrt:nlsdata.obj
 0001:00002320       ??_C@_19EPFLPGAP@?$AAJ?$AAu?$AAn?$AAe?$AA?$AA@ 0000000180003320     libucrt:nlsdata.obj
 0001:00002330       ??_C@_19BIFMLPCD@?$AAJ?$AAu?$AAl?$AAy?$AA?$AA@ 0000000180003330     libucrt:nlsdata.obj
 0001:00002340       ??_C@_1O@PAHLKOAC@?$AAA?$AAu?$AAg?$AAu?$AAs?$AAt?$AA?$AA@ 0000000180003340     libucrt:nlsdata.obj
 0001:00002350       ??_C@_1BE@DKAAMBJL@?$AAS?$AAe?$AAp?$AAt?$AAe?$AAm?$AAb?$AAe?$AAr?$AA?$AA@ 0000000180003350     libucrt:nlsdata.obj
 0001:00002368       ??_C@_1BA@EPANDLNG@?$AAO?$AAc?$AAt?$AAo?$AAb?$AAe?$AAr?$AA?$AA@ 0000000180003368     libucrt:nlsdata.obj
 0001:00002378       ??_C@_1BC@BGLIFPF@?$AAN?$AAo?$AAv?$AAe?$AAm?$AAb?$AAe?$AAr?$AA?$AA@ 0000000180003378     libucrt:nlsdata.obj
 0001:00002390       ??_C@_1BC@FEMKIFH@?$AAD?$AAe?$AAc?$AAe?$AAm?$AAb?$AAe?$AAr?$AA?$AA@ 0000000180003390     libucrt:nlsdata.obj
 0001:000023a4       ??_C@_15ODEHAHHF@?$AAA?$AAM?$AA?$AA@ 00000001800033a4     libucrt:nlsdata.obj
 0001:000023ac       ??_C@_15CLMNNGEL@?$AAP?$AAM?$AA?$AA@ 00000001800033ac     libucrt:nlsdata.obj
 0001:000023b8       ??_C@_1BC@IEBCMHCM@?$AAM?$AAM?$AA?1?$AAd?$AAd?$AA?1?$AAy?$AAy?$AA?$AA@ 00000001800033b8     libucrt:nlsdata.obj
 0001:000023d0       ??_C@_1CI@KNAKOEBC@?$AAd?$AAd?$AAd?$AAd?$AA?0?$AA?5?$AAM?$AAM?$AAM?$AAM?$AA?5?$AAd?$AAd?$AA?0?$AA?5?$AAy?$AAy?$AAy?$AAy?$AA?$AA@ 00000001800033d0     libucrt:nlsdata.obj
 0001:000023f8       ??_C@_1BC@GDGBMEMK@?$AAH?$AAH?$AA?3?$AAm?$AAm?$AA?3?$AAs?$AAs?$AA?$AA@ 00000001800033f8     libucrt:nlsdata.obj
 0001:00002410       ??_C@_1M@BMHNFIME@?$AAe?$AAn?$AA?9?$AAU?$AAS?$AA?$AA@ 0000000180003410     libucrt:nlsdata.obj
 0001:00002420       __newctype                 0000000180003420     libucrt:ctype.obj
 0001:00002720       __newclmap                 0000000180003720     libucrt:ctype.obj
 0001:000028a0       __newcumap                 00000001800038a0     libucrt:ctype.obj
 0001:00003860       ??_C@_15EMKDOKLE@?$AAa?$AAr?$AA?$AA@ 0000000180004860     libucrt:lcidtoname_downlevel.obj
 0001:00003868       ??_C@_15KNPADPLH@?$AAb?$AAg?$AA?$AA@ 0000000180004868     libucrt:lcidtoname_downlevel.obj
 0001:00003870       ??_C@_15EDMHLDMO@?$AAc?$AAa?$AA?$AA@ 0000000180004870     libucrt:lcidtoname_downlevel.obj
 0001:00003878       ??_C@_1O@BPEAJADD@?$AAz?$AAh?$AA?9?$AAC?$AAH?$AAS?$AA?$AA@ 0000000180004878     libucrt:lcidtoname_downlevel.obj
 0001:00003888       ??_C@_15LJNHCMNK@?$AAc?$AAs?$AA?$AA@ 0000000180004888     libucrt:lcidtoname_downlevel.obj
 0001:00003890       ??_C@_15FOMCIDHG@?$AAd?$AAa?$AA?$AA@ 0000000180004890     libucrt:lcidtoname_downlevel.obj
 0001:00003898       ??_C@_15NBKABECB@?$AAd?$AAe?$AA?$AA@ 0000000180004898     libucrt:lcidtoname_downlevel.obj
 0001:000038a0       ??_C@_15GHPEIIAO@?$AAe?$AAl?$AA?$AA@ 00000001800048a0     libucrt:lcidtoname_downlevel.obj
 0001:000038a8       ??_C@_15MNPNEAIF@?$AAe?$AAn?$AA?$AA@ 00000001800048a8     libucrt:lcidtoname_downlevel.obj
 0001:000038b0       ??_C@_15GPIOMPMH@?$AAe?$AAs?$AA?$AA@ 00000001800048b0     libucrt:lcidtoname_downlevel.obj
 0001:000038b8       ??_C@_15NGLOAKJC@?$AAf?$AAi?$AA?$AA@ 00000001800048b8     libucrt:lcidtoname_downlevel.obj
 0001:000038c0       ??_C@_15FBKGNKAM@?$AAf?$AAr?$AA?$AA@ 00000001800048c0     libucrt:lcidtoname_downlevel.obj
 0001:000038c8       ??_C@_15KGGCNEFK@?$AAh?$AAe?$AA?$AA@ 00000001800048c8     libucrt:lcidtoname_downlevel.obj
 0001:000038d0       ??_C@_15PGHLIDMF@?$AAh?$AAu?$AA?$AA@ 00000001800048d0     libucrt:lcidtoname_downlevel.obj
 0001:000038d8       ??_C@_15BIEMAPLM@?$AAi?$AAs?$AA?$AA@ 00000001800048d8     libucrt:lcidtoname_downlevel.obj
 0001:000038e0       ??_C@_15IFJLDHAF@?$AAi?$AAt?$AA?$AA@ 00000001800048e0     libucrt:lcidtoname_downlevel.obj
 0001:000038e8       ??_C@_15GEMIOCAG@?$AAj?$AAa?$AA?$AA@ 00000001800048e8     libucrt:lcidtoname_downlevel.obj
 0001:000038f0       ??_C@_15EPELEGJA@?$AAk?$AAo?$AA?$AA@ 00000001800048f0     libucrt:lcidtoname_downlevel.obj
 0001:000038f8       ??_C@_15NDDHIMN@?$AAn?$AAl?$AA?$AA@ 00000001800048f8     libucrt:lcidtoname_downlevel.obj
 0001:00003900       ??_C@_15BPIGNHCD@?$AAn?$AAo?$AA?$AA@ 0000000180004900     libucrt:lcidtoname_downlevel.obj
 0001:00003908       ??_C@_15DEOPBLCG@?$AAp?$AAl?$AA?$AA@ 0000000180004908     libucrt:lcidtoname_downlevel.obj
 0001:00003910       ??_C@_15KBECGEFG@?$AAp?$AAt?$AA?$AA@ 0000000180004910     libucrt:lcidtoname_downlevel.obj
 0001:00003918       ??_C@_15GLJCBFMD@?$AAr?$AAo?$AA?$AA@ 0000000180004918     libucrt:lcidtoname_downlevel.obj
 0001:00003920       ??_C@_15FEDGKCDI@?$AAr?$AAu?$AA?$AA@ 0000000180004920     libucrt:lcidtoname_downlevel.obj
 0001:00003928       ??_C@_15GLKMLLHM@?$AAh?$AAr?$AA?$AA@ 0000000180004928     libucrt:lcidtoname_downlevel.obj
 0001:00003930       ??_C@_15CPKMFBDB@?$AAs?$AAk?$AA?$AA@ 0000000180004930     libucrt:lcidtoname_downlevel.obj
 0001:00003938       ??_C@_15BAAIOGMK@?$AAs?$AAq?$AA?$AA@ 0000000180004938     libucrt:lcidtoname_downlevel.obj
 0001:00003940       ??_C@_15INNPNOHD@?$AAs?$AAv?$AA?$AA@ 0000000180004940     libucrt:lcidtoname_downlevel.obj
 0001:00003948       ??_C@_15CABMMOGH@?$AAt?$AAh?$AA?$AA@ 0000000180004948     libucrt:lcidtoname_downlevel.obj
 0001:00003950       ??_C@_15BPLIHJJM@?$AAt?$AAr?$AA?$AA@ 0000000180004950     libucrt:lcidtoname_downlevel.obj
 0001:00003958       ??_C@_15NEOEKKDJ@?$AAu?$AAr?$AA?$AA@ 0000000180004958     libucrt:lcidtoname_downlevel.obj
 0001:00003960       ??_C@_15NFICGAJK@?$AAi?$AAd?$AA?$AA@ 0000000180004960     libucrt:lcidtoname_downlevel.obj
 0001:00003968       ??_C@_15PJPFLCCM@?$AAu?$AAk?$AA?$AA@ 0000000180004968     libucrt:lcidtoname_downlevel.obj
 0001:00003970       ??_C@_15HPJPHDM@?$AAb?$AAe?$AA?$AA@ 0000000180004970     libucrt:lcidtoname_downlevel.obj
 0001:00003978       ??_C@_15LCHLGJII@?$AAs?$AAl?$AA?$AA@ 0000000180004978     libucrt:lcidtoname_downlevel.obj
 0001:00003980       ??_C@_15PCFJPHHO@?$AAe?$AAt?$AA?$AA@ 0000000180004980     libucrt:lcidtoname_downlevel.obj
 0001:00003988       ??_C@_15HPFPGODN@?$AAl?$AAv?$AA?$AA@ 0000000180004988     libucrt:lcidtoname_downlevel.obj
 0001:00003990       ??_C@_15NFFGKGLG@?$AAl?$AAt?$AA?$AA@ 0000000180004990     libucrt:lcidtoname_downlevel.obj
 0001:00003998       ??_C@_15BDAKCCHN@?$AAf?$AAa?$AA?$AA@ 0000000180004998     libucrt:lcidtoname_downlevel.obj
 0001:000039a0       ??_C@_15NFGIAIAJ@?$AAv?$AAi?$AA?$AA@ 00000001800049a0     libucrt:lcidtoname_downlevel.obj
 0001:000039a8       ??_C@_15LMKNDMHN@?$AAh?$AAy?$AA?$AA@ 00000001800049a8     libucrt:lcidtoname_downlevel.obj
 0001:000039b0       ??_C@_15IJBHMCFL@?$AAa?$AAz?$AA?$AA@ 00000001800049b0     libucrt:lcidtoname_downlevel.obj
 0001:000039b8       ??_C@_15EKOFJABL@?$AAe?$AAu?$AA?$AA@ 00000001800049b8     libucrt:lcidtoname_downlevel.obj
 0001:000039c0       ??_C@_15BGHADCNK@?$AAm?$AAk?$AA?$AA@ 00000001800049c0     libucrt:lcidtoname_downlevel.obj
 0001:000039c8       ??_C@_15JDNICKHM@?$AAa?$AAf?$AA?$AA@ 00000001800049c8     libucrt:lcidtoname_downlevel.obj
 0001:000039d0       ??_C@_15KPJEDBKD@?$AAk?$AAa?$AA?$AA@ 00000001800049d0     libucrt:lcidtoname_downlevel.obj
 0001:000039d8       ??_C@_15PDNFFFEO@?$AAf?$AAo?$AA?$AA@ 00000001800049d8     libucrt:lcidtoname_downlevel.obj
 0001:000039e0       ??_C@_15OMLEGLOC@?$AAh?$AAi?$AA?$AA@ 00000001800049e0     libucrt:lcidtoname_downlevel.obj
 0001:000039e8       ??_C@_15IDNNENKK@?$AAm?$AAs?$AA?$AA@ 00000001800049e8     libucrt:lcidtoname_downlevel.obj
 0001:000039f0       ??_C@_15MACJNBMH@?$AAk?$AAk?$AA?$AA@ 00000001800049f0     libucrt:lcidtoname_downlevel.obj
 0001:000039f8       ??_C@_15DKDJEOND@?$AAk?$AAy?$AA?$AA@ 00000001800049f8     libucrt:lcidtoname_downlevel.obj
 0001:00003a00       ??_C@_15DFGDLJBG@?$AAs?$AAw?$AA?$AA@ 0000000180004a00     libucrt:lcidtoname_downlevel.obj
 0001:00003a08       ??_C@_15BBFAICNG@?$AAu?$AAz?$AA?$AA@ 0000000180004a08     libucrt:lcidtoname_downlevel.obj
 0001:00003a10       ??_C@_15DKNDCGEA@?$AAt?$AAt?$AA?$AA@ 0000000180004a10     libucrt:lcidtoname_downlevel.obj
 0001:00003a18       ??_C@_15MGIFMDPL@?$AAp?$AAa?$AA?$AA@ 0000000180004a18     libucrt:lcidtoname_downlevel.obj
 0001:00003a20       ??_C@_15HCNDBBA@?$AAg?$AAu?$AA?$AA@ 0000000180004a20     libucrt:lcidtoname_downlevel.obj
 0001:00003a28       ??_C@_15FNBEIBON@?$AAt?$AAa?$AA?$AA@ 0000000180004a28     libucrt:lcidtoname_downlevel.obj
 0001:00003a30       ??_C@_15NCHGBGLK@?$AAt?$AAe?$AA?$AA@ 0000000180004a30     libucrt:lcidtoname_downlevel.obj
 0001:00003a38       ??_C@_15PHPHCBPF@?$AAk?$AAn?$AA?$AA@ 0000000180004a38     libucrt:lcidtoname_downlevel.obj
 0001:00003a40       ??_C@_15DLGBCKMP@?$AAm?$AAr?$AA?$AA@ 0000000180004a40     libucrt:lcidtoname_downlevel.obj
 0001:00003a48       ??_C@_15EABBLBFF@?$AAs?$AAa?$AA?$AA@ 0000000180004a48     libucrt:lcidtoname_downlevel.obj
 0001:00003a50       ??_C@_15CBKOMCOI@?$AAm?$AAn?$AA?$AA@ 0000000180004a50     libucrt:lcidtoname_downlevel.obj
 0001:00003a58       ??_C@_15CKDMCJAF@?$AAg?$AAl?$AA?$AA@ 0000000180004a58     libucrt:lcidtoname_downlevel.obj
 0001:00003a60       ??_C@_17CNJFBPG@?$AAk?$AAo?$AAk?$AA?$AA@ 0000000180004a60     libucrt:lcidtoname_downlevel.obj
 0001:00003a68       ??_C@_17FFBJICPL@?$AAs?$AAy?$AAr?$AA?$AA@ 0000000180004a68     libucrt:lcidtoname_downlevel.obj
 0001:00003a70       ??_C@_17KPNDCPAF@?$AAd?$AAi?$AAv?$AA?$AA@ 0000000180004a70     libucrt:lcidtoname_downlevel.obj
 0001:00003a78       ??_C@_1M@OKAHONE@?$AAa?$AAr?$AA?9?$AAS?$AAA?$AA?$AA@ 0000000180004a78     libucrt:lcidtoname_downlevel.obj
 0001:00003a88       ??_C@_1M@FFFIGIGK@?$AAb?$AAg?$AA?9?$AAB?$AAG?$AA?$AA@ 0000000180004a88     libucrt:lcidtoname_downlevel.obj
 0001:00003a98       ??_C@_1M@BJNKEDC@?$AAc?$AAa?$AA?9?$AAE?$AAS?$AA?$AA@ 0000000180004a98     libucrt:lcidtoname_downlevel.obj
 0001:00003aa8       ??_C@_1M@IJJHFJHA@?$AAc?$AAs?$AA?9?$AAC?$AAZ?$AA?$AA@ 0000000180004aa8     libucrt:lcidtoname_downlevel.obj
 0001:00003ab8       ??_C@_1M@CLPEOBGI@?$AAd?$AAa?$AA?9?$AAD?$AAK?$AA?$AA@ 0000000180004ab8     libucrt:lcidtoname_downlevel.obj
 0001:00003ac8       ??_C@_1M@MCMADGCB@?$AAd?$AAe?$AA?9?$AAD?$AAE?$AA?$AA@ 0000000180004ac8     libucrt:lcidtoname_downlevel.obj
 0001:00003ad8       ??_C@_1M@OOCKEMAM@?$AAe?$AAl?$AA?9?$AAG?$AAR?$AA?$AA@ 0000000180004ad8     libucrt:lcidtoname_downlevel.obj
 0001:00003ae8       ??_C@_1M@DDNJFGID@?$AAf?$AAi?$AA?9?$AAF?$AAI?$AA?$AA@ 0000000180004ae8     libucrt:lcidtoname_downlevel.obj
 0001:00003af8       ??_C@_1M@GLIPPMAC@?$AAf?$AAr?$AA?9?$AAF?$AAR?$AA?$AA@ 0000000180004af8     libucrt:lcidtoname_downlevel.obj
 0001:00003b08       ??_C@_1M@GFMCHPE@?$AAh?$AAe?$AA?9?$AAI?$AAL?$AA?$AA@ 0000000180004b08     libucrt:lcidtoname_downlevel.obj
 0001:00003b18       ??_C@_1M@MHLPGNKM@?$AAh?$AAu?$AA?9?$AAH?$AAU?$AA?$AA@ 0000000180004b18     libucrt:lcidtoname_downlevel.obj
 0001:00003b28       ??_C@_1M@LPDDNNPN@?$AAi?$AAs?$AA?9?$AAI?$AAS?$AA?$AA@ 0000000180004b28     libucrt:lcidtoname_downlevel.obj
 0001:00003b38       ??_C@_1M@MADIPODN@?$AAi?$AAt?$AA?9?$AAI?$AAT?$AA?$AA@ 0000000180004b38     libucrt:lcidtoname_downlevel.obj
 0001:00003b48       ??_C@_1M@IHBJJGG@?$AAn?$AAl?$AA?9?$AAN?$AAL?$AA?$AA@ 0000000180004b48     libucrt:lcidtoname_downlevel.obj
 0001:00003b58       ??_C@_1M@EANAGDL@?$AAn?$AAb?$AA?9?$AAN?$AAO?$AA?$AA@ 0000000180004b58     libucrt:lcidtoname_downlevel.obj
 0001:00003b68       ??_C@_1M@NEIEMEGP@?$AAp?$AAl?$AA?9?$AAP?$AAL?$AA?$AA@ 0000000180004b68     libucrt:lcidtoname_downlevel.obj
 0001:00003b78       ??_C@_1M@BOCFIGEP@?$AAp?$AAt?$AA?9?$AAB?$AAR?$AA?$AA@ 0000000180004b78     libucrt:lcidtoname_downlevel.obj
 0001:00003b88       ??_C@_1M@IMPFOPBG@?$AAr?$AAo?$AA?9?$AAR?$AAO?$AA?$AA@ 0000000180004b88     libucrt:lcidtoname_downlevel.obj
 0001:00003b98       ??_C@_1M@IDNNEJMM@?$AAr?$AAu?$AA?9?$AAR?$AAU?$AA?$AA@ 0000000180004b98     libucrt:lcidtoname_downlevel.obj
 0001:00003ba8       ??_C@_1M@LILEEOGM@?$AAh?$AAr?$AA?9?$AAH?$AAR?$AA?$AA@ 0000000180004ba8     libucrt:lcidtoname_downlevel.obj
 0001:00003bb8       ??_C@_1M@FKIFEHPB@?$AAs?$AAk?$AA?9?$AAS?$AAK?$AA?$AA@ 0000000180004bb8     libucrt:lcidtoname_downlevel.obj
 0001:00003bc8       ??_C@_1M@LJMAMNPJ@?$AAs?$AAq?$AA?9?$AAA?$AAL?$AA?$AA@ 0000000180004bc8     libucrt:lcidtoname_downlevel.obj
 0001:00003bd8       ??_C@_1M@GIAKDKJK@?$AAs?$AAv?$AA?9?$AAS?$AAE?$AA?$AA@ 0000000180004bd8     libucrt:lcidtoname_downlevel.obj
 0001:00003be8       ??_C@_1M@MKJKIKCL@?$AAt?$AAh?$AA?9?$AAT?$AAH?$AA?$AA@ 0000000180004be8     libucrt:lcidtoname_downlevel.obj
 0001:00003bf8       ??_C@_1M@MFLCCMPB@?$AAt?$AAr?$AA?9?$AAT?$AAR?$AA?$AA@ 0000000180004bf8     libucrt:lcidtoname_downlevel.obj
 0001:00003c08       ??_C@_1M@OIJHDKJN@?$AAu?$AAr?$AA?9?$AAP?$AAK?$AA?$AA@ 0000000180004c08     libucrt:lcidtoname_downlevel.obj
 0001:00003c18       ??_C@_1M@LHIPCIEK@?$AAi?$AAd?$AA?9?$AAI?$AAD?$AA?$AA@ 0000000180004c18     libucrt:lcidtoname_downlevel.obj
 0001:00003c28       ??_C@_1M@MFMOBGI@?$AAu?$AAk?$AA?9?$AAU?$AAA?$AA?$AA@ 0000000180004c28     libucrt:lcidtoname_downlevel.obj
 0001:00003c38       ??_C@_1M@OBGLJIPL@?$AAb?$AAe?$AA?9?$AAB?$AAY?$AA?$AA@ 0000000180004c38     libucrt:lcidtoname_downlevel.obj
 0001:00003c48       ??_C@_1M@BCFAJEAD@?$AAs?$AAl?$AA?9?$AAS?$AAI?$AA?$AA@ 0000000180004c48     libucrt:lcidtoname_downlevel.obj
 0001:00003c58       ??_C@_1M@FKFFEDDN@?$AAe?$AAt?$AA?9?$AAE?$AAE?$AA?$AA@ 0000000180004c58     libucrt:lcidtoname_downlevel.obj
 0001:00003c68       ??_C@_1M@KGKKAACI@?$AAl?$AAv?$AA?9?$AAL?$AAV?$AA?$AA@ 0000000180004c68     libucrt:lcidtoname_downlevel.obj
 0001:00003c78       ??_C@_1M@IFGBIJO@?$AAl?$AAt?$AA?9?$AAL?$AAT?$AA?$AA@ 0000000180004c78     libucrt:lcidtoname_downlevel.obj
 0001:00003c88       ??_C@_1M@FGEAHEDM@?$AAf?$AAa?$AA?9?$AAI?$AAR?$AA?$AA@ 0000000180004c88     libucrt:lcidtoname_downlevel.obj
 0001:00003c98       ??_C@_1M@KBMAIBFN@?$AAv?$AAi?$AA?9?$AAV?$AAN?$AA?$AA@ 0000000180004c98     libucrt:lcidtoname_downlevel.obj
 0001:00003ca8       ??_C@_1M@GPCBKDJK@?$AAh?$AAy?$AA?9?$AAA?$AAM?$AA?$AA@ 0000000180004ca8     libucrt:lcidtoname_downlevel.obj
 0001:00003cb8       ??_C@_1BG@BECMDDJB@?$AAa?$AAz?$AA?9?$AAA?$AAZ?$AA?9?$AAL?$AAa?$AAt?$AAn?$AA?$AA@ 0000000180004cb8     libucrt:lcidtoname_downlevel.obj
 0001:00003cd0       ??_C@_1M@MAOFCAEA@?$AAe?$AAu?$AA?9?$AAE?$AAS?$AA?$AA@ 0000000180004cd0     libucrt:lcidtoname_downlevel.obj
 0001:00003ce0       ??_C@_1M@IGHABKPI@?$AAm?$AAk?$AA?9?$AAM?$AAK?$AA?$AA@ 0000000180004ce0     libucrt:lcidtoname_downlevel.obj
 0001:00003cf0       ??_C@_1M@IAIGNEJG@?$AAt?$AAn?$AA?9?$AAZ?$AAA?$AA?$AA@ 0000000180004cf0     libucrt:lcidtoname_downlevel.obj
 0001:00003d00       ??_C@_1M@IIJCOJFA@?$AAx?$AAh?$AA?9?$AAZ?$AAA?$AA?$AA@ 0000000180004d00     libucrt:lcidtoname_downlevel.obj
 0001:00003d10       ??_C@_1M@LGPJHNJH@?$AAz?$AAu?$AA?9?$AAZ?$AAA?$AA?$AA@ 0000000180004d10     libucrt:lcidtoname_downlevel.obj
 0001:00003d20       ??_C@_1M@HOKAOIO@?$AAa?$AAf?$AA?9?$AAZ?$AAA?$AA?$AA@ 0000000180004d20     libucrt:lcidtoname_downlevel.obj
 0001:00003d30       ??_C@_1M@DPCLHLIE@?$AAk?$AAa?$AA?9?$AAG?$AAE?$AA?$AA@ 0000000180004d30     libucrt:lcidtoname_downlevel.obj
 0001:00003d40       ??_C@_1M@BLKMHJBI@?$AAf?$AAo?$AA?9?$AAF?$AAO?$AA?$AA@ 0000000180004d40     libucrt:lcidtoname_downlevel.obj
 0001:00003d50       ??_C@_1M@LGGJAPPB@?$AAh?$AAi?$AA?9?$AAI?$AAN?$AA?$AA@ 0000000180004d50     libucrt:lcidtoname_downlevel.obj
 0001:00003d60       ??_C@_1M@FIKPIHFE@?$AAm?$AAt?$AA?9?$AAM?$AAT?$AA?$AA@ 0000000180004d60     libucrt:lcidtoname_downlevel.obj
 0001:00003d70       ??_C@_1M@HEGGPBFA@?$AAs?$AAe?$AA?9?$AAN?$AAO?$AA?$AA@ 0000000180004d70     libucrt:lcidtoname_downlevel.obj
 0001:00003d80       ??_C@_1M@EIBJEEPA@?$AAm?$AAs?$AA?9?$AAM?$AAY?$AA?$AA@ 0000000180004d80     libucrt:lcidtoname_downlevel.obj
 0001:00003d90       ??_C@_1M@FHLBGMPP@?$AAk?$AAk?$AA?9?$AAK?$AAZ?$AA?$AA@ 0000000180004d90     libucrt:lcidtoname_downlevel.obj
 0001:00003da0       ??_C@_1M@NGJJLCGI@?$AAk?$AAy?$AA?9?$AAK?$AAG?$AA?$AA@ 0000000180004da0     libucrt:lcidtoname_downlevel.obj
 0001:00003db0       ??_C@_1M@GIENNBFC@?$AAs?$AAw?$AA?9?$AAK?$AAE?$AA?$AA@ 0000000180004db0     libucrt:lcidtoname_downlevel.obj
 0001:00003dc0       ??_C@_1BG@NDGMJIMJ@?$AAu?$AAz?$AA?9?$AAU?$AAZ?$AA?9?$AAL?$AAa?$AAt?$AAn?$AA?$AA@ 0000000180004dc0     libucrt:lcidtoname_downlevel.obj
 0001:00003dd8       ??_C@_1M@IDCCIHBC@?$AAt?$AAt?$AA?9?$AAR?$AAU?$AA?$AA@ 0000000180004dd8     libucrt:lcidtoname_downlevel.obj
 0001:00003de8       ??_C@_1M@LOICPMOJ@?$AAb?$AAn?$AA?9?$AAI?$AAN?$AA?$AA@ 0000000180004de8     libucrt:lcidtoname_downlevel.obj
 0001:00003df8       ??_C@_1M@KPKKNEAH@?$AAp?$AAa?$AA?9?$AAI?$AAN?$AA?$AA@ 0000000180004df8     libucrt:lcidtoname_downlevel.obj
 0001:00003e08       ??_C@_1M@PJGPPBOG@?$AAg?$AAu?$AA?9?$AAI?$AAN?$AA?$AA@ 0000000180004e08     libucrt:lcidtoname_downlevel.obj
 0001:00003e18       ??_C@_1M@KMKMOPHI@?$AAt?$AAa?$AA?9?$AAI?$AAN?$AA?$AA@ 0000000180004e18     libucrt:lcidtoname_downlevel.obj
 0001:00003e28       ??_C@_1M@KFEHEPAC@?$AAt?$AAe?$AA?9?$AAI?$AAN?$AA?$AA@ 0000000180004e28     libucrt:lcidtoname_downlevel.obj
 0001:00003e38       ??_C@_1M@CDCLMGHI@?$AAk?$AAn?$AA?9?$AAI?$AAN?$AA?$AA@ 0000000180004e38     libucrt:lcidtoname_downlevel.obj
 0001:00003e48       ??_C@_1M@MIODLDKF@?$AAm?$AAl?$AA?9?$AAI?$AAN?$AA?$AA@ 0000000180004e48     libucrt:lcidtoname_downlevel.obj
 0001:00003e58       ??_C@_1M@PBIEACPO@?$AAm?$AAr?$AA?9?$AAI?$AAN?$AA?$AA@ 0000000180004e58     libucrt:lcidtoname_downlevel.obj
 0001:00003e68       ??_C@_1M@NIDEAGPH@?$AAs?$AAa?$AA?9?$AAI?$AAN?$AA?$AA@ 0000000180004e68     libucrt:lcidtoname_downlevel.obj
 0001:00003e78       ??_C@_1M@FHIHCBIO@?$AAm?$AAn?$AA?9?$AAM?$AAN?$AA?$AA@ 0000000180004e78     libucrt:lcidtoname_downlevel.obj
 0001:00003e88       ??_C@_1M@JAIJPENP@?$AAc?$AAy?$AA?9?$AAG?$AAB?$AA?$AA@ 0000000180004e88     libucrt:lcidtoname_downlevel.obj
 0001:00003e98       ??_C@_1M@PHGFBEPN@?$AAg?$AAl?$AA?9?$AAE?$AAS?$AA?$AA@ 0000000180004e98     libucrt:lcidtoname_downlevel.obj
 0001:00003ea8       ??_C@_1O@KPIPDNCP@?$AAk?$AAo?$AAk?$AA?9?$AAI?$AAN?$AA?$AA@ 0000000180004ea8     libucrt:lcidtoname_downlevel.obj
 0001:00003eb8       ??_C@_1O@KNHJLDJA@?$AAs?$AAy?$AAr?$AA?9?$AAS?$AAY?$AA?$AA@ 0000000180004eb8     libucrt:lcidtoname_downlevel.obj
 0001:00003ec8       ??_C@_1O@MKEKBLAH@?$AAd?$AAi?$AAv?$AA?9?$AAM?$AAV?$AA?$AA@ 0000000180004ec8     libucrt:lcidtoname_downlevel.obj
 0001:00003ed8       ??_C@_1O@OHDCKDDF@?$AAq?$AAu?$AAz?$AA?9?$AAB?$AAO?$AA?$AA@ 0000000180004ed8     libucrt:lcidtoname_downlevel.obj
 0001:00003ee8       ??_C@_1M@LEPJNLFD@?$AAn?$AAs?$AA?9?$AAZ?$AAA?$AA?$AA@ 0000000180004ee8     libucrt:lcidtoname_downlevel.obj
 0001:00003ef8       ??_C@_1M@OMLEIIJB@?$AAm?$AAi?$AA?9?$AAN?$AAZ?$AA?$AA@ 0000000180004ef8     libucrt:lcidtoname_downlevel.obj
 0001:00003f08       ??_C@_1M@PMPEAILG@?$AAa?$AAr?$AA?9?$AAI?$AAQ?$AA?$AA@ 0000000180004f08     libucrt:lcidtoname_downlevel.obj
 0001:00003f18       ??_C@_1M@CNKPNOEE@?$AAd?$AAe?$AA?9?$AAC?$AAH?$AA?$AA@ 0000000180004f18     libucrt:lcidtoname_downlevel.obj
 0001:00003f28       ??_C@_1M@LKMGMLKO@?$AAe?$AAn?$AA?9?$AAG?$AAB?$AA?$AA@ 0000000180004f28     libucrt:lcidtoname_downlevel.obj
 0001:00003f38       ??_C@_1M@PGKJFFGL@?$AAe?$AAs?$AA?9?$AAM?$AAX?$AA?$AA@ 0000000180004f38     libucrt:lcidtoname_downlevel.obj
 0001:00003f48       ??_C@_1M@DNNANBDC@?$AAf?$AAr?$AA?9?$AAB?$AAE?$AA?$AA@ 0000000180004f48     libucrt:lcidtoname_downlevel.obj
 0001:00003f58       ??_C@_1M@HLGMDFHM@?$AAi?$AAt?$AA?9?$AAC?$AAH?$AA?$AA@ 0000000180004f58     libucrt:lcidtoname_downlevel.obj
 0001:00003f68       ??_C@_1M@CLLBGJH@?$AAn?$AAl?$AA?9?$AAB?$AAE?$AA?$AA@ 0000000180004f68     libucrt:lcidtoname_downlevel.obj
 0001:00003f78       ??_C@_1M@BODBOGLF@?$AAn?$AAn?$AA?9?$AAN?$AAO?$AA?$AA@ 0000000180004f78     libucrt:lcidtoname_downlevel.obj
 0001:00003f88       ??_C@_1M@HFFAHKAD@?$AAp?$AAt?$AA?9?$AAP?$AAT?$AA?$AA@ 0000000180004f88     libucrt:lcidtoname_downlevel.obj
 0001:00003f98       ??_C@_1BG@LNOAKHIE@?$AAs?$AAr?$AA?9?$AAS?$AAP?$AA?9?$AAL?$AAa?$AAt?$AAn?$AA?$AA@ 0000000180004f98     libucrt:lcidtoname_downlevel.obj
 0001:00003fb0       ??_C@_1M@HBMHBGAK@?$AAs?$AAv?$AA?9?$AAF?$AAI?$AA?$AA@ 0000000180004fb0     libucrt:lcidtoname_downlevel.obj
 0001:00003fc0       ??_C@_1BG@DGCJGJBE@?$AAa?$AAz?$AA?9?$AAA?$AAZ?$AA?9?$AAC?$AAy?$AAr?$AAl?$AA?$AA@ 0000000180004fc0     libucrt:lcidtoname_downlevel.obj
 0001:00003fd8       ??_C@_1M@KEJDAAHB@?$AAs?$AAe?$AA?9?$AAS?$AAE?$AA?$AA@ 0000000180004fd8     libucrt:lcidtoname_downlevel.obj
 0001:00003fe8       ??_C@_1M@HEIBJJAD@?$AAm?$AAs?$AA?9?$AAB?$AAN?$AA?$AA@ 0000000180004fe8     libucrt:lcidtoname_downlevel.obj
 0001:00003ff8       ??_C@_1BG@PBGJMCEM@?$AAu?$AAz?$AA?9?$AAU?$AAZ?$AA?9?$AAC?$AAy?$AAr?$AAl?$AA?$AA@ 0000000180004ff8     libucrt:lcidtoname_downlevel.obj
 0001:00004010       ??_C@_1O@LAOBCMDF@?$AAq?$AAu?$AAz?$AA?9?$AAE?$AAC?$AA?$AA@ 0000000180005010     libucrt:lcidtoname_downlevel.obj
 0001:00004020       ??_C@_1M@POEEMAIO@?$AAa?$AAr?$AA?9?$AAE?$AAG?$AA?$AA@ 0000000180005020     libucrt:lcidtoname_downlevel.obj
 0001:00004030       ??_C@_1M@EFAKDEDL@?$AAz?$AAh?$AA?9?$AAH?$AAK?$AA?$AA@ 0000000180005030     libucrt:lcidtoname_downlevel.obj
 0001:00004040       ??_C@_1M@HKKIJHGI@?$AAd?$AAe?$AA?9?$AAA?$AAT?$AA?$AA@ 0000000180005040     libucrt:lcidtoname_downlevel.obj
 0001:00004050       ??_C@_1M@KBFBEHJF@?$AAe?$AAn?$AA?9?$AAA?$AAU?$AA?$AA@ 0000000180005050     libucrt:lcidtoname_downlevel.obj
 0001:00004060       ??_C@_1M@MNPLFAAH@?$AAe?$AAs?$AA?9?$AAE?$AAS?$AA?$AA@ 0000000180005060     libucrt:lcidtoname_downlevel.obj
 0001:00004070       ??_C@_1M@HJOOJFMA@?$AAf?$AAr?$AA?9?$AAC?$AAA?$AA?$AA@ 0000000180005070     libucrt:lcidtoname_downlevel.obj
 0001:00004080       ??_C@_1BG@JPOFPNAB@?$AAs?$AAr?$AA?9?$AAS?$AAP?$AA?9?$AAC?$AAy?$AAr?$AAl?$AA?$AA@ 0000000180005080     libucrt:lcidtoname_downlevel.obj
 0001:00004098       ??_C@_1M@LNFOCMOB@?$AAs?$AAe?$AA?9?$AAF?$AAI?$AA?$AA@ 0000000180005098     libucrt:lcidtoname_downlevel.obj
 0001:000040a8       ??_C@_1O@MGJBOAMB@?$AAq?$AAu?$AAz?$AA?9?$AAP?$AAE?$AA?$AA@ 00000001800050a8     libucrt:lcidtoname_downlevel.obj
 0001:000040b8       ??_C@_1M@GJINLBOK@?$AAa?$AAr?$AA?9?$AAL?$AAY?$AA?$AA@ 00000001800050b8     libucrt:lcidtoname_downlevel.obj
 0001:000040c8       ??_C@_1M@GGMNHJNL@?$AAz?$AAh?$AA?9?$AAS?$AAG?$AA?$AA@ 00000001800050c8     libucrt:lcidtoname_downlevel.obj
 0001:000040d8       ??_C@_1M@HOIKODND@?$AAd?$AAe?$AA?9?$AAL?$AAU?$AA?$AA@ 00000001800050d8     libucrt:lcidtoname_downlevel.obj
 0001:000040e8       ??_C@_1M@DDOCCGFG@?$AAe?$AAn?$AA?9?$AAC?$AAA?$AA?$AA@ 00000001800050e8     libucrt:lcidtoname_downlevel.obj
 0001:000040f8       ??_C@_1M@BNOEMJLF@?$AAe?$AAs?$AA?9?$AAG?$AAT?$AA?$AA@ 00000001800050f8     libucrt:lcidtoname_downlevel.obj
 0001:00004108       ??_C@_1M@EOGNKEK@?$AAf?$AAr?$AA?9?$AAC?$AAH?$AA?$AA@ 0000000180005108     libucrt:lcidtoname_downlevel.obj
 0001:00004118       ??_C@_1M@FLIDJFHL@?$AAh?$AAr?$AA?9?$AAB?$AAA?$AA?$AA@ 0000000180005118     libucrt:lcidtoname_downlevel.obj
 0001:00004128       ??_C@_1O@FMCELNAJ@?$AAs?$AAm?$AAj?$AA?9?$AAN?$AAO?$AA?$AA@ 0000000180005128     libucrt:lcidtoname_downlevel.obj
 0001:00004138       ??_C@_1M@JHGLJMGJ@?$AAa?$AAr?$AA?9?$AAD?$AAZ?$AA?$AA@ 0000000180005138     libucrt:lcidtoname_downlevel.obj
 0001:00004148       ??_C@_1M@JKKFDCNP@?$AAz?$AAh?$AA?9?$AAM?$AAO?$AA?$AA@ 0000000180005148     libucrt:lcidtoname_downlevel.obj
 0001:00004158       ??_C@_1M@GEEFALPE@?$AAd?$AAe?$AA?9?$AAL?$AAI?$AA?$AA@ 0000000180005158     libucrt:lcidtoname_downlevel.obj
 0001:00004168       ??_C@_1M@IGEOFBG@?$AAe?$AAn?$AA?9?$AAN?$AAZ?$AA?$AA@ 0000000180005168     libucrt:lcidtoname_downlevel.obj
 0001:00004178       ??_C@_1M@KDBONEHP@?$AAe?$AAs?$AA?9?$AAC?$AAR?$AA?$AA@ 0000000180005178     libucrt:lcidtoname_downlevel.obj
 0001:00004188       ??_C@_1M@FHMDOHNN@?$AAf?$AAr?$AA?9?$AAL?$AAU?$AA?$AA@ 0000000180005188     libucrt:lcidtoname_downlevel.obj
 0001:00004198       ??_C@_1BG@NFKKMAFG@?$AAb?$AAs?$AA?9?$AAB?$AAA?$AA?9?$AAL?$AAa?$AAt?$AAn?$AA?$AA@ 0000000180005198     libucrt:lcidtoname_downlevel.obj
 0001:000041b0       ??_C@_1O@IMNBEMCI@?$AAs?$AAm?$AAj?$AA?9?$AAS?$AAE?$AA?$AA@ 00000001800051b0     libucrt:lcidtoname_downlevel.obj
 0001:000041c0       ??_C@_1M@DHHMBNDP@?$AAa?$AAr?$AA?9?$AAM?$AAA?$AA?$AA@ 00000001800051c0     libucrt:lcidtoname_downlevel.obj
 0001:000041d0       ??_C@_1M@BNBLJCGH@?$AAe?$AAn?$AA?9?$AAI?$AAE?$AA?$AA@ 00000001800051d0     libucrt:lcidtoname_downlevel.obj
 0001:000041e0       ??_C@_1M@GEPAFMDL@?$AAe?$AAs?$AA?9?$AAP?$AAA?$AA?$AA@ 00000001800051e0     libucrt:lcidtoname_downlevel.obj
 0001:000041f0       ??_C@_1M@OJONDMDL@?$AAf?$AAr?$AA?9?$AAM?$AAC?$AA?$AA@ 00000001800051f0     libucrt:lcidtoname_downlevel.obj
 0001:00004200       ??_C@_1BG@OBCNFJB@?$AAs?$AAr?$AA?9?$AAB?$AAA?$AA?9?$AAL?$AAa?$AAt?$AAn?$AA?$AA@ 0000000180005200     libucrt:lcidtoname_downlevel.obj
 0001:00004218       ??_C@_1O@KEMEEGPO@?$AAs?$AAm?$AAa?$AA?9?$AAN?$AAO?$AA?$AA@ 0000000180005218     libucrt:lcidtoname_downlevel.obj
 0001:00004228       ??_C@_1M@ELMGFODK@?$AAa?$AAr?$AA?9?$AAT?$AAN?$AA?$AA@ 0000000180005228     libucrt:lcidtoname_downlevel.obj
 0001:00004238       ??_C@_1M@BHDLHFAF@?$AAe?$AAn?$AA?9?$AAZ?$AAA?$AA?$AA@ 0000000180005238     libucrt:lcidtoname_downlevel.obj
 0001:00004248       ??_C@_1M@BMGIGLIF@?$AAe?$AAs?$AA?9?$AAD?$AAO?$AA?$AA@ 0000000180005248     libucrt:lcidtoname_downlevel.obj
 0001:00004258       ??_C@_1BG@CMBHIPBE@?$AAs?$AAr?$AA?9?$AAB?$AAA?$AA?9?$AAC?$AAy?$AAr?$AAl?$AA?$AA@ 0000000180005258     libucrt:lcidtoname_downlevel.obj
 0001:00004270       ??_C@_1O@HEDBLHNP@?$AAs?$AAm?$AAa?$AA?9?$AAS?$AAE?$AA?$AA@ 0000000180005270     libucrt:lcidtoname_downlevel.obj
 0001:00004280       ??_C@_1M@DAGCADIM@?$AAa?$AAr?$AA?9?$AAO?$AAM?$AA?$AA@ 0000000180005280     libucrt:lcidtoname_downlevel.obj
 0001:00004290       ??_C@_1M@FODLMICG@?$AAe?$AAn?$AA?9?$AAJ?$AAM?$AA?$AA@ 0000000180005290     libucrt:lcidtoname_downlevel.obj
 0001:000042a0       ??_C@_1M@DNMLCIHB@?$AAe?$AAs?$AA?9?$AAV?$AAE?$AA?$AA@ 00000001800052a0     libucrt:lcidtoname_downlevel.obj
 0001:000042b0       ??_C@_1O@EOKHMKJK@?$AAs?$AAm?$AAs?$AA?9?$AAF?$AAI?$AA?$AA@ 00000001800052b0     libucrt:lcidtoname_downlevel.obj
 0001:000042c0       ??_C@_1M@CAFJMKOF@?$AAa?$AAr?$AA?9?$AAY?$AAE?$AA?$AA@ 00000001800052c0     libucrt:lcidtoname_downlevel.obj
 0001:000042d0       ??_C@_1M@CBFHIJLI@?$AAe?$AAn?$AA?9?$AAC?$AAB?$AA?$AA@ 00000001800052d0     libucrt:lcidtoname_downlevel.obj
 0001:000042e0       ??_C@_1M@BGNFLDN@?$AAe?$AAs?$AA?9?$AAC?$AAO?$AA?$AA@ 00000001800052e0     libucrt:lcidtoname_downlevel.obj
 0001:000042f0       ??_C@_1O@JMPHMAMC@?$AAs?$AAm?$AAn?$AA?9?$AAF?$AAI?$AA?$AA@ 00000001800052f0     libucrt:lcidtoname_downlevel.obj
 0001:00004300       ??_C@_1M@JLANABKE@?$AAa?$AAr?$AA?9?$AAS?$AAY?$AA?$AA@ 0000000180005300     libucrt:lcidtoname_downlevel.obj
 0001:00004310       ??_C@_1M@HPKGCFGN@?$AAe?$AAn?$AA?9?$AAB?$AAZ?$AA?$AA@ 0000000180005310     libucrt:lcidtoname_downlevel.obj
 0001:00004320       ??_C@_1M@OLJCMLGM@?$AAe?$AAs?$AA?9?$AAP?$AAE?$AA?$AA@ 0000000180005320     libucrt:lcidtoname_downlevel.obj
 0001:00004330       ??_C@_1M@MKKGFKLE@?$AAa?$AAr?$AA?9?$AAJ?$AAO?$AA?$AA@ 0000000180005330     libucrt:lcidtoname_downlevel.obj
 0001:00004340       ??_C@_1M@EKPGLDNI@?$AAe?$AAn?$AA?9?$AAT?$AAT?$AA?$AA@ 0000000180005340     libucrt:lcidtoname_downlevel.obj
 0001:00004350       ??_C@_1M@OONGHFHE@?$AAe?$AAs?$AA?9?$AAA?$AAR?$AA?$AA@ 0000000180005350     libucrt:lcidtoname_downlevel.obj
 0001:00004360       ??_C@_1M@OOJFGBHE@?$AAa?$AAr?$AA?9?$AAL?$AAB?$AA?$AA@ 0000000180005360     libucrt:lcidtoname_downlevel.obj
 0001:00004370       ??_C@_1M@GCEJHNEG@?$AAe?$AAn?$AA?9?$AAZ?$AAW?$AA?$AA@ 0000000180005370     libucrt:lcidtoname_downlevel.obj
 0001:00004380       ??_C@_1M@JNOCAHJI@?$AAe?$AAs?$AA?9?$AAE?$AAC?$AA?$AA@ 0000000180005380     libucrt:lcidtoname_downlevel.obj
 0001:00004390       ??_C@_1M@JEFHPGGB@?$AAa?$AAr?$AA?9?$AAK?$AAW?$AA?$AA@ 0000000180005390     libucrt:lcidtoname_downlevel.obj
 0001:000043a0       ??_C@_1M@MLKIBJOJ@?$AAe?$AAn?$AA?9?$AAP?$AAH?$AA?$AA@ 00000001800053a0     libucrt:lcidtoname_downlevel.obj
 0001:000043b0       ??_C@_1M@BDNIPEND@?$AAe?$AAs?$AA?9?$AAC?$AAL?$AA?$AA@ 00000001800053b0     libucrt:lcidtoname_downlevel.obj
 0001:000043c0       ??_C@_1M@MPNMEKBD@?$AAa?$AAr?$AA?9?$AAA?$AAE?$AA?$AA@ 00000001800053c0     libucrt:lcidtoname_downlevel.obj
 0001:000043d0       ??_C@_1M@KBJALCPI@?$AAe?$AAs?$AA?9?$AAU?$AAY?$AA?$AA@ 00000001800053d0     libucrt:lcidtoname_downlevel.obj
 0001:000043e0       ??_C@_1M@LLCCOAGA@?$AAa?$AAr?$AA?9?$AAB?$AAH?$AA?$AA@ 00000001800053e0     libucrt:lcidtoname_downlevel.obj
 0001:000043f0       ??_C@_1M@PBFNCDEL@?$AAe?$AAs?$AA?9?$AAP?$AAY?$AA?$AA@ 00000001800053f0     libucrt:lcidtoname_downlevel.obj
 0001:00004400       ??_C@_1M@EDGINPNP@?$AAa?$AAr?$AA?9?$AAQ?$AAA?$AA?$AA@ 0000000180005400     libucrt:lcidtoname_downlevel.obj
 0001:00004410       ??_C@_1M@MKDBIIJI@?$AAe?$AAs?$AA?9?$AAB?$AAO?$AA?$AA@ 0000000180005410     libucrt:lcidtoname_downlevel.obj
 0001:00004420       ??_C@_1M@CPKKEBLD@?$AAe?$AAs?$AA?9?$AAS?$AAV?$AA?$AA@ 0000000180005420     libucrt:lcidtoname_downlevel.obj
 0001:00004430       ??_C@_1M@NDBGMMJL@?$AAe?$AAs?$AA?9?$AAH?$AAN?$AA?$AA@ 0000000180005430     libucrt:lcidtoname_downlevel.obj
 0001:00004440       ??_C@_1M@JIJIBHDP@?$AAe?$AAs?$AA?9?$AAN?$AAI?$AA?$AA@ 0000000180005440     libucrt:lcidtoname_downlevel.obj
 0001:00004450       ??_C@_1M@CGFMKEEK@?$AAe?$AAs?$AA?9?$AAP?$AAR?$AA?$AA@ 0000000180005450     libucrt:lcidtoname_downlevel.obj
 0001:00004460       ??_C@_1O@ICJHKIIK@?$AAz?$AAh?$AA?9?$AAC?$AAH?$AAT?$AA?$AA@ 0000000180005460     libucrt:lcidtoname_downlevel.obj
 0001:00004470       ??_C@_15CLNEJCE@?$AAs?$AAr?$AA?$AA@ 0000000180005470     libucrt:lcidtoname_downlevel.obj
 0001:000052c0       ??_C@_1M@KAHEKEIG@?$AAa?$AAf?$AA?9?$AAz?$AAa?$AA?$AA@ 00000001800062c0     libucrt:lcidtoname_downlevel.obj
 0001:000052d0       ??_C@_1M@GIECOABL@?$AAa?$AAr?$AA?9?$AAa?$AAe?$AA?$AA@ 00000001800062d0     libucrt:lcidtoname_downlevel.obj
 0001:000052e0       ??_C@_1M@BMLMEKGI@?$AAa?$AAr?$AA?9?$AAb?$AAh?$AA?$AA@ 00000001800062e0     libucrt:lcidtoname_downlevel.obj
 0001:000052f0       ??_C@_1M@DAPFDGGB@?$AAa?$AAr?$AA?9?$AAd?$AAz?$AA?$AA@ 00000001800062f0     libucrt:lcidtoname_downlevel.obj
 0001:00005300       ??_C@_1M@FJNKGKIG@?$AAa?$AAr?$AA?9?$AAe?$AAg?$AA?$AA@ 0000000180006300     libucrt:lcidtoname_downlevel.obj
 0001:00005310       ??_C@_1M@FLGKKCLO@?$AAa?$AAr?$AA?9?$AAi?$AAq?$AA?$AA@ 0000000180006310     libucrt:lcidtoname_downlevel.obj
 0001:00005320       ??_C@_1M@GNDIPALM@?$AAa?$AAr?$AA?9?$AAj?$AAo?$AA?$AA@ 0000000180006320     libucrt:lcidtoname_downlevel.obj
 0001:00005330       ??_C@_1M@DDMJFMGJ@?$AAa?$AAr?$AA?9?$AAk?$AAw?$AA?$AA@ 0000000180006330     libucrt:lcidtoname_downlevel.obj
 0001:00005340       ??_C@_1M@EJALMLHM@?$AAa?$AAr?$AA?9?$AAl?$AAb?$AA?$AA@ 0000000180006340     libucrt:lcidtoname_downlevel.obj
 0001:00005350       ??_C@_1M@MOBDBLOC@?$AAa?$AAr?$AA?9?$AAl?$AAy?$AA?$AA@ 0000000180006350     libucrt:lcidtoname_downlevel.obj
 0001:00005360       ??_C@_1M@JAOCLHDH@?$AAa?$AAr?$AA?9?$AAm?$AAa?$AA?$AA@ 0000000180006360     libucrt:lcidtoname_downlevel.obj
 0001:00005370       ??_C@_1M@JHPMKJIE@?$AAa?$AAr?$AA?9?$AAo?$AAm?$AA?$AA@ 0000000180006370     libucrt:lcidtoname_downlevel.obj
 0001:00005380       ??_C@_1M@OEPGHFNH@?$AAa?$AAr?$AA?9?$AAq?$AAa?$AA?$AA@ 0000000180006380     libucrt:lcidtoname_downlevel.obj
 0001:00005390       ??_C@_1M@KJDONENM@?$AAa?$AAr?$AA?9?$AAs?$AAa?$AA?$AA@ 0000000180006390     libucrt:lcidtoname_downlevel.obj
 0001:000053a0       ??_C@_1M@DMJDKLKM@?$AAa?$AAr?$AA?9?$AAs?$AAy?$AA?$AA@ 00000001800063a0     libucrt:lcidtoname_downlevel.obj
 0001:000053b0       ??_C@_1M@OMFIPEDC@?$AAa?$AAr?$AA?9?$AAt?$AAn?$AA?$AA@ 00000001800063b0     libucrt:lcidtoname_downlevel.obj
 0001:000053c0       ??_C@_1M@IHMHGAON@?$AAa?$AAr?$AA?9?$AAy?$AAe?$AA?$AA@ 00000001800063c0     libucrt:lcidtoname_downlevel.obj
 0001:000053d0       ??_C@_1BG@KDCPGJGB@?$AAa?$AAz?$AA?9?$AAa?$AAz?$AA?9?$AAc?$AAy?$AAr?$AAl?$AA?$AA@ 00000001800063d0     libucrt:lcidtoname_downlevel.obj
 0001:000053e8       ??_C@_1BG@IBCKDDOE@?$AAa?$AAz?$AA?9?$AAa?$AAz?$AA?9?$AAl?$AAa?$AAt?$AAn?$AA?$AA@ 00000001800063e8     libucrt:lcidtoname_downlevel.obj
 0001:00005400       ??_C@_1M@EGPFDCPD@?$AAb?$AAe?$AA?9?$AAb?$AAy?$AA?$AA@ 0000000180006400     libucrt:lcidtoname_downlevel.obj
 0001:00005410       ??_C@_1M@PCMGMCGC@?$AAb?$AAg?$AA?9?$AAb?$AAg?$AA?$AA@ 0000000180006410     libucrt:lcidtoname_downlevel.obj
 0001:00005420       ??_C@_1M@BJBMFGOB@?$AAb?$AAn?$AA?9?$AAi?$AAn?$AA?$AA@ 0000000180006420     libucrt:lcidtoname_downlevel.obj
 0001:00005430       ??_C@_1BG@EAKMMACD@?$AAb?$AAs?$AA?9?$AAb?$AAa?$AA?9?$AAl?$AAa?$AAt?$AAn?$AA?$AA@ 0000000180006430     libucrt:lcidtoname_downlevel.obj
 0001:00005448       ??_C@_1M@KGADAODK@?$AAc?$AAa?$AA?9?$AAe?$AAs?$AA?$AA@ 0000000180006448     libucrt:lcidtoname_downlevel.obj
 0001:00005458       ??_C@_1M@COAJPDHI@?$AAc?$AAs?$AA?9?$AAc?$AAz?$AA?$AA@ 0000000180006458     libucrt:lcidtoname_downlevel.obj
 0001:00005468       ??_C@_1M@DHBHFONH@?$AAc?$AAy?$AA?9?$AAg?$AAb?$AA?$AA@ 0000000180006468     libucrt:lcidtoname_downlevel.obj
 0001:00005478       ??_C@_1M@IMGKELGA@?$AAd?$AAa?$AA?9?$AAd?$AAk?$AA?$AA@ 0000000180006478     libucrt:lcidtoname_downlevel.obj
 0001:00005488       ??_C@_1M@NNDGDNGA@?$AAd?$AAe?$AA?9?$AAa?$AAt?$AA?$AA@ 0000000180006488     libucrt:lcidtoname_downlevel.obj
 0001:00005498       ??_C@_1M@IKDBHEEM@?$AAd?$AAe?$AA?9?$AAc?$AAh?$AA?$AA@ 0000000180006498     libucrt:lcidtoname_downlevel.obj
 0001:000054a8       ??_C@_1M@GFFOJMCJ@?$AAd?$AAe?$AA?9?$AAd?$AAe?$AA?$AA@ 00000001800064a8     libucrt:lcidtoname_downlevel.obj
 0001:000054b8       ??_C@_1M@MDNLKBPM@?$AAd?$AAe?$AA?9?$AAl?$AAi?$AA?$AA@ 00000001800064b8     libucrt:lcidtoname_downlevel.obj
 0001:000054c8       ??_C@_1M@NJBEEJNL@?$AAd?$AAe?$AA?9?$AAl?$AAu?$AA?$AA@ 00000001800064c8     libucrt:lcidtoname_downlevel.obj
 0001:000054d8       ??_C@_1O@GNNELBAP@?$AAd?$AAi?$AAv?$AA?9?$AAm?$AAv?$AA?$AA@ 00000001800064d8     libucrt:lcidtoname_downlevel.obj
 0001:000054e8       ??_C@_1M@EJLEOGAE@?$AAe?$AAl?$AA?9?$AAg?$AAr?$AA?$AA@ 00000001800064e8     libucrt:lcidtoname_downlevel.obj
 0001:000054f8       ??_C@_1M@GMPONJN@?$AAe?$AAn?$AA?9?$AAa?$AAu?$AA?$AA@ 00000001800064f8     libucrt:lcidtoname_downlevel.obj
 0001:00005508       ??_C@_1M@NIDIIPGF@?$AAe?$AAn?$AA?9?$AAb?$AAz?$AA?$AA@ 0000000180006508     libucrt:lcidtoname_downlevel.obj
 0001:00005518       ??_C@_1M@JEHMIMFO@?$AAe?$AAn?$AA?9?$AAc?$AAa?$AA?$AA@ 0000000180006518     libucrt:lcidtoname_downlevel.obj
 0001:00005528       ??_C@_1M@IGMJCDLA@?$AAe?$AAn?$AA?9?$AAc?$AAb?$AA?$AA@ 0000000180006528     libucrt:lcidtoname_downlevel.obj
 0001:00005538       ??_C@_1M@BNFIGBKG@?$AAe?$AAn?$AA?9?$AAg?$AAb?$AA?$AA@ 0000000180006538     libucrt:lcidtoname_downlevel.obj
 0001:00005548       ??_C@_1M@LKIFDIGP@?$AAe?$AAn?$AA?9?$AAi?$AAe?$AA?$AA@ 0000000180006548     libucrt:lcidtoname_downlevel.obj
 0001:00005558       ??_C@_1M@PJKFGCCO@?$AAe?$AAn?$AA?9?$AAj?$AAm?$AA?$AA@ 0000000180006558     libucrt:lcidtoname_downlevel.obj
 0001:00005568       ??_C@_1M@KPPKEPBO@?$AAe?$AAn?$AA?9?$AAn?$AAz?$AA?$AA@ 0000000180006568     libucrt:lcidtoname_downlevel.obj
 0001:00005578       ??_C@_1M@GMDGLDOB@?$AAe?$AAn?$AA?9?$AAp?$AAh?$AA?$AA@ 0000000180006578     libucrt:lcidtoname_downlevel.obj
 0001:00005588       ??_C@_1M@ONGIBJNA@?$AAe?$AAn?$AA?9?$AAt?$AAt?$AA?$AA@ 0000000180006588     libucrt:lcidtoname_downlevel.obj
 0001:00005598       ??_C@_1M@LLODPCMM@?$AAe?$AAn?$AA?9?$AAu?$AAs?$AA?$AA@ 0000000180006598     libucrt:lcidtoname_downlevel.obj
 0001:000055a8       ??_C@_1M@LAKFNPAN@?$AAe?$AAn?$AA?9?$AAz?$AAa?$AA?$AA@ 00000001800065a8     libucrt:lcidtoname_downlevel.obj
 0001:000055b8       ??_C@_1M@MFNHNHEO@?$AAe?$AAn?$AA?9?$AAz?$AAw?$AA?$AA@ 00000001800065b8     libucrt:lcidtoname_downlevel.obj
 0001:000055c8       ??_C@_1M@EJEINPHM@?$AAe?$AAs?$AA?9?$AAa?$AAr?$AA?$AA@ 00000001800065c8     libucrt:lcidtoname_downlevel.obj
 0001:000055d8       ??_C@_1M@GNKPCCJA@?$AAe?$AAs?$AA?9?$AAb?$AAo?$AA?$AA@ 00000001800065d8     libucrt:lcidtoname_downlevel.obj
 0001:000055e8       ??_C@_1M@LEEGFONL@?$AAe?$AAs?$AA?9?$AAc?$AAl?$AA?$AA@ 00000001800065e8     libucrt:lcidtoname_downlevel.obj
 0001:000055f8       ??_C@_1M@KGPDPBDF@?$AAe?$AAs?$AA?9?$AAc?$AAo?$AA?$AA@ 00000001800065f8     libucrt:lcidtoname_downlevel.obj
 0001:00005608       ??_C@_1M@EIAHOHH@?$AAe?$AAs?$AA?9?$AAc?$AAr?$AA?$AA@ 0000000180006608     libucrt:lcidtoname_downlevel.obj
 0001:00005618       ??_C@_1M@LLPGMBIN@?$AAe?$AAs?$AA?9?$AAd?$AAo?$AA?$AA@ 0000000180006618     libucrt:lcidtoname_downlevel.obj
 0001:00005628       ??_C@_1M@DKHMKNJA@?$AAe?$AAs?$AA?9?$AAe?$AAc?$AA?$AA@ 0000000180006628     libucrt:lcidtoname_downlevel.obj
 0001:00005638       ??_C@_1M@GKGFPKAP@?$AAe?$AAs?$AA?9?$AAe?$AAs?$AA?$AA@ 0000000180006638     libucrt:lcidtoname_downlevel.obj
 0001:00005648       ??_C@_1M@LKHKGDLN@?$AAe?$AAs?$AA?9?$AAg?$AAt?$AA?$AA@ 0000000180006648     libucrt:lcidtoname_downlevel.obj
 0001:00005658       ??_C@_1M@HEIIGGJD@?$AAe?$AAs?$AA?9?$AAh?$AAn?$AA?$AA@ 0000000180006658     libucrt:lcidtoname_downlevel.obj
 0001:00005668       ??_C@_1M@FBDHPPGD@?$AAe?$AAs?$AA?9?$AAm?$AAx?$AA?$AA@ 0000000180006668     libucrt:lcidtoname_downlevel.obj
 0001:00005678       ??_C@_1M@DPAGLNDH@?$AAe?$AAs?$AA?9?$AAn?$AAi?$AA?$AA@ 0000000180006678     libucrt:lcidtoname_downlevel.obj
 0001:00005688       ??_C@_1M@MDGOPGDD@?$AAe?$AAs?$AA?9?$AAp?$AAa?$AA?$AA@ 0000000180006688     libucrt:lcidtoname_downlevel.obj
 0001:00005698       ??_C@_1M@EMAMGBGE@?$AAe?$AAs?$AA?9?$AAp?$AAe?$AA?$AA@ 0000000180006698     libucrt:lcidtoname_downlevel.obj
 0001:000056a8       ??_C@_1M@IBMCAOEC@?$AAe?$AAs?$AA?9?$AAp?$AAr?$AA?$AA@ 00000001800066a8     libucrt:lcidtoname_downlevel.obj
 0001:000056b8       ??_C@_1M@FGMDIJED@?$AAe?$AAs?$AA?9?$AAp?$AAy?$AA?$AA@ 00000001800066b8     libucrt:lcidtoname_downlevel.obj
 0001:000056c8       ??_C@_1M@IIDEOLLL@?$AAe?$AAs?$AA?9?$AAs?$AAv?$AA?$AA@ 00000001800066c8     libucrt:lcidtoname_downlevel.obj
 0001:000056d8       ??_C@_1M@GAOBIPA@?$AAe?$AAs?$AA?9?$AAu?$AAy?$AA?$AA@ 00000001800066d8     libucrt:lcidtoname_downlevel.obj
 0001:000056e8       ??_C@_1M@JKFFICHJ@?$AAe?$AAs?$AA?9?$AAv?$AAe?$AA?$AA@ 00000001800066e8     libucrt:lcidtoname_downlevel.obj
 0001:000056f8       ??_C@_1M@PNMLOJDF@?$AAe?$AAt?$AA?9?$AAe?$AAe?$AA?$AA@ 00000001800066f8     libucrt:lcidtoname_downlevel.obj
 0001:00005708       ??_C@_1M@GHHLIKEI@?$AAe?$AAu?$AA?9?$AAe?$AAs?$AA?$AA@ 0000000180006708     libucrt:lcidtoname_downlevel.obj
 0001:00005718       ??_C@_1M@PBNONODE@?$AAf?$AAa?$AA?9?$AAi?$AAr?$AA?$AA@ 0000000180006718     libucrt:lcidtoname_downlevel.obj
 0001:00005728       ??_C@_1M@JEEHPMIL@?$AAf?$AAi?$AA?9?$AAf?$AAi?$AA?$AA@ 0000000180006728     libucrt:lcidtoname_downlevel.obj
 0001:00005738       ??_C@_1M@LMDCNDBA@?$AAf?$AAo?$AA?9?$AAf?$AAo?$AA?$AA@ 0000000180006738     libucrt:lcidtoname_downlevel.obj
 0001:00005748       ??_C@_1M@JKEOHLDK@?$AAf?$AAr?$AA?9?$AAb?$AAe?$AA?$AA@ 0000000180006748     libucrt:lcidtoname_downlevel.obj
 0001:00005758       ??_C@_1M@NOHADPMI@?$AAf?$AAr?$AA?9?$AAc?$AAa?$AA?$AA@ 0000000180006758     libucrt:lcidtoname_downlevel.obj
 0001:00005768       ??_C@_1M@KDHIHAEC@?$AAf?$AAr?$AA?9?$AAc?$AAh?$AA?$AA@ 0000000180006768     libucrt:lcidtoname_downlevel.obj
 0001:00005778       ??_C@_1M@MMBBFGAK@?$AAf?$AAr?$AA?9?$AAf?$AAr?$AA?$AA@ 0000000180006778     libucrt:lcidtoname_downlevel.obj
 0001:00005788       ??_C@_1M@PAFNENNF@?$AAf?$AAr?$AA?9?$AAl?$AAu?$AA?$AA@ 0000000180006788     libucrt:lcidtoname_downlevel.obj
 0001:00005798       ??_C@_1M@EOHDJGDD@?$AAf?$AAr?$AA?9?$AAm?$AAc?$AA?$AA@ 0000000180006798     libucrt:lcidtoname_downlevel.obj
[...]
 0003:00000f24       $pdata$?setmbcp_internal@@YAHH_N@Z 0000000180020f24     libucrt:mbctype.obj
 0003:00000f30       $pdata$__acrt_initialize_multibyte 0000000180020f30     libucrt:mbctype.obj
 0003:00000f3c       $pdata$__acrt_update_thread_multibyte_data 0000000180020f3c     libucrt:mbctype.obj
 0003:00000f48       $pdata$_setmbcp_nolock     0000000180020f48     libucrt:mbctype.obj
 0003:00000f54       $pdata$?x_ismbbtype_l@@YAHPEAU__crt_locale_pointers@@IHH@Z 0000000180020f54     libucrt:ismbbyte.obj
 0003:00000f60       $pdata$__acrt_initialize_command_line 0000000180020f60     libucrt:argv_data.obj
 0003:00000f6c       $pdata$wcscpy_s            0000000180020f6c     libucrt:wcscpy_s.obj
 0003:00000f78       $pdata$__dcrt_get_narrow_environment_from_os 0000000180020f78     libucrt:get_environment_from_os.obj
 0003:00000f84       $pdata$_recalloc_base      0000000180020f84     libucrt:recalloc.obj
 0003:00000f90       $pdata$__acrt_initialize_heap 0000000180020f90     libucrt:heap_handle.obj
 0003:00000f9c       $pdata$?initialize_inherited_file_handles_nolock@@YAXXZ 0000000180020f9c     libucrt:ioinit.obj
 0003:00000fa8       $pdata$?initialize_stdio_handles_nolock@@YAXXZ 0000000180020fa8     libucrt:ioinit.obj
 0003:00000fb4       $pdata$__acrt_initialize_lowio 0000000180020fb4     libucrt:ioinit.obj
 0003:00000fc0       $pdata$__acrt_uninitialize_lowio 0000000180020fc0     libucrt:ioinit.obj
 0003:00000fcc       $pdata$__acrt_execute_initializers 0000000180020fcc     libucrt:shared_initialization.obj
 0003:00000fd8       $pdata$__acrt_execute_uninitializers 0000000180020fd8     libucrt:shared_initialization.obj
 0003:00000fe4       $pdata$??$?RV<lambda_c36588078e9f5dfd39652860aa6b3aaf>@@AEAV<lambda_ec61778202f4f5fc7e7711acc23c3bca>@@V<lambda_dc9d2797ccde5d239b4a0efae8ebd7db>@@@?$__crt_seh_guarded_call@P6AXH@Z@@QEAAP6AXH@Z$$QEAV<lambda_c36588078e9f5dfd39652860aa6b3aaf>@@AEAV<lambda_ec61778202f4f5fc7e7711acc23c3bca>@@$$QEAV<lambda_dc9d2797ccde5d239b4a0efae8ebd7db>@@@Z 0000000180020fe4     libucrt:signal.obj
 0003:00000ff0       $pdata$__acrt_get_sigabrt_handler 0000000180020ff0     libucrt:signal.obj
 0003:00000ffc       $pdata$raise               0000000180020ffc     libucrt:signal.obj
 0003:00001008       $pdata$__acrt_invoke_user_matherr 0000000180021008     libucrt:matherr.obj
 0003:00001014       $pdata$_mbtowc_l           0000000180021014     libucrt:mbtowc.obj
 0003:00001020       $pdata$__acrt_update_locale_info 0000000180021020     libucrt:locale_update.obj
 0003:0000102c       $pdata$__acrt_update_multibyte_info 000000018002102c     libucrt:locale_update.obj
 0003:00001038       $pdata$_fileno             0000000180021038     libucrt:fileno.obj
 0003:00001044       $pdata$__acrt_initialize_stdio 0000000180021044     libucrt:_file.obj
 0003:00001050       $pdata$__acrt_uninitialize_stdio 0000000180021050     libucrt:_file.obj
 0003:0000105c       $pdata$__acrt_uninitialize_locale 000000018002105c     libucrt:wsetlocale.obj
 0003:00001068       $pdata$__pctype_func       0000000180021068     libucrt:ctype.obj
 0003:00001074       $pdata$__acrt_free_locale  0000000180021074     libucrt:locale_refcounting.obj
 0003:00001080       $pdata$__acrt_locale_free_lc_time_if_unreferenced 0000000180021080     libucrt:locale_refcounting.obj
 0003:0000108c       $pdata$__acrt_release_locale_ref 000000018002108c     libucrt:locale_refcounting.obj
 0003:00001098       $pdata$__acrt_update_thread_locale_data 0000000180021098     libucrt:locale_refcounting.obj
 0003:000010a4       $pdata$_updatetlocinfoEx_nolock 00000001800210a4     libucrt:locale_refcounting.obj
 0003:000010b0       $pdata$?GetTableIndexFromLocaleName@@YAHPEB_W@Z 00000001800210b0     libucrt:lcidtoname_downlevel.obj
 0003:000010bc       $pdata$__acrt_DownlevelLocaleNameToLCID 00000001800210bc     libucrt:lcidtoname_downlevel.obj
 0003:000010c8       $pdata$?shortsort@@YAXPEAD0_KP6AHPEBX2@Z@Z 00000001800210c8     libucrt:qsort.obj
 0003:000010d4       $pdata$2$?shortsort@@YAXPEAD0_KP6AHPEBX2@Z@Z 00000001800210d4     libucrt:qsort.obj
 0003:000010e0       $pdata$3$?shortsort@@YAXPEAD0_KP6AHPEBX2@Z@Z 00000001800210e0     libucrt:qsort.obj
 0003:000010ec       $pdata$qsort               00000001800210ec     libucrt:qsort.obj
 0003:000010f8       $pdata$4$qsort             00000001800210f8     libucrt:qsort.obj
 0003:00001104       $pdata$5$qsort             0000000180021104     libucrt:qsort.obj
 0003:00001110       $pdata$strncpy_s           0000000180021110     libucrt:strncpy_s.obj
 0003:0000111c       $pdata$strpbrk             000000018002111c     libucrt:strpbrk.obj
 0003:00001128       $pdata$_mbsdec_l           0000000180021128     libucrt:mbsdec.obj
 0003:00001134       $pdata$?initialize_multibyte@@YAHXZ 0000000180021134     libucrt:multibyte_initializer.obj
 0003:00001140       $pdata$__acrt_GetStringTypeA 0000000180021140     libucrt:getstringtypea.obj
 0003:0000114c       $pdata$?__acrt_LCMapStringA_stat@@YAHPEAU__crt_locale_pointers@@PEB_WKPEBDHPEADHHH@Z 000000018002114c     libucrt:lcmapstringa.obj
 0003:00001158       $pdata$__acrt_LCMapStringA 0000000180021158     libucrt:lcmapstringa.obj
 0003:00001164       $pdata$_msize              0000000180021164     libucrt:msize.obj
 0003:00001170       $pdata$__acrt_lowio_create_handle_array 0000000180021170     libucrt:osfinfo.obj
 0003:0000117c       $pdata$__acrt_lowio_destroy_handle_array 000000018002117c     libucrt:osfinfo.obj
 0003:00001188       $pdata$__acrt_lowio_ensure_fh_exists 0000000180021188     libucrt:osfinfo.obj
 0003:00001194       $pdata$_free_osfhnd        0000000180021194     libucrt:osfinfo.obj
 0003:000011a0       $pdata$_get_osfhandle      00000001800211a0     libucrt:osfinfo.obj
 0003:000011ac       $pdata$_isatty             00000001800211ac     libucrt:isatty.obj
 0003:000011b8       $pdata$__acrt_stdio_flush_nolock 00000001800211b8     libucrt:fflush.obj
 0003:000011c4       $pdata$_fflush_nolock      00000001800211c4     libucrt:fflush.obj
 0003:000011d0       $pdata$common_flush_all    00000001800211d0     libucrt:fflush.obj
 0003:000011dc       $pdata$_isleadbyte_l       00000001800211dc     libucrt:_wctype.obj
 0003:000011e8       $pdata$_fcloseall          00000001800211e8     libucrt:closeall.obj
 0003:000011f4       $pdata$__acrt_stdio_free_buffer_nolock 00000001800211f4     libucrt:_freebuf.obj
 0003:00001200       $pdata$__acrt_locale_free_monetary 0000000180021200     libucrt:initmon.obj
 0003:0000120c       $pdata$__acrt_locale_free_numeric 000000018002120c     libucrt:initnum.obj
 0003:00001218       $pdata$?free_crt_array_internal@@YAXQEAPEBX_K@Z 0000000180021218     libucrt:inittime.obj
 0003:00001224       $pdata$__acrt_locale_free_time 0000000180021224     libucrt:inittime.obj
 0003:00001230       $pdata$??$?RV<lambda_b521505b218e5242e90febf6bfebc422>@@AEAV<lambda_6978c1fb23f02e42e1d9e99668cc68aa>@@V<lambda_314360699dd331753a4119843814e9a7>@@@?$__crt_seh_guarded_call@H@@QEAAH$$QEAV<lambda_b521505b218e5242e90febf6bfebc422>@@AEAV<lambda_6978c1fb23f02e42e1d9e99668cc68aa>@@$$QEAV<lambda_314360699dd331753a4119843814e9a7>@@@Z 0000000180021230     libucrt:commit.obj
 0003:0000123c       $pdata$_commit             000000018002123c     libucrt:commit.obj
 0003:00001248       $pdata$?write_double_translated_ansi_nolock@@YA?AUwrite_result@?A0x9c548279@@HQEBDI@Z 0000000180021248     libucrt:write.obj
 0003:00001254       $pdata$?write_text_ansi_nolock@@YA?AUwrite_result@?A0x9c548279@@HQEBDI@Z 0000000180021254     libucrt:write.obj
 0003:00001260       $pdata$?write_text_utf16le_nolock@@YA?AUwrite_result@?A0x9c548279@@HQEBDI@Z 0000000180021260     libucrt:write.obj
 0003:0000126c       $pdata$?write_text_utf8_nolock@@YA?AUwrite_result@?A0x9c548279@@HQEBDI@Z 000000018002126c     libucrt:write.obj
 0003:00001278       $pdata$_write              0000000180021278     libucrt:write.obj
 0003:00001284       $pdata$_write_nolock       0000000180021284     libucrt:write.obj
 0003:0000129c       $pdata$??$common_lseek_nolock@_J@@YA_JH_JH@Z 000000018002129c     libucrt:lseek.obj
 0003:000012a8       $pdata$_fclose_nolock      00000001800212a8     libucrt:fclose.obj
 0003:000012b4       $pdata$fclose              00000001800212b4     libucrt:fclose.obj
 0003:000012c0       $pdata$_putwch_nolock      00000001800212c0     libucrt:putwch.obj
 0003:000012cc       $pdata$_call_matherr       00000001800212cc     libucrt:libm_error.obj
 0003:000012d8       $pdata$_exception_enabled  00000001800212d8     libucrt:libm_error.obj
 0003:000012e4       $pdata$_handle_error       00000001800212e4     libucrt:libm_error.obj
 0003:000012f0       $pdata$__acrt_initialize_fma3 00000001800212f0     libucrt:fma3_available.obj
 0003:000012fc       $pdata$_log10_special      00000001800212fc     libucrt:log_special.obj
 0003:00001308       $pdata$_log_special_common 0000000180021308     libucrt:log_special.obj
 0003:00001314       $pdata$??$?RV<lambda_bfedae4ebbf01fab1bb6dcc6a9e276e0>@@AEAV<lambda_2fe9b910cf3cbf4a0ab98a02ba45b3ec>@@V<lambda_237c231691f317818eb88cc1d5d642d6>@@@?$__crt_seh_guarded_call@H@@QEAAH$$QEAV<lambda_bfedae4ebbf01fab1bb6dcc6a9e276e0>@@AEAV<lambda_2fe9b910cf3cbf4a0ab98a02ba45b3ec>@@$$QEAV<lambda_237c231691f317818eb88cc1d5d642d6>@@@Z 0000000180021314     libucrt:close.obj
 0003:00001320       $pdata$_close              0000000180021320     libucrt:close.obj
 0003:0000132c       $pdata$_close_nolock       000000018002132c     libucrt:close.obj
 0003:00001338       $pdata$__dcrt_lowio_initialize_console_output 0000000180021338     libucrt:initcon.obj
 0003:00001344       $pdata$__dcrt_terminate_console_output 0000000180021344     libucrt:initcon.obj
 0003:0000135c       $pdata$_raise_exc          000000018002135c     libucrt:fpexcept.obj
 0003:00001368       $pdata$_raise_exc_ex       0000000180021368     libucrt:fpexcept.obj
 0003:00001374       $pdata$_set_errno_from_matherr 0000000180021374     libucrt:fpexcept.obj
 0003:00001380       $pdata$_clrfp              0000000180021380     libucrt:fpctrl.obj
 0003:0000138c       $pdata$_ctrlfp             000000018002138c     libucrt:fpctrl.obj
 0003:00001398       $pdata$_set_statfp         0000000180021398     libucrt:fpctrl.obj
 0003:000013a4       $pdata$_statfp             00000001800213a4     libucrt:fpctrl.obj
 0003:000013b0       $pdata$__GSHandlerCheck    00000001800213b0     LIBCMT:_gshandler_.obj
 0003:000013bc       $pdata$__GSHandlerCheckCommon 00000001800213bc     LIBCMT:_gshandler_.obj
 0003:000013d4       $pdata$_IsNonwritableInCurrentImage 00000001800213d4     LIBCMT:pesect.obj
 0003:000013e0       $pdata$__raise_securityfailure 00000001800213e0     LIBCMT:gs_report.obj
 0003:000013ec       $pdata$__report_gsfailure  00000001800213ec     LIBCMT:gs_report.obj
 0003:000013f8       $pdata$__report_rangecheckfailure 00000001800213f8     LIBCMT:gs_report.obj
 0003:00001404       $pdata$__report_securityfailure 0000000180021404     LIBCMT:gs_report.obj
 0003:00001410       $pdata$capture_current_context 0000000180021410     LIBCMT:gs_report.obj
 0003:0000141c       $pdata$capture_previous_context 000000018002141c     LIBCMT:gs_report.obj
 0003:00001434       $pdata$?fin$0@?0??dllmain_crt_process_attach@@YAHQEAUHINSTANCE__@@QEAX@Z@4HA 0000000180021434     LIBCMT:dll_dllmain.obj
 0003:00001440       $pdata$?fin$0@?0??dllmain_crt_process_detach@@YAH_N@Z@4HA 0000000180021440     LIBCMT:dll_dllmain.obj
 0003:0000144c       $pdata$?filt$0@?0??dllmain_dispatch@@YAHQEAUHINSTANCE__@@KQEAX@Z@4HA 000000018002144c     LIBCMT:dll_dllmain.obj
 0003:00001458       $pdata$__scrt_is_nonwritable_in_current_image$filt$0 0000000180021458     LIBCMT:utility.obj
 0003:00001464       $pdata$_query_new_handler$fin$0 0000000180021464     libucrt:new_handler.obj
 0003:00001470       $pdata$?filt$0@?0??common_exit@@YAXHW4_crt_exit_cleanup_mode@@W4_crt_exit_return_mode@@@Z@4HA 0000000180021470     libucrt:exit.obj
 0003:0000147c       $pdata$?fin$1@?0??common_exit@@YAXHW4_crt_exit_cleanup_mode@@W4_crt_exit_return_mode@@@Z@4HA 000000018002147c     libucrt:exit.obj
 0003:00001488       $pdata$?fin$0@?0???$?RV<lambda_e24bbb7b643b32fcea6fa61b31d4c984>@@AEAV<lambda_275893d493268fdec8709772e3fcec0e>@@V<lambda_9d71df4d7cf3f480f8d633942495c3b0>@@@?$__crt_seh_guarded_call@H@@QEAAH$$QEAV<lambda_e24bbb7b643b32fcea6fa61b31d4c984>@@AEAV<lambda_275893d493268fdec8709772e3fcec0e>@@$$QEAV<lambda_9d71df4d7cf3f480f8d633942495c3b0>@@@Z@4HA 0000000180021488     libucrt:onexit.obj
 0003:00001494       $pdata$__acrt_update_thread_multibyte_data$fin$0 0000000180021494     libucrt:mbctype.obj
 0003:000014a0       $pdata$?fin$0@?0???$?RV<lambda_99476a1ad63dd22509b5d3e65b0ffc95>@@AEAV<lambda_ad1ced32f4ac17aa236e5ef05d6b3b7c>@@V<lambda_f7424dd8d45958661754dc4f2697e9c3>@@@?$__crt_seh_guarded_call@X@@QEAAX$$QEAV<lambda_99476a1ad63dd22509b5d3e65b0ffc95>@@AEAV<lambda_ad1ced32f4ac17aa236e5ef05d6b3b7c>@@$$QEAV<lambda_f7424dd8d45958661754dc4f2697e9c3>@@@Z@4HA 00000001800214a0     libucrt:mbctype.obj
 0003:000014a0       $pdata$?fin$0@?0???$?RV<lambda_72d1df2b273a38828b1ce30cbf4cdab5>@@AEAV<lambda_876a65b173b8412d3a47c70a915b0cf4>@@V<lambda_41932305e351933ebe8f8be3ed8bb5dc>@@@?$__crt_seh_guarded_call@X@@QEAAX$$QEAV<lambda_72d1df2b273a38828b1ce30cbf4cdab5>@@AEAV<lambda_876a65b173b8412d3a47c70a915b0cf4>@@$$QEAV<lambda_41932305e351933ebe8f8be3ed8bb5dc>@@@Z@4HA 00000001800214a0     libucrt:per_thread_data.obj
 0003:000014a0       $pdata$?fin$0@?0???$?RV<lambda_5e887d1dcbef67a5eb4283622ba103bf>@@AEAV<lambda_4466841279450cc726390878d4a41900>@@V<lambda_341c25c0346d94847f1f3c463c57e077>@@@?$__crt_seh_guarded_call@X@@QEAAX$$QEAV<lambda_5e887d1dcbef67a5eb4283622ba103bf>@@AEAV<lambda_4466841279450cc726390878d4a41900>@@$$QEAV<lambda_341c25c0346d94847f1f3c463c57e077>@@@Z@4HA 00000001800214a0     libucrt:per_thread_data.obj
 0003:000014a0       $pdata$?fin$0@?0???$?RV<lambda_fb3a7dec4e47f37f22dae91bb15c9095>@@AEAV<lambda_698284760c8add0bfb0756c19673e34b>@@V<lambda_dfb8eca1e75fef3034a8fb18dd509707>@@@?$__crt_seh_guarded_call@X@@QEAAX$$QEAV<lambda_fb3a7dec4e47f37f22dae91bb15c9095>@@AEAV<lambda_698284760c8add0bfb0756c19673e34b>@@$$QEAV<lambda_dfb8eca1e75fef3034a8fb18dd509707>@@@Z@4HA 00000001800214a0     libucrt:per_thread_data.obj
 0003:000014a0       $pdata$?fin$0@?0???$?RV<lambda_b8c45f8f788dd370798f47cfe8ac3a86>@@AEAV<lambda_4e60a939b0d047cfe11ddc22648dfba9>@@V<lambda_332c3edc96d0294ec56c57d38c1cdfd5>@@@?$__crt_seh_guarded_call@H@@QEAAH$$QEAV<lambda_b8c45f8f788dd370798f47cfe8ac3a86>@@AEAV<lambda_4e60a939b0d047cfe11ddc22648dfba9>@@$$QEAV<lambda_332c3edc96d0294ec56c57d38c1cdfd5>@@@Z@4HA 00000001800214a0     libucrt:onexit.obj
 0003:000014a0       $pdata$?fin$0@?0???$?RV<lambda_c36588078e9f5dfd39652860aa6b3aaf>@@AEAV<lambda_ec61778202f4f5fc7e7711acc23c3bca>@@V<lambda_dc9d2797ccde5d239b4a0efae8ebd7db>@@@?$__crt_seh_guarded_call@P6AXH@Z@@QEAAP6AXH@Z$$QEAV<lambda_c36588078e9f5dfd39652860aa6b3aaf>@@AEAV<lambda_ec61778202f4f5fc7e7711acc23c3bca>@@$$QEAV<lambda_dc9d2797ccde5d239b4a0efae8ebd7db>@@@Z@4HA 00000001800214a0     libucrt:signal.obj
 0003:000014a0       $pdata$?fin$0@?0???$?RV<lambda_46352004c1216016012b18bd6f87e700>@@AEAV<lambda_3bd07e1a1191394380780325891bf33f>@@V<lambda_334532d3f185bcaa59b5be82d7d22bff>@@@?$__crt_seh_guarded_call@X@@QEAAX$$QEAV<lambda_46352004c1216016012b18bd6f87e700>@@AEAV<lambda_3bd07e1a1191394380780325891bf33f>@@$$QEAV<lambda_334532d3f185bcaa59b5be82d7d22bff>@@@Z@4HA 00000001800214a0     libucrt:per_thread_data.obj
 0003:000014ac       $pdata$raise$fin$0         00000001800214ac     libucrt:signal.obj
 0003:000014b8       $pdata$__acrt_uninitialize_locale$fin$0 00000001800214b8     libucrt:wsetlocale.obj
 0003:000014b8       $pdata$__acrt_update_thread_locale_data$fin$0 00000001800214b8     libucrt:locale_refcounting.obj
 0003:000014c4       $pdata$__acrt_initialize_lowio$fin$0 00000001800214c4     libucrt:ioinit.obj
 0003:000014c4       $pdata$__acrt_lowio_ensure_fh_exists$fin$0 00000001800214c4     libucrt:osfinfo.obj
 0003:000014d0       $pdata$common_flush_all$fin$0 00000001800214d0     libucrt:fflush.obj
 0003:000014dc       $pdata$common_flush_all$fin$1 00000001800214dc     libucrt:fflush.obj
 0003:000014e8       $pdata$_fcloseall$fin$0    00000001800214e8     libucrt:closeall.obj
 0003:000014f4       $pdata$?fin$0@?0???$?RV<lambda_b521505b218e5242e90febf6bfebc422>@@AEAV<lambda_6978c1fb23f02e42e1d9e99668cc68aa>@@V<lambda_314360699dd331753a4119843814e9a7>@@@?$__crt_seh_guarded_call@H@@QEAAH$$QEAV<lambda_b521505b218e5242e90febf6bfebc422>@@AEAV<lambda_6978c1fb23f02e42e1d9e99668cc68aa>@@$$QEAV<lambda_314360699dd331753a4119843814e9a7>@@@Z@4HA 00000001800214f4     libucrt:commit.obj
 0003:000014f4       $pdata$?fin$0@?0???$?RV<lambda_bfedae4ebbf01fab1bb6dcc6a9e276e0>@@AEAV<lambda_2fe9b910cf3cbf4a0ab98a02ba45b3ec>@@V<lambda_237c231691f317818eb88cc1d5d642d6>@@@?$__crt_seh_guarded_call@H@@QEAAH$$QEAV<lambda_bfedae4ebbf01fab1bb6dcc6a9e276e0>@@AEAV<lambda_2fe9b910cf3cbf4a0ab98a02ba45b3ec>@@$$QEAV<lambda_237c231691f317818eb88cc1d5d642d6>@@@Z@4HA 00000001800214f4     libucrt:close.obj
 0003:00001500       $pdata$_write$fin$0        0000000180021500     libucrt:write.obj
 0003:0000150c       $pdata$fclose$fin$0        000000018002150c     libucrt:fclose.obj
 0003:00001518       $pdata$_ctrlfp$filt$0      0000000180021518     libucrt:fpctrl.obj
 0003:00001524       $pdata$_IsNonwritableInCurrentImage$filt$0 0000000180021524     LIBCMT:pesect.obj
 0004:0000080c       .idata$6                   000000018002280c     kernel32:KERNEL32.dll
 0004:0000082a       .idata$6                   000000018002282a     advapi32:ADVAPI32.dll
 0004:00000848       .idata$6                   0000000180022848     shell32:SHELL32.dll
 0005:00000000       __guard_fids__             0000000180023000     libucrt:initialization.obj
 0005:00000060       __guard_fids___acrt_initialize_ptd 0000000180023060     libucrt:per_thread_data.obj
 0005:00000064       __guard_fids_??$expand_argument_wildcards@D@@YAHQEAD0AEAV?$argument_list@D@?A0xca0879c4@@@Z 0000000180023064     libucrt:argv_wildcards.obj
 0005:00000068       __guard_fids__             0000000180023068     libucrt:multibyte_initializer.obj
 0005:0000006c       __guard_fids__             000000018002306c     libucrt:stdio_initializer.obj
 0005:00000070       __guard_fids__             0000000180023070     libucrt:stdio_initializer.obj
 0005:00000074       __guard_fids__             0000000180023074     libucrt:locale_initializer.obj
 0005:00000078       __guard_fids__             0000000180023078     libucrt:fma3_initializer.obj
 0005:0000007c       __guard_fids__             000000018002307c     libucrt:console_output_initializer.obj
 0005:00000080       __guard_fids_?dllmain_crt_process_attach@@YAHQEAUHINSTANCE__@@QEAX@Z 0000000180023080     LIBCMT:dll_dllmain.obj
 0005:00000088       __guard_fids_?dllmain_dispatch@@YAHQEAUHINSTANCE__@@KQEAX@Z 0000000180023088     LIBCMT:dll_dllmain.obj
 0005:0000008c       __guard_fids__             000000018002308c     LIBCMT:throw_bad_alloc.obj
 0005:00000094       __guard_fids__             0000000180023094     LIBCMT:throw_bad_alloc.obj
 0005:0000009c       __guard_fids__             000000018002309c     LIBCMT:throw_bad_alloc.obj
 0005:000000a4       __guard_fids__             00000001800230a4     LIBCMT:std_type_info_static.obj
 0005:000000a8       __guard_fids__             00000001800230a8     LIBCMT:guard_support.obj
 0005:000000ac       __guard_fids__             00000001800230ac     libvcruntime:telemetry.obj
 0005:000000b0       __guard_fids_?TraceLoggingRegister@__vcrt_trace_logging_provider@@YAJPEBU_TlgProvider_t@1@PEBU_GUID@@P6AX1KE_K2PEAU_EVENT_FILTER_DESCRIPTOR@@PEAX@Z4@Z 00000001800230b0     libvcruntime:telemetry.obj
 0005:000000b4       __guard_fids___vcrt_initialize_ptd 00000001800230b4     libvcruntime:per_thread_data.obj
 0006:00000060       $R000000                   0000000180024060     TmpPanel.res
