 FARCmds

 Timestamp is 57c8d183 (Fri Sep  2 04:10:27 2016)

 Preferred load address is 0000000180000000

 Start         Length     Name                   Class
 0001:00000000 00000010H .00cfg                  CODE
 0001:00000010 00000008H .CRT$XCA                CODE
 0001:00000018 00000008H .CRT$XCZ                CODE
 0001:00000020 00000008H .CRT$XIA                CODE
 0001:00000028 00000018H .CRT$XIC                CODE
 0001:00000040 00000008H .CRT$XIZ                CODE
 0001:00000048 00000008H .CRT$XPA                CODE
 0001:00000050 00000010H .CRT$XPX                CODE
 0001:00000060 00000008H .CRT$XPXA               CODE
 0001:00000068 00000008H .CRT$XPZ                CODE
 0001:00000070 00000008H .CRT$XTA                CODE
 0001:00000078 00000008H .CRT$XTZ                CODE
 0001:00000080 000076b8H .rdata                  CODE
 0001:00007738 000001f8H .rdata$r                CODE
 0001:00007930 00000010H .rdata$zETW0            CODE
 0001:00007940 00000077H .rdata$zETW1            CODE
 0001:000079b7 0000002cH .rdata$zETW2            CODE
 0001:000079e3 00000001H .rdata$zETW9            CODE
 0001:000079e4 0000034cH .rdata$zzzdbg           CODE
 0001:00007d30 00000008H .rtc$IAA                CODE
 0001:00007d38 00000008H .rtc$IZZ                CODE
 0001:00007d40 00000008H .rtc$TAA                CODE
 0001:00007d48 00000008H .rtc$TZZ                CODE
 0001:00007d50 000001e0H .text                   CODE
 0001:00007f30 000107b0H .text$mn                CODE
 0001:000186e0 00000020H .text$mn$00             CODE
 0001:00018700 00000260H .text$x                 CODE
 0001:00018960 000010d0H .xdata                  CODE
 0001:00019a30 000000f0H .xdata$x                CODE
 0001:00019b20 000000a5H .edata                  CODE
 0002:00000000 00000a58H .data                   DATA
 0002:00000a58 000000a8H .data$r                 DATA
 0002:00000b00 000028b8H .bss                    DATA
 0003:00000000 00001320H .pdata                  DATA
 0004:00000000 00000380H .idata$5                DATA
 0004:00000380 00000064H .idata$2                DATA
 0004:000003e4 00000014H .idata$3                DATA
 0004:000003f8 00000380H .idata$4                DATA
 0004:00000778 0000081eH .idata$6                DATA
 0005:00000000 00000080H .gfids$x                DATA
 0005:00000080 00000038H .gfids$y                DATA
 0006:00000000 00000060H .rsrc$01                DATA
 0006:00000060 00000378H .rsrc$02                DATA

  Address         Publics by Value              Rva+Base               Lib:Object

 0000:00000000       __guard_iat_count          0000000000000000     <absolute>
 0000:00000000       __dynamic_value_reloc_table 0000000000000000     <absolute>
 0000:00000000       __guard_iat_table          0000000000000000     <absolute>
 0000:00000000       __guard_longjmp_table      0000000000000000     <absolute>
 0000:00000000       __guard_longjmp_count      0000000000000000     <absolute>
 0000:00000000       __guard_fids_count         0000000000000000     <absolute>
 0000:00000000       ___safe_se_handler_table   0000000000000000     <absolute>
 0000:00000000       ___safe_se_handler_count   0000000000000000     <absolute>
 0000:00000000       __guard_fids_table         0000000000000000     <absolute>
 0000:00000100       __guard_flags              0000000000000100     <absolute>
 0000:00000000       __ImageBase                0000000180000000     <linker-defined>
 0001:00000000       __guard_check_icall_fptr   0000000180001000     LIBCMT:guard_support.obj
 0001:00000008       __guard_dispatch_icall_fptr 0000000180001008     LIBCMT:guard_support.obj
 0001:00000010       __xc_a                     0000000180001010     LIBCMT:initializers.obj
 0001:00000018       __xc_z                     0000000180001018     LIBCMT:initializers.obj
 0001:00000020       __xi_a                     0000000180001020     LIBCMT:initializers.obj
 0001:00000028       __acrt_multibyte_initializer 0000000180001028     libucrt:multibyte_initializer.obj
 0001:00000030       __acrt_stdio_initializer   0000000180001030     libucrt:stdio_initializer.obj
 0001:00000038       __acrt_tran_fma3_initializer 0000000180001038     libucrt:fma3_initializer.obj
 0001:00000040       __xi_z                     0000000180001040     LIBCMT:initializers.obj
 0001:00000048       __xp_a                     0000000180001048     LIBCMT:initializers.obj
 0001:00000050       __acrt_locale_terminator   0000000180001050     libucrt:locale_initializer.obj
 0001:00000058       __dcrt_console_output_terminator 0000000180001058     libucrt:console_output_initializer.obj
 0001:00000060       __acrt_stdio_terminator    0000000180001060     libucrt:stdio_initializer.obj
 0001:00000068       __xp_z                     0000000180001068     LIBCMT:initializers.obj
 0001:00000070       __xt_a                     0000000180001070     LIBCMT:initializers.obj
 0001:00000078       __xt_z                     0000000180001078     LIBCMT:initializers.obj
 0001:00000080       MainGuid                   0000000180001080     FARCmds.obj
 0001:00000090       ConfigMenuGuid             0000000180001090     FARCmds.obj
 0001:000000a0       DialogGuid                 00000001800010a0     FARCmds.obj
 0001:000000b0       ??_C@_1BM@IEHCKIMD@?$AAS?$AAh?$AAo?$AAw?$AAC?$AAm?$AAd?$AAO?$AAu?$AAt?$AAp?$AAu?$AAt?$AA?$AA@ 00000001800010b0     FARCmds.obj
 0001:000000d0       ??_C@_1BE@EKEFMMPP@?$AAC?$AAa?$AAt?$AAc?$AAh?$AAM?$AAo?$AAd?$AAe?$AA?$AA@ 00000001800010d0     FARCmds.obj
 0001:000000e8       ??_C@_1BM@BMDAMABJ@?$AAV?$AAi?$AAe?$AAw?$AAZ?$AAe?$AAr?$AAo?$AAF?$AAi?$AAl?$AAe?$AAs?$AA?$AA@ 00000001800010e8     FARCmds.obj
 0001:00000108       ??_C@_1BK@LOJIPNKK@?$AAE?$AAd?$AAi?$AAt?$AAN?$AAe?$AAw?$AAF?$AAi?$AAl?$AAe?$AAs?$AA?$AA@ 0000000180001108     FARCmds.obj
 0001:00000128       ??_C@_1BI@BKNCFIOG@?$AAM?$AAa?$AAx?$AAD?$AAa?$AAt?$AAa?$AAS?$AAi?$AAz?$AAe?$AA?$AA@ 0000000180001128     FARCmds.obj
 0001:00000140       ??_C@_1BE@KBOCGMKN@?$AAS?$AAe?$AAp?$AAa?$AAr?$AAa?$AAt?$AAo?$AAr?$AA?$AA@ 0000000180001140     FARCmds.obj
 0001:00000158       ??_7?$DialogItemBinding@UFarDialogItem@@@@6B@ 0000000180001158     FARCmds.obj
 0001:00000168       ??_7PluginCheckBoxBinding@@6B@ 0000000180001168     FARCmds.obj
 0001:00000178       ??_7PluginRadioButtonBinding@@6B@ 0000000180001178     FARCmds.obj
 0001:00000188       ??_7PluginIntEditFieldBinding@@6B@ 0000000180001188     FARCmds.obj
 0001:00000198       ??_C@_15EFLNJKHH@?$AA?$CF?$AAu?$AA?$AA@ 0000000180001198     FARCmds.obj
 0001:000001a0       ??_7PluginUIntEditFieldBinding@@6B@ 00000001800011a0     FARCmds.obj
 0001:000001b0       ??_7?$DialogBuilderBase@UFarDialogItem@@@@6B@ 00000001800011b0     FARCmds.obj
 0001:000001f8       ??_7PluginDialogBuilder@@6B@ 00000001800011f8     FARCmds.obj
 0001:00000240       ??_C@_11LOCGONAA@?$AA?$AA@ 0000000180001240     FARCmds.obj
 0001:00000248       ??_C@_1BA@LGNBLCFH@?$AAF?$AAA?$AAR?$AAC?$AAm?$AAd?$AAs?$AA?$AA@ 0000000180001248     FARCmds.obj
 0001:00000260       ??_C@_1EI@IHKPBHMH@?$AAF?$AAA?$AAR?$AA?5?$AAC?$AAo?$AAm?$AAm?$AAa?$AAn?$AAd?$AAs?$AA?5?$AAP?$AAl?$AAu?$AAg?$AAi?$AAn?$AA?5?$AAf?$AAo?$AAr?$AA?5?$AAF?$AAa?$AAr?$AA?5?$AAM?$AAa?$AAn?$AAa@ 0000000180001260     FARCmds.obj
 0001:000002a8       ??_C@_1DE@BGKMIKPD@?$AAE?$AAu?$AAg?$AAe?$AAn?$AAe?$AA?5?$AAR?$AAo?$AAs?$AAh?$AAa?$AAl?$AA?5?$AA?$CG?$AA?5?$AAF?$AAa?$AAr?$AA?5?$AAG?$AAr?$AAo?$AAu?$AAp?$AA?$AA@ 00000001800012a8     FARCmds.obj
 0001:000002dc       ??_C@_13HOIJIPNN@?$AA?5?$AA?$AA@ 00000001800012dc     FARCmds.obj
 0001:000002e0       ??_C@_1GC@PBJAIBOO@?$AAv?$AAi?$AAe?$AAw?$AA?3?$AAe?$AAd?$AAi?$AAt?$AA?3?$AAg?$AAo?$AAt?$AAo?$AA?3?$AAc?$AAl?$AAi?$AAp?$AA?3?$AAw?$AAh?$AAe?$AAr?$AAe?$AAi?$AAs?$AA?3?$AAl?$AAi?$AAn?$AAk@ 00000001800012e0     FARCmds.obj
 0001:00000348       ??_C@_1O@BJPKKLLM@?$AAC?$AAo?$AAn?$AAf?$AAi?$AAg?$AA?$AA@ 0000000180001348     FARCmds.obj
 0001:00000360       __xmm@00000008000000070000000600000005 0000000180001360     FARCmds.obj
 0001:00000370       __xmm@ffffffffffffffff0000000000000002 0000000180001370     FARCmds.obj
 0001:00000380       __xmm@ffffffffffffffffffffffffffffffff 0000000180001380     FARCmds.obj
 0001:00000390       ??_C@_1BE@EKCMLKPN@?$AA?$CF?$AAC?$AAO?$AAM?$AAS?$AAP?$AAE?$AAC?$AA?$CF?$AA?$AA@ 0000000180001390     Mix.obj
 0001:000003a4       ??_C@_15BNIPFGCG@?$AA$?$AA?$CK?$AA?$AA@ 00000001800013a4     Mix.obj
 0001:000003b0       ??_C@_0BC@KFCLBIA@?$AB?$BE?$AC?$AA?$AA?$AA?$AA?$AA?$MA?$AA?$AA?$AA?$AA?$AA?$AAF?$JL?$AA@ 00000001800013b0     Mix.obj
 0001:000003c8       ??_C@_19BKJMDJK@?$AA?2?$AA?2?$AA?4?$AA?2?$AA?$AA@ 00000001800013c8     OpenCmd.obj
 0001:000003d8       ??_C@_1CE@JKDBMIKG@?$AA?2?$AA?2?$AA?4?$AA?2?$AAP?$AAh?$AAy?$AAs?$AAi?$AAc?$AAa?$AAl?$AAD?$AAr?$AAi?$AAv?$AAe?$AA?$AA@ 00000001800013d8     OpenCmd.obj
 0001:00000400       ??_C@_1BE@BNONMOPA@?$AA?2?$AA?2?$AA?4?$AA?2?$AAc?$AAd?$AAr?$AAo?$AAm?$AA?$AA@ 0000000180001400     OpenCmd.obj
 0001:00000414       ??_C@_13FPGAJAPJ@?$AA?2?$AA?$AA@ 0000000180001414     OpenCmd.obj
 0001:00000418       ??_C@_1BA@EIPEFBMB@?$AA?$CF?$AAl?$AAu?$AA?1?$AA?$CF?$AAl?$AAu?$AA?$AA@ 0000000180001418     OpenCmd.obj
 0001:00000428       ??_C@_17IJMNDCL@?$AA?$CF?$AAl?$AAu?$AA?$AA@ 0000000180001428     OpenCmd.obj
 0001:00000438       ??_C@_1BM@MDBPDFDA@?$AA?$CF?$AAC?$AAO?$AAM?$AAS?$AAP?$AAE?$AAC?$AA?$CF?$AA?5?$AA?1?$AAc?$AA?5?$AA?$AA@ 0000000180001438     OpenCmd.obj
 0001:00000454       ??_C@_13NEIAEHFG@?$AA?$CC?$AA?$AA@ 0000000180001454     OpenCmd.obj
 0001:00000458       ??_C@_1BA@IBNPAI@?$AAF?$AAA?$AAR?$AAH?$AAO?$AAM?$AAE?$AA?$AA@ 0000000180001458     OpenCmd.obj
 0001:00000468       ??_C@_19IJOJOJIB@?$AAP?$AAA?$AAT?$AAH?$AA?$AA@ 0000000180001468     OpenCmd.obj
 0001:00000478       ??_C@_1BA@HAHEJCII@?$AAP?$AAA?$AAT?$AAH?$AAE?$AAX?$AAT?$AA?$AA@ 0000000180001478     OpenCmd.obj
 0001:00000488       ??_C@_13PJJBFPED@?$AA?$DL?$AA?$AA@ 0000000180001488     OpenCmd.obj
 0001:00000490       ??_C@_1GK@PPEHOOAL@?$AAS?$AAO?$AAF?$AAT?$AAW?$AAA?$AAR?$AAE?$AA?2?$AAM?$AAi?$AAc?$AAr?$AAo?$AAs?$AAo?$AAf?$AAt?$AA?2?$AAW?$AAi?$AAn?$AAd?$AAo?$AAw?$AAs?$AA?2?$AAC?$AAu?$AAr?$AAr?$AAe@ 0000000180001490     OpenCmd.obj
 0001:00000500       ??_C@_19JMGCACDF@?$AA?1?$AAM?$AAS?$AAG?$AA?$AA@ 0000000180001500     OpenCmd.obj
 0001:0000050c       ??_C@_15MDAMMGLB@?$AA?1?$AAN?$AA?$AA@ 000000018000150c     OpenCmd.obj
 0001:00000514       ??_C@_15GBHPEJPD@?$AA?1?$AAS?$AA?$AA@ 0000000180001514     OpenCmd.obj
 0001:00000520       ??_C@_17KKFGGCGH@?$AAR?$AAU?$AAN?$AA?$AA@ 0000000180001520     OpenCmd.obj
 0001:00000528       ??_C@_17NMIMIGP@?$AAR?$AAu?$AAn?$AA?$AA@ 0000000180001528     OpenCmd.obj
 0001:00000530       ??_C@_19JHOCBEIE@?$AAV?$AAI?$AAE?$AAW?$AA?$AA@ 0000000180001530     OpenCmd.obj
 0001:00000540       ??_C@_19MJAKNMNK@?$AAV?$AAi?$AAe?$AAw?$AA?$AA@ 0000000180001540     OpenCmd.obj
 0001:00000550       ??_C@_19PEJAKIIO@?$AAC?$AAL?$AAI?$AAP?$AA?$AA@ 0000000180001550     OpenCmd.obj
 0001:00000560       ??_C@_19KKHIGANA@?$AAC?$AAl?$AAi?$AAp?$AA?$AA@ 0000000180001560     OpenCmd.obj
 0001:00000570       ??_C@_1BA@NBLHMMII@?$AAW?$AAH?$AAE?$AAR?$AAE?$AAI?$AAS?$AA?$AA@ 0000000180001570     OpenCmd.obj
 0001:00000580       ??_C@_1BA@BCPLKBBA@?$AAW?$AAh?$AAe?$AAr?$AAe?$AAI?$AAs?$AA?$AA@ 0000000180001580     OpenCmd.obj
 0001:00000590       ??_C@_19KFAJFECL@?$AAE?$AAD?$AAI?$AAT?$AA?$AA@ 0000000180001590     OpenCmd.obj
 0001:000005a0       ??_C@_19PLOBJMHF@?$AAE?$AAd?$AAi?$AAt?$AA?$AA@ 00000001800015a0     OpenCmd.obj
 0001:000005b0       ??_C@_19MEMGFJJL@?$AAG?$AAO?$AAT?$AAO?$AA?$AA@ 00000001800015b0     OpenCmd.obj
 0001:000005c0       ??_C@_19JKCOJBMF@?$AAG?$AAo?$AAt?$AAo?$AA?$AA@ 00000001800015c0     OpenCmd.obj
 0001:000005d0       ??_C@_19NHGGBNEB@?$AAL?$AAI?$AAN?$AAK?$AA?$AA@ 00000001800015d0     OpenCmd.obj
 0001:000005e0       ??_C@_19IJIONFBP@?$AAL?$AAi?$AAn?$AAk?$AA?$AA@ 00000001800015e0     OpenCmd.obj
 0001:000005f0       ??_C@_19LIDMLGEF@?$AAL?$AAO?$AAA?$AAD?$AA?$AA@ 00000001800015f0     OpenCmd.obj
 0001:00000600       ??_C@_19OGNEHOBL@?$AAL?$AAo?$AAa?$AAd?$AA?$AA@ 0000000180001600     OpenCmd.obj
 0001:00000610       ??_C@_1O@PAPHGGOK@?$AAU?$AAN?$AAL?$AAO?$AAA?$AAD?$AA?$AA@ 0000000180001610     OpenCmd.obj
 0001:00000620       ??_C@_1O@PJHDHGJM@?$AAU?$AAn?$AAl?$AAo?$AAa?$AAd?$AA?$AA@ 0000000180001620     OpenCmd.obj
 0001:00000630       ??_C@_1BC@ENICKDH@?$AAC?$AAo?$AAn?$AAt?$AAe?$AAn?$AAt?$AAs?$AA?$AA@ 0000000180001630     OpenCmd.obj
 0001:00000650       __xmm@ffffffff80000002ffffffff80000001 0000000180001650     OpenCmd.obj
 0001:00000660       IID_IShellLinkW            0000000180001660     shell32:shguid.obj
 0001:00000670       IID_IPersistFile           0000000180001670     uuid:objidl_i.obj
 0001:00000680       CLSID_ShellLink            0000000180001680     uuid:shguids2.obj
 0001:00000690       _pRawDllMain               0000000180001690     LIBCMT:dll_dllmain.obj
 0001:00000690       _pDefaultRawDllMain        0000000180001690     LIBCMT:dll_dllmain.obj
 0001:000006a0       ??_7exception@std@@6B@     00000001800016a0     LIBCMT:throw_bad_alloc.obj
 0001:000006b0       ??_C@_0BC@EOODALEL@Unknown?5exception?$AA@ 00000001800016b0     LIBCMT:throw_bad_alloc.obj
 0001:000006d0       ??_7bad_alloc@std@@6B@     00000001800016d0     LIBCMT:throw_bad_alloc.obj
 0001:000006e0       ??_C@_0P@GHFPNOJB@bad?5allocation?$AA@ 00000001800016e0     LIBCMT:throw_bad_alloc.obj
 0001:000006f8       ??_7bad_array_new_length@std@@6B@ 00000001800016f8     LIBCMT:throw_bad_alloc.obj
 0001:00000708       ??_C@_0BF@KINCDENJ@bad?5array?5new?5length?$AA@ 0000000180001708     LIBCMT:throw_bad_alloc.obj
 0001:00000728       ??_7type_info@@6B@         0000000180001728     LIBCMT:std_type_info_static.obj
 0001:00000730       _Microsoft_CRTProvider     0000000180001730     libvcruntime:telemetry.obj
 0001:00000738       ??_C@_00CNPNBAHC@?$AA@     0000000180001738     libvcruntime:telemetry.obj
 0001:00000740       ??_C@_0O@JEOPJOMI@Main?5Invoked?4?$AA@ 0000000180001740     libvcruntime:telemetry.obj
 0001:00000750       ??_C@_0P@NEAEIBDO@Main?5Returned?4?$AA@ 0000000180001750     libvcruntime:telemetry.obj
 0001:000007c0       ??_C@_1BC@DNHGCMLG@?$AAa?$AAd?$AAv?$AAa?$AAp?$AAi?$AA3?$AA2?$AA?$AA@ 00000001800017c0     libvcruntime:winapi_downlevel.obj
 0001:000007d8       ??_C@_1DM@KHCHBNEB@?$AAa?$AAp?$AAi?$AA?9?$AAm?$AAs?$AA?9?$AAw?$AAi?$AAn?$AA?9?$AAc?$AAo?$AAr?$AAe?$AA?9?$AAf?$AAi?$AAb?$AAe?$AAr?$AAs?$AA?9?$AAl?$AA1?$AA?9?$AA1?$AA?9?$AA1?$AA?$AA@ 00000001800017d8     libvcruntime:winapi_downlevel.obj
 0001:00000818       ??_C@_1DK@LPPGFMPP@?$AAa?$AAp?$AAi?$AA?9?$AAm?$AAs?$AA?9?$AAw?$AAi?$AAn?$AA?9?$AAc?$AAo?$AAr?$AAe?$AA?9?$AAs?$AAy?$AAn?$AAc?$AAh?$AA?9?$AAl?$AA1?$AA?9?$AA2?$AA?9?$AA0?$AA?$AA@ 0000000180001818     libvcruntime:winapi_downlevel.obj
 0001:00000858       ??_C@_1BC@GDMECMAK@?$AAk?$AAe?$AAr?$AAn?$AAe?$AAl?$AA3?$AA2?$AA?$AA@ 0000000180001858     libvcruntime:winapi_downlevel.obj
 0001:00000870       ??_C@_0O@BAMBGLIE@EventRegister?$AA@ 0000000180001870     libvcruntime:winapi_downlevel.obj
 0001:00000888       ??_C@_0BE@BJEEGHGK@EventSetInformation?$AA@ 0000000180001888     libvcruntime:winapi_downlevel.obj
 0001:000008a0       ??_C@_0BA@FAKLIPIC@EventUnregister?$AA@ 00000001800018a0     libvcruntime:winapi_downlevel.obj
 0001:000008b8       ??_C@_0BD@PKLHJPHD@EventWriteTransfer?$AA@ 00000001800018b8     libvcruntime:winapi_downlevel.obj
 0001:000008d8       ??_C@_08KNHFBNJ@FlsAlloc?$AA@ 00000001800018d8     libvcruntime:winapi_downlevel.obj
 0001:000008f0       ??_C@_07PEJMOBNF@FlsFree?$AA@ 00000001800018f0     libvcruntime:winapi_downlevel.obj
 0001:00000900       ??_C@_0M@GDNOONDI@FlsGetValue?$AA@ 0000000180001900     libvcruntime:winapi_downlevel.obj
 0001:00000918       ??_C@_0M@JCPCPOEF@FlsSetValue?$AA@ 0000000180001918     libvcruntime:winapi_downlevel.obj
 0001:00000930       ??_C@_0BM@HCFOFFN@InitializeCriticalSectionEx?$AA@ 0000000180001930     libvcruntime:winapi_downlevel.obj
 0001:00000c70       ??_C@_08EHJDFFNH@__based?$CI?$AA@ 0000000180001c70     libvcruntime:undname.obj
 0001:00000c80       ??_C@_07KOLFKCDI@__cdecl?$AA@ 0000000180001c80     libvcruntime:undname.obj
 0001:00000c88       ??_C@_08GHMPAG@__pascal?$AA@ 0000000180001c88     libvcruntime:undname.obj
 0001:00000c98       ??_C@_09IFJBGAPI@__stdcall?$AA@ 0000000180001c98     libvcruntime:undname.obj
 0001:00000ca8       ??_C@_0L@NPHFGOKO@__thiscall?$AA@ 0000000180001ca8     libvcruntime:undname.obj
 0001:00000cb8       ??_C@_0L@JMKHOMEK@__fastcall?$AA@ 0000000180001cb8     libvcruntime:undname.obj
 0001:00000cc8       ??_C@_0N@BCKKPABJ@__vectorcall?$AA@ 0000000180001cc8     libvcruntime:undname.obj
 0001:00000cd8       ??_C@_09HIJEGCPM@__clrcall?$AA@ 0000000180001cd8     libvcruntime:undname.obj
 0001:00000ce4       ??_C@_06GHPCKEAG@__eabi?$AA@ 0000000180001ce4     libvcruntime:undname.obj
 0001:00000cf0       ??_C@_07JOMMBBKO@__ptr64?$AA@ 0000000180001cf0     libvcruntime:undname.obj
 0001:00000cf8       ??_C@_0L@PILCLIHE@__restrict?$AA@ 0000000180001cf8     libvcruntime:undname.obj
 0001:00000d08       ??_C@_0M@GFIIJFMG@__unaligned?$AA@ 0000000180001d08     libvcruntime:undname.obj
 0001:00000d18       ??_C@_09DHDLOLLB@restrict?$CI?$AA@ 0000000180001d18     libvcruntime:undname.obj
 0001:00000d24       ??_C@_04NIHEBCM@?5new?$AA@ 0000000180001d24     libvcruntime:undname.obj
 0001:00000d30       ??_C@_07FPCDHGMM@?5delete?$AA@ 0000000180001d30     libvcruntime:undname.obj
 0001:00000d38       ??_C@_01NEMOKFLO@?$DN?$AA@ 0000000180001d38     libvcruntime:undname.obj
 0001:00000d3c       ??_C@_02GPIOPFAK@?$DO?$DO?$AA@ 0000000180001d3c     libvcruntime:undname.obj
 0001:00000d40       ??_C@_02FODMEDOG@?$DM?$DM?$AA@ 0000000180001d40     libvcruntime:undname.obj
 0001:00000d44       ??_C@_01DCLJPIOD@?$CB?$AA@ 0000000180001d44     libvcruntime:undname.obj
 0001:00000d48       ??_C@_02EGOFBIJA@?$DN?$DN?$AA@ 0000000180001d48     libvcruntime:undname.obj
 0001:00000d4c       ??_C@_02FDNJECIE@?$CB?$DN?$AA@ 0000000180001d4c     libvcruntime:undname.obj
 0001:00000d50       ??_C@_02GPECMEKF@?$FL?$FN?$AA@ 0000000180001d50     libvcruntime:undname.obj
 0001:00000d58       ??_C@_08LHJFAFGD@operator?$AA@ 0000000180001d58     libvcruntime:undname.obj
 0001:00000d64       ??_C@_02HBOOOICD@?9?$DO?$AA@ 0000000180001d64     libvcruntime:undname.obj
 0001:00000d68       ??_C@_01NBENCBCI@?$CK?$AA@ 0000000180001d68     libvcruntime:undname.obj
 0001:00000d6c       ??_C@_02ECNGHCIF@?$CL?$CL?$AA@ 0000000180001d6c     libvcruntime:undname.obj
 0001:00000d70       ??_C@_02BAABKJLB@?9?9?$AA@ 0000000180001d70     libvcruntime:undname.obj
 0001:00000d74       ??_C@_01JOAMLHOP@?9?$AA@   0000000180001d74     libvcruntime:undname.obj
 0001:00000d78       ??_C@_01MIFGBAGJ@?$CL?$AA@ 0000000180001d78     libvcruntime:undname.obj
 0001:00000d7c       ??_C@_01HNPIGOCE@?$CG?$AA@ 0000000180001d7c     libvcruntime:undname.obj
 0001:00000d80       ??_C@_03MNHNFDLC@?9?$DO?$CK?$AA@ 0000000180001d80     libvcruntime:undname.obj
 0001:00000d84       ??_C@_01KMDKNFGN@?1?$AA@   0000000180001d84     libvcruntime:undname.obj
 0001:00000d88       ??_C@_01FGNFDNOH@?$CF?$AA@ 0000000180001d88     libvcruntime:undname.obj
 0001:00000d8c       ??_C@_01MNNFJEPP@?$DM?$AA@ 0000000180001d8c     libvcruntime:undname.obj
 0001:00000d90       ??_C@_02EHCHHCKH@?$DM?$DN?$AA@ 0000000180001d90     libvcruntime:undname.obj
 0001:00000d94       ??_C@_01PPODPGHN@?$DO?$AA@ 0000000180001d94     libvcruntime:undname.obj
 0001:00000d98       ??_C@_02EEKDKGMJ@?$DO?$DN?$AA@ 0000000180001d98     libvcruntime:undname.obj
 0001:00000d9c       ??_C@_01IHBHIGKO@?0?$AA@   0000000180001d9c     libvcruntime:undname.obj
 0001:00000da0       ??_C@_02HCKGKOFO@?$CI?$CJ?$AA@ 0000000180001da0     libvcruntime:undname.obj
 0001:00000da4       ??_C@_01PJKLJHI@?$HO?$AA@  0000000180001da4     libvcruntime:undname.obj
 0001:00000da8       ??_C@_01JKBOJNNK@?$FO?$AA@ 0000000180001da8     libvcruntime:undname.obj
 0001:00000dac       ??_C@_01DNKMNLPK@?$HM?$AA@ 0000000180001dac     libvcruntime:undname.obj
 0001:00000db0       ??_C@_02PPKAJPJL@?$CG?$CG?$AA@ 0000000180001db0     libvcruntime:undname.obj
 0001:00000db4       ??_C@_02NONPIBCD@?$HM?$HM?$AA@ 0000000180001db4     libvcruntime:undname.obj
 0001:00000db8       ??_C@_02FPIMKNGF@?$CK?$DN?$AA@ 0000000180001db8     libvcruntime:undname.obj
 0001:00000dbc       ??_C@_02FOEOMHFC@?$CL?$DN?$AA@ 0000000180001dbc     libvcruntime:undname.obj
 0001:00000dc0       ??_C@_02FKMDLLOA@?9?$DN?$AA@ 0000000180001dc0     libvcruntime:undname.obj
 0001:00000dc4       ??_C@_02FJEHGPIO@?1?$DN?$AA@ 0000000180001dc4     libvcruntime:undname.obj
 0001:00000dc8       ??_C@_02FENAOKFI@?$CF?$DN?$AA@ 0000000180001dc8     libvcruntime:undname.obj
 0001:00000dcc       ??_C@_03IKFCCPFF@?$DO?$DO?$DN?$AA@ 0000000180001dcc     libvcruntime:undname.obj
 0001:00000dd0       ??_C@_03CDNPDDLA@?$DM?$DM?$DN?$AA@ 0000000180001dd0     libvcruntime:undname.obj
 0001:00000dd4       ??_C@_02FGJGFEAB@?$CG?$DN?$AA@ 0000000180001dd4     libvcruntime:undname.obj
 0001:00000dd8       ??_C@_02DHLNPPGH@?$HM?$DN?$AA@ 0000000180001dd8     libvcruntime:undname.obj
 0001:00000ddc       ??_C@_02MHEGNOJ@?$FO?$DN?$AA@ 0000000180001ddc     libvcruntime:undname.obj
 0001:00000de0       ??_C@_09IFPLHPGF@?$GAvftable?8?$AA@ 0000000180001de0     libvcruntime:undname.obj
 0001:00000df0       ??_C@_09BLBHBJP@?$GAvbtable?8?$AA@ 0000000180001df0     libvcruntime:undname.obj
 0001:00000e00       ??_C@_07FEEIOKP@?$GAvcall?8?$AA@ 0000000180001e00     libvcruntime:undname.obj
 0001:00000e08       ??_C@_08LLFFHHDJ@?$GAtypeof?8?$AA@ 0000000180001e08     libvcruntime:undname.obj
 0001:00000e18       ??_C@_0BF@KDPPACIK@?$GAlocal?5static?5guard?8?$AA@ 0000000180001e18     libvcruntime:undname.obj
 0001:00000e30       ??_C@_08OBABFOLI@?$GAstring?8?$AA@ 0000000180001e30     libvcruntime:undname.obj
 0001:00000e40       ??_C@_0BD@JDLKDPAB@?$GAvbase?5destructor?8?$AA@ 0000000180001e40     libvcruntime:undname.obj
 0001:00000e58       ??_C@_0BN@DEGPLNFK@?$GAvector?5deleting?5destructor?8?$AA@ 0000000180001e58     libvcruntime:undname.obj
 0001:00000e78       ??_C@_0BO@OBMKPJIG@?$GAdefault?5constructor?5closure?8?$AA@ 0000000180001e78     libvcruntime:undname.obj
 0001:00000e98       ??_C@_0BN@IMDCHIKM@?$GAscalar?5deleting?5destructor?8?$AA@ 0000000180001e98     libvcruntime:undname.obj
 0001:00000eb8       ??_C@_0BO@PFGOCPJJ@?$GAvector?5constructor?5iterator?8?$AA@ 0000000180001eb8     libvcruntime:undname.obj
 0001:00000ed8       ??_C@_0BN@LFPFMEDL@?$GAvector?5destructor?5iterator?8?$AA@ 0000000180001ed8     libvcruntime:undname.obj
 0001:00000ef8       ??_C@_0CE@IKBNEHA@?$GAvector?5vbase?5constructor?5iterat@ 0000000180001ef8     libvcruntime:undname.obj
 0001:00000f20       ??_C@_0BL@NILFHHPC@?$GAvirtual?5displacement?5map?8?$AA@ 0000000180001f20     libvcruntime:undname.obj
 0001:00000f40       ??_C@_0CB@JONCMFFK@?$GAeh?5vector?5constructor?5iterator?8@ 0000000180001f40     libvcruntime:undname.obj
 0001:00000f68       ??_C@_0CA@GCEOPDGL@?$GAeh?5vector?5destructor?5iterator?8?$AA@ 0000000180001f68     libvcruntime:undname.obj
 0001:00000f88       ??_C@_0CH@OOJPLCPH@?$GAeh?5vector?5vbase?5constructor?5ite@ 0000000180001f88     libvcruntime:undname.obj
 0001:00000fb0       ??_C@_0BL@LLKPOHJI@?$GAcopy?5constructor?5closure?8?$AA@ 0000000180001fb0     libvcruntime:undname.obj
 0001:00000fd0       ??_C@_0BA@KBCDOMBN@?$GAudt?5returning?8?$AA@ 0000000180001fd0     libvcruntime:undname.obj
 0001:00000fe0       ??_C@_03KLGMFNMG@?$GAEH?$AA@ 0000000180001fe0     libvcruntime:undname.obj
 0001:00000fe4       ??_C@_05KHLCHHI@?$GARTTI?$AA@ 0000000180001fe4     libvcruntime:undname.obj
 0001:00000ff0       ??_C@_0BA@KKLDJDLB@?$GAlocal?5vftable?8?$AA@ 0000000180001ff0     libvcruntime:undname.obj
 0001:00001000       ??_C@_0CE@IIHCMGGL@?$GAlocal?5vftable?5constructor?5closu@ 0000000180002000     libvcruntime:undname.obj
 0001:00001024       ??_C@_06FHBGPFGH@?5new?$FL?$FN?$AA@ 0000000180002024     libvcruntime:undname.obj
 0001:00001030       ??_C@_09LBNFPBCA@?5delete?$FL?$FN?$AA@ 0000000180002030     libvcruntime:undname.obj
 0001:00001040       ??_C@_0P@HJKNJFNN@?$GAomni?5callsig?8?$AA@ 0000000180002040     libvcruntime:undname.obj
 0001:00001050       ??_C@_0BL@CNOONJFP@?$GAplacement?5delete?5closure?8?$AA@ 0000000180002050     libvcruntime:undname.obj
 0001:00001070       ??_C@_0BN@CKNJLHMB@?$GAplacement?5delete?$FL?$FN?5closure?8?$AA@ 0000000180002070     libvcruntime:undname.obj
 0001:00001090       ??_C@_0CG@CFDHKGGD@?$GAmanaged?5vector?5constructor?5iter@ 0000000180002090     libvcruntime:undname.obj
 0001:000010b8       ??_C@_0CF@IMGKMJNO@?$GAmanaged?5vector?5destructor?5itera@ 00000001800020b8     libvcruntime:undname.obj
 0001:000010e0       ??_C@_0CG@HLDDJMAG@?$GAeh?5vector?5copy?5constructor?5iter@ 00000001800020e0     libvcruntime:undname.obj
 0001:00001108       ??_C@_0CM@FCBBDIGB@?$GAeh?5vector?5vbase?5copy?5constructo@ 0000000180002108     libvcruntime:undname.obj
 0001:00001138       ??_C@_0BL@CLIPGLGB@?$GAdynamic?5initializer?5for?5?8?$AA@ 0000000180002138     libvcruntime:undname.obj
 0001:00001158       ??_C@_0CB@PDBIFEP@?$GAdynamic?5atexit?5destructor?5for?5?8@ 0000000180002158     libvcruntime:undname.obj
 0001:00001180       ??_C@_0CD@CGAJBKEJ@?$GAvector?5copy?5constructor?5iterato@ 0000000180002180     libvcruntime:undname.obj
 0001:000011a8       ??_C@_0CJ@GJELGAMM@?$GAvector?5vbase?5copy?5constructor?5i@ 00000001800021a8     libvcruntime:undname.obj
 0001:000011d8       ??_C@_0CL@FGIJHLCE@?$GAmanaged?5vector?5copy?5constructor@ 00000001800021d8     libvcruntime:undname.obj
 0001:00001208       ??_C@_0BM@PMGGMLDN@?$GAlocal?5static?5thread?5guard?8?$AA@ 0000000180002208     libvcruntime:undname.obj
 0001:00001228       ??_C@_0N@BDNMDMOL@operator?5?$CC?$CC?5?$AA@ 0000000180002228     libvcruntime:undname.obj
 0001:00001238       ??_C@_0BC@DAFEJGAK@?5Type?5Descriptor?8?$AA@ 0000000180002238     libvcruntime:undname.obj
 0001:00001250       ??_C@_0BM@LDKODKLH@?5Base?5Class?5Descriptor?5at?5?$CI?$AA@ 0000000180002250     libvcruntime:undname.obj
 0001:00001270       ??_C@_0BD@LGICGFMM@?5Base?5Class?5Array?8?$AA@ 0000000180002270     libvcruntime:undname.obj
 0001:00001288       ??_C@_0BN@MECKDCOJ@?5Class?5Hierarchy?5Descriptor?8?$AA@ 0000000180002288     libvcruntime:undname.obj
 0001:000012a8       ??_C@_0BK@CFCOFLF@?5Complete?5Object?5Locator?8?$AA@ 00000001800022a8     libvcruntime:undname.obj
 0001:000012d0       __acrt_exception_action_table 00000001800022d0     libucrt:exception_filter.obj
 0001:00001390       __acrt_signal_action_table_count 0000000180002390     libucrt:exception_filter.obj
 0001:00001398       __acrt_signal_action_first_fpe_index 0000000180002398     libucrt:exception_filter.obj
 0001:000013a0       __acrt_signal_action_fpe_count 00000001800023a0     libucrt:exception_filter.obj
 0001:000013a8       ??_C@_1BI@BGOHAHKC@?$AAm?$AAs?$AAc?$AAo?$AAr?$AAe?$AAe?$AA?4?$AAd?$AAl?$AAl?$AA?$AA@ 00000001800023a8     libucrt:exit.obj
 0001:000013c0       ??_C@_0P@MIGLKIOC@CorExitProcess?$AA@ 00000001800023c0     libucrt:exit.obj
 0001:00001630       __lc_time_c                0000000180002630     libucrt:nlsdata.obj
 0001:000018f0       ??_C@_03KOEHGMDN@Sun?$AA@  00000001800028f0     libucrt:nlsdata.obj
 0001:000018f4       ??_C@_03PDAGKDH@Mon?$AA@   00000001800028f4     libucrt:nlsdata.obj
 0001:000018f8       ??_C@_03NAGEINEP@Tue?$AA@  00000001800028f8     libucrt:nlsdata.obj
 0001:000018fc       ??_C@_03MHOMLAJA@Wed?$AA@  00000001800028fc     libucrt:nlsdata.obj
 0001:00001900       ??_C@_03IOFIKPDN@Thu?$AA@  0000000180002900     libucrt:nlsdata.obj
 0001:00001904       ??_C@_03IDIOELNC@Fri?$AA@  0000000180002904     libucrt:nlsdata.obj
 0001:00001908       ??_C@_03FEFJNEK@Sat?$AA@   0000000180002908     libucrt:nlsdata.obj
 0001:0000190c       ??_C@_06OOPIFAJ@Sunday?$AA@ 000000018000290c     libucrt:nlsdata.obj
 0001:00001914       ??_C@_06JLEDEDGH@Monday?$AA@ 0000000180002914     libucrt:nlsdata.obj
 0001:00001920       ??_C@_07BAAGCFCM@Tuesday?$AA@ 0000000180002920     libucrt:nlsdata.obj
 0001:00001928       ??_C@_09DLIGFAKA@Wednesday?$AA@ 0000000180002928     libucrt:nlsdata.obj
 0001:00001938       ??_C@_08HACCIKIA@Thursday?$AA@ 0000000180002938     libucrt:nlsdata.obj
 0001:00001944       ??_C@_06JECMNKMI@Friday?$AA@ 0000000180002944     libucrt:nlsdata.obj
 0001:00001950       ??_C@_08INBOOONO@Saturday?$AA@ 0000000180002950     libucrt:nlsdata.obj
 0001:0000195c       ??_C@_03JIHJHPIE@Jan?$AA@  000000018000295c     libucrt:nlsdata.obj
 0001:00001960       ??_C@_03HJBDCHOM@Feb?$AA@  0000000180002960     libucrt:nlsdata.obj
 0001:00001964       ??_C@_03ODNJBKGA@Mar?$AA@  0000000180002964     libucrt:nlsdata.obj
 0001:00001968       ??_C@_03LEOLGMJP@Apr?$AA@  0000000180002968     libucrt:nlsdata.obj
 0001:0000196c       ??_C@_03CNMDKL@May?$AA@    000000018000296c     libucrt:nlsdata.obj
 0001:00001970       ??_C@_03IDFGHECI@Jun?$AA@  0000000180002970     libucrt:nlsdata.obj
 0001:00001974       ??_C@_03LBGABGKK@Jul?$AA@  0000000180002974     libucrt:nlsdata.obj
 0001:00001978       ??_C@_03IFJFEIGA@Aug?$AA@  0000000180002978     libucrt:nlsdata.obj
 0001:0000197c       ??_C@_03GGCAPAJC@Sep?$AA@  000000018000297c     libucrt:nlsdata.obj
 0001:00001980       ??_C@_03BMAOKBAD@Oct?$AA@  0000000180002980     libucrt:nlsdata.obj
 0001:00001984       ??_C@_03JPJOFNIA@Nov?$AA@  0000000180002984     libucrt:nlsdata.obj
 0001:00001988       ??_C@_03MKABNOCG@Dec?$AA@  0000000180002988     libucrt:nlsdata.obj
 0001:00001990       ??_C@_07CGJPFGJA@January?$AA@ 0000000180002990     libucrt:nlsdata.obj
 0001:00001998       ??_C@_08GNJGEPFN@February?$AA@ 0000000180002998     libucrt:nlsdata.obj
 0001:000019a4       ??_C@_05HPCKOFNC@March?$AA@ 00000001800029a4     libucrt:nlsdata.obj
 0001:000019ac       ??_C@_05DMJDNLEJ@April?$AA@ 00000001800029ac     libucrt:nlsdata.obj
 0001:000019b4       ??_C@_04CNLMGBGM@June?$AA@ 00000001800029b4     libucrt:nlsdata.obj
 0001:000019bc       ??_C@_04MIEPOIFP@July?$AA@ 00000001800029bc     libucrt:nlsdata.obj
 0001:000019c4       ??_C@_06LBBHFDDG@August?$AA@ 00000001800029c4     libucrt:nlsdata.obj
 0001:000019d0       ??_C@_09BHHEALKD@September?$AA@ 00000001800029d0     libucrt:nlsdata.obj
 0001:000019e0       ??_C@_07JJNFCEND@October?$AA@ 00000001800029e0     libucrt:nlsdata.obj
 0001:000019e8       ??_C@_08HCHEGEOA@November?$AA@ 00000001800029e8     libucrt:nlsdata.obj
 0001:000019f8       ??_C@_08EDHMEBNP@December?$AA@ 00000001800029f8     libucrt:nlsdata.obj
 0001:00001a04       ??_C@_02DEDBPAFC@AM?$AA@   0000000180002a04     libucrt:nlsdata.obj
 0001:00001a08       ??_C@_02CJNFDJBF@PM?$AA@   0000000180002a08     libucrt:nlsdata.obj
 0001:00001a10       ??_C@_08BPBNCDIB@MM?1dd?1yy?$AA@ 0000000180002a10     libucrt:nlsdata.obj
 0001:00001a20       ??_C@_0BE@CKGJFCPC@dddd?0?5MMMM?5dd?0?5yyyy?$AA@ 0000000180002a20     libucrt:nlsdata.obj
 0001:00001a38       ??_C@_08JCCMCCIL@HH?3mm?3ss?$AA@ 0000000180002a38     libucrt:nlsdata.obj
 0001:00001a48       ??_C@_17MBGCMIPB@?$AAS?$AAu?$AAn?$AA?$AA@ 0000000180002a48     libucrt:nlsdata.obj
 0001:00001a50       ??_C@_17KBOMKBF@?$AAM?$AAo?$AAn?$AA?$AA@ 0000000180002a50     libucrt:nlsdata.obj
 0001:00001a58       ??_C@_17BMKGEGOJ@?$AAT?$AAu?$AAe?$AA?$AA@ 0000000180002a58     libucrt:nlsdata.obj
 0001:00001a60       ??_C@_17CJEDCEPE@?$AAW?$AAe?$AAd?$AA?$AA@ 0000000180002a60     libucrt:nlsdata.obj
 0001:00001a68       ??_C@_17PDPHAADD@?$AAT?$AAh?$AAu?$AA?$AA@ 0000000180002a68     libucrt:nlsdata.obj
 0001:00001a70       ??_C@_17HFOLPPLP@?$AAF?$AAr?$AAi?$AA?$AA@ 0000000180002a70     libucrt:nlsdata.obj
 0001:00001a78       ??_C@_17GGIBDPIH@?$AAS?$AAa?$AAt?$AA?$AA@ 0000000180002a78     libucrt:nlsdata.obj
 0001:00001a80       ??_C@_1O@IHNHDHPB@?$AAS?$AAu?$AAn?$AAd?$AAa?$AAy?$AA?$AA@ 0000000180002a80     libucrt:nlsdata.obj
 0001:00001a90       ??_C@_1O@MMNBFLIA@?$AAM?$AAo?$AAn?$AAd?$AAa?$AAy?$AA?$AA@ 0000000180002a90     libucrt:nlsdata.obj
 0001:00001aa0       ??_C@_1BA@ENFBFFEK@?$AAT?$AAu?$AAe?$AAs?$AAd?$AAa?$AAy?$AA?$AA@ 0000000180002aa0     libucrt:nlsdata.obj
 0001:00001ab0       ??_C@_1BE@EBOGMDOH@?$AAW?$AAe?$AAd?$AAn?$AAe?$AAs?$AAd?$AAa?$AAy?$AA?$AA@ 0000000180002ab0     libucrt:nlsdata.obj
 0001:00001ac8       ??_C@_1BC@HHMNLIHE@?$AAT?$AAh?$AAu?$AAr?$AAs?$AAd?$AAa?$AAy?$AA?$AA@ 0000000180002ac8     libucrt:nlsdata.obj
 0001:00001ae0       ??_C@_1O@PDICJHAG@?$AAF?$AAr?$AAi?$AAd?$AAa?$AAy?$AA?$AA@ 0000000180002ae0     libucrt:nlsdata.obj
 0001:00001af0       ??_C@_1BC@ENMNNPAJ@?$AAS?$AAa?$AAt?$AAu?$AAr?$AAd?$AAa?$AAy?$AA?$AA@ 0000000180002af0     libucrt:nlsdata.obj
 0001:00001b08       ??_C@_17DKNBKCHM@?$AAJ?$AAa?$AAn?$AA?$AA@ 0000000180002b08     libucrt:nlsdata.obj
 0001:00001b10       ??_C@_17LMDJEKJN@?$AAF?$AAe?$AAb?$AA?$AA@ 0000000180002b10     libucrt:nlsdata.obj
 0001:00001b18       ??_C@_17CKNLEDEC@?$AAM?$AAa?$AAr?$AA?$AA@ 0000000180002b18     libucrt:nlsdata.obj
 0001:00001b20       ??_C@_17LFPOIHDD@?$AAA?$AAp?$AAr?$AA?$AA@ 0000000180002b20     libucrt:nlsdata.obj
 0001:00001b28       ??_C@_17PNNKMEED@?$AAM?$AAa?$AAy?$AA?$AA@ 0000000180002b28     libucrt:nlsdata.obj
 0001:00001b30       ??_C@_17KCJGOCPB@?$AAJ?$AAu?$AAn?$AA?$AA@ 0000000180002b30     libucrt:nlsdata.obj
 0001:00001b38       ??_C@_17IJPCKHK@?$AAJ?$AAu?$AAl?$AA?$AA@ 0000000180002b38     libucrt:nlsdata.obj
 0001:00001b40       ??_C@_17ICPELBCN@?$AAA?$AAu?$AAg?$AA?$AA@ 0000000180002b40     libucrt:nlsdata.obj
 0001:00001b48       ??_C@_17HCHCOKMG@?$AAS?$AAe?$AAp?$AA?$AA@ 0000000180002b48     libucrt:nlsdata.obj
 0001:00001b50       ??_C@_17FNLKOI@?$AAO?$AAc?$AAt?$AA?$AA@ 0000000180002b50     libucrt:nlsdata.obj
 0001:00001b58       ??_C@_17BBDMLCIG@?$AAN?$AAo?$AAv?$AA?$AA@ 0000000180002b58     libucrt:nlsdata.obj
 0001:00001b60       ??_C@_17EGKACKIF@?$AAD?$AAe?$AAc?$AA?$AA@ 0000000180002b60     libucrt:nlsdata.obj
 0001:00001b68       ??_C@_1BA@EFMEIEBA@?$AAJ?$AAa?$AAn?$AAu?$AAa?$AAr?$AAy?$AA?$AA@ 0000000180002b68     libucrt:nlsdata.obj
 0001:00001b78       ??_C@_1BC@JGDDFFAM@?$AAF?$AAe?$AAb?$AAr?$AAu?$AAa?$AAr?$AAy?$AA?$AA@ 0000000180002b78     libucrt:nlsdata.obj
 0001:00001b90       ??_C@_1M@IKEENEDF@?$AAM?$AAa?$AAr?$AAc?$AAh?$AA?$AA@ 0000000180002b90     libucrt:nlsdata.obj
 0001:00001ba0       ??_C@_1M@GJNLMHFD@?$AAA?$AAp?$AAr?$AAi?$AAl?$AA?$AA@ 0000000180002ba0     libucrt:nlsdata.obj
 0001:00001bb0       ??_C@_19EPFLPGAP@?$AAJ?$AAu?$AAn?$AAe?$AA?$AA@ 0000000180002bb0     libucrt:nlsdata.obj
 0001:00001bc0       ??_C@_19BIFMLPCD@?$AAJ?$AAu?$AAl?$AAy?$AA?$AA@ 0000000180002bc0     libucrt:nlsdata.obj
 0001:00001bd0       ??_C@_1O@PAHLKOAC@?$AAA?$AAu?$AAg?$AAu?$AAs?$AAt?$AA?$AA@ 0000000180002bd0     libucrt:nlsdata.obj
 0001:00001be0       ??_C@_1BE@DKAAMBJL@?$AAS?$AAe?$AAp?$AAt?$AAe?$AAm?$AAb?$AAe?$AAr?$AA?$AA@ 0000000180002be0     libucrt:nlsdata.obj
 0001:00001bf8       ??_C@_1BA@EPANDLNG@?$AAO?$AAc?$AAt?$AAo?$AAb?$AAe?$AAr?$AA?$AA@ 0000000180002bf8     libucrt:nlsdata.obj
 0001:00001c08       ??_C@_1BC@BGLIFPF@?$AAN?$AAo?$AAv?$AAe?$AAm?$AAb?$AAe?$AAr?$AA?$AA@ 0000000180002c08     libucrt:nlsdata.obj
 0001:00001c20       ??_C@_1BC@FEMKIFH@?$AAD?$AAe?$AAc?$AAe?$AAm?$AAb?$AAe?$AAr?$AA?$AA@ 0000000180002c20     libucrt:nlsdata.obj
 0001:00001c34       ??_C@_15ODEHAHHF@?$AAA?$AAM?$AA?$AA@ 0000000180002c34     libucrt:nlsdata.obj
 0001:00001c3c       ??_C@_15CLMNNGEL@?$AAP?$AAM?$AA?$AA@ 0000000180002c3c     libucrt:nlsdata.obj
 0001:00001c48       ??_C@_1BC@IEBCMHCM@?$AAM?$AAM?$AA?1?$AAd?$AAd?$AA?1?$AAy?$AAy?$AA?$AA@ 0000000180002c48     libucrt:nlsdata.obj
 0001:00001c60       ??_C@_1CI@KNAKOEBC@?$AAd?$AAd?$AAd?$AAd?$AA?0?$AA?5?$AAM?$AAM?$AAM?$AAM?$AA?5?$AAd?$AAd?$AA?0?$AA?5?$AAy?$AAy?$AAy?$AAy?$AA?$AA@ 0000000180002c60     libucrt:nlsdata.obj
 0001:00001c88       ??_C@_1BC@GDGBMEMK@?$AAH?$AAH?$AA?3?$AAm?$AAm?$AA?3?$AAs?$AAs?$AA?$AA@ 0000000180002c88     libucrt:nlsdata.obj
 0001:00001ca0       ??_C@_1M@BMHNFIME@?$AAe?$AAn?$AA?9?$AAU?$AAS?$AA?$AA@ 0000000180002ca0     libucrt:nlsdata.obj
 0001:00001d50       ??_C@_1EG@CNNIPFIM@?$AAa?$AAp?$AAi?$AA?9?$AAm?$AAs?$AA?9?$AAw?$AAi?$AAn?$AA?9?$AAa?$AAp?$AAp?$AAm?$AAo?$AAd?$AAe?$AAl?$AA?9?$AAr?$AAu?$AAn?$AAt?$AAi?$AAm?$AAe?$AA?9?$AAl?$AA1?$AA?9?$AA1@ 0000000180002d50     libucrt:winapi_thunks.obj
 0001:00001da0       ??_C@_1EA@JGEFHKEI@?$AAa?$AAp?$AAi?$AA?9?$AAm?$AAs?$AA?9?$AAw?$AAi?$AAn?$AA?9?$AAc?$AAo?$AAr?$AAe?$AA?9?$AAd?$AAa?$AAt?$AAe?$AAt?$AAi?$AAm?$AAe?$AA?9?$AAl?$AA1?$AA?9?$AA1?$AA?9?$AA1?$AA?$AA@ 0000000180002da0     libucrt:winapi_thunks.obj
 0001:00001de0       ??_C@_1DI@GCIAAENM@?$AAa?$AAp?$AAi?$AA?9?$AAm?$AAs?$AA?9?$AAw?$AAi?$AAn?$AA?9?$AAc?$AAo?$AAr?$AAe?$AA?9?$AAf?$AAi?$AAl?$AAe?$AA?9?$AAl?$AA2?$AA?9?$AA1?$AA?9?$AA1?$AA?$AA@ 0000000180002de0     libucrt:winapi_thunks.obj
 0001:00001e20       ??_C@_1EI@MPIAOHOC@?$AAa?$AAp?$AAi?$AA?9?$AAm?$AAs?$AA?9?$AAw?$AAi?$AAn?$AA?9?$AAc?$AAo?$AAr?$AAe?$AA?9?$AAl?$AAo?$AAc?$AAa?$AAl?$AAi?$AAz?$AAa?$AAt?$AAi?$AAo?$AAn?$AA?9?$AAl?$AA1?$AA?9@ 0000000180002e20     libucrt:winapi_thunks.obj
 0001:00001e70       ??_C@_1FK@FPHCKFIE@?$AAa?$AAp?$AAi?$AA?9?$AAm?$AAs?$AA?9?$AAw?$AAi?$AAn?$AA?9?$AAc?$AAo?$AAr?$AAe?$AA?9?$AAl?$AAo?$AAc?$AAa?$AAl?$AAi?$AAz?$AAa?$AAt?$AAi?$AAo?$AAn?$AA?9?$AAo?$AAb?$AAs@ 0000000180002e70     libucrt:winapi_thunks.obj
 0001:00001ed0       ??_C@_1EM@DILCGIIO@?$AAa?$AAp?$AAi?$AA?9?$AAm?$AAs?$AA?9?$AAw?$AAi?$AAn?$AA?9?$AAc?$AAo?$AAr?$AAe?$AA?9?$AAp?$AAr?$AAo?$AAc?$AAe?$AAs?$AAs?$AAt?$AAh?$AAr?$AAe?$AAa?$AAd?$AAs?$AA?9?$AAl@ 0000000180002ed0     libucrt:winapi_thunks.obj
 0001:00001f20       ??_C@_1DM@LNCGDDPN@?$AAa?$AAp?$AAi?$AA?9?$AAm?$AAs?$AA?9?$AAw?$AAi?$AAn?$AA?9?$AAc?$AAo?$AAr?$AAe?$AA?9?$AAs?$AAt?$AAr?$AAi?$AAn?$AAg?$AA?9?$AAl?$AA1?$AA?9?$AA1?$AA?9?$AA0?$AA?$AA@ 0000000180002f20     libucrt:winapi_thunks.obj
 0001:00001f60       ??_C@_1DO@FPAPJEMD@?$AAa?$AAp?$AAi?$AA?9?$AAm?$AAs?$AA?9?$AAw?$AAi?$AAn?$AA?9?$AAc?$AAo?$AAr?$AAe?$AA?9?$AAs?$AAy?$AAs?$AAi?$AAn?$AAf?$AAo?$AA?9?$AAl?$AA1?$AA?9?$AA2?$AA?9?$AA1?$AA?$AA@ 0000000180002f60     libucrt:winapi_thunks.obj
 0001:00001fa0       ??_C@_1DK@NDHNAHIO@?$AAa?$AAp?$AAi?$AA?9?$AAm?$AAs?$AA?9?$AAw?$AAi?$AAn?$AA?9?$AAc?$AAo?$AAr?$AAe?$AA?9?$AAw?$AAi?$AAn?$AAr?$AAt?$AA?9?$AAl?$AA1?$AA?9?$AA1?$AA?9?$AA0?$AA?$AA@ 0000000180002fa0     libucrt:winapi_thunks.obj
 0001:00001fe0       ??_C@_1DM@KGHDGBCM@?$AAa?$AAp?$AAi?$AA?9?$AAm?$AAs?$AA?9?$AAw?$AAi?$AAn?$AA?9?$AAc?$AAo?$AAr?$AAe?$AA?9?$AAx?$AAs?$AAt?$AAa?$AAt?$AAe?$AA?9?$AAl?$AA2?$AA?9?$AA1?$AA?9?$AA0?$AA?$AA@ 0000000180002fe0     libucrt:winapi_thunks.obj
 0001:00002020       ??_C@_1EO@IJIOEFOH@?$AAa?$AAp?$AAi?$AA?9?$AAm?$AAs?$AA?9?$AAw?$AAi?$AAn?$AA?9?$AAr?$AAt?$AAc?$AAo?$AAr?$AAe?$AA?9?$AAn?$AAt?$AAu?$AAs?$AAe?$AAr?$AA?9?$AAw?$AAi?$AAn?$AAd?$AAo?$AAw?$AA?9@ 0000000180003020     libucrt:winapi_thunks.obj
 0001:00002070       ??_C@_1FG@HHGEKANL@?$AAa?$AAp?$AAi?$AA?9?$AAm?$AAs?$AA?9?$AAw?$AAi?$AAn?$AA?9?$AAs?$AAe?$AAc?$AAu?$AAr?$AAi?$AAt?$AAy?$AA?9?$AAs?$AAy?$AAs?$AAt?$AAe?$AAm?$AAf?$AAu?$AAn?$AAc?$AAt?$AAi@ 0000000180003070     libucrt:winapi_thunks.obj
 0001:000020d0       ??_C@_1FG@NCKKOLKO@?$AAe?$AAx?$AAt?$AA?9?$AAm?$AAs?$AA?9?$AAw?$AAi?$AAn?$AA?9?$AAk?$AAe?$AAr?$AAn?$AAe?$AAl?$AA3?$AA2?$AA?9?$AAp?$AAa?$AAc?$AAk?$AAa?$AAg?$AAe?$AA?9?$AAc?$AAu?$AAr?$AAr@ 00000001800030d0     libucrt:winapi_thunks.obj
 0001:00002130       ??_C@_1EG@DBIOJECG@?$AAe?$AAx?$AAt?$AA?9?$AAm?$AAs?$AA?9?$AAw?$AAi?$AAn?$AA?9?$AAn?$AAt?$AAu?$AAs?$AAe?$AAr?$AA?9?$AAd?$AAi?$AAa?$AAl?$AAo?$AAg?$AAb?$AAo?$AAx?$AA?9?$AAl?$AA1?$AA?9?$AA1@ 0000000180003130     libucrt:winapi_thunks.obj
 0001:00002180       ??_C@_1EO@FIHMJCLF@?$AAe?$AAx?$AAt?$AA?9?$AAm?$AAs?$AA?9?$AAw?$AAi?$AAn?$AA?9?$AAn?$AAt?$AAu?$AAs?$AAe?$AAr?$AA?9?$AAw?$AAi?$AAn?$AAd?$AAo?$AAw?$AAs?$AAt?$AAa?$AAt?$AAi?$AAo?$AAn?$AA?9@ 0000000180003180     libucrt:winapi_thunks.obj
 0001:000021d0       ??_C@_1O@BCCLBEOE@?$AAu?$AAs?$AAe?$AAr?$AA3?$AA2?$AA?$AA@ 00000001800031d0     libucrt:winapi_thunks.obj
 0001:00002208       ??_C@_0BE@JOGNEJCI@GetCurrentPackageId?$AA@ 0000000180003208     libucrt:winapi_thunks.obj
 0001:00002230       ??_C@_0O@KKBNKAPF@LCMapStringEx?$AA@ 0000000180003230     libucrt:winapi_thunks.obj
 0001:00002248       ??_C@_0BB@HBDEELFH@LocaleNameToLCID?$AA@ 0000000180003248     libucrt:winapi_thunks.obj
 0001:00002280       ??_C@_1M@HPNHIDJI@?$AAj?$AAa?$AA?9?$AAJ?$AAP?$AA?$AA@ 0000000180003280     libucrt:mbctype.obj
 0001:00002290       ??_C@_1M@BIBDDEMK@?$AAz?$AAh?$AA?9?$AAC?$AAN?$AA?$AA@ 0000000180003290     libucrt:mbctype.obj
 0001:000022a0       ??_C@_1M@JLOOOEGK@?$AAk?$AAo?$AA?9?$AAK?$AAR?$AA?$AA@ 00000001800032a0     libucrt:mbctype.obj
 0001:000022b0       ??_C@_1M@CLNBBOPM@?$AAz?$AAh?$AA?9?$AAT?$AAW?$AA?$AA@ 00000001800032b0     libucrt:mbctype.obj
 0001:000022c0       __newctype                 00000001800032c0     libucrt:ctype.obj
 0001:000025c0       __newclmap                 00000001800035c0     libucrt:ctype.obj
 0001:00002740       __newcumap                 0000000180003740     libucrt:ctype.obj
 0001:000028c0       ??_C@_15PJPFLCCM@?$AAu?$AAk?$AA?$AA@ 00000001800038c0     libucrt:get_qualified_locale.obj
 0001:00003710       ??_C@_15EMKDOKLE@?$AAa?$AAr?$AA?$AA@ 0000000180004710     libucrt:lcidtoname_downlevel.obj
 0001:00003718       ??_C@_15KNPADPLH@?$AAb?$AAg?$AA?$AA@ 0000000180004718     libucrt:lcidtoname_downlevel.obj
 0001:00003720       ??_C@_15EDMHLDMO@?$AAc?$AAa?$AA?$AA@ 0000000180004720     libucrt:lcidtoname_downlevel.obj
 0001:00003728       ??_C@_1O@BPEAJADD@?$AAz?$AAh?$AA?9?$AAC?$AAH?$AAS?$AA?$AA@ 0000000180004728     libucrt:lcidtoname_downlevel.obj
 0001:00003738       ??_C@_15LJNHCMNK@?$AAc?$AAs?$AA?$AA@ 0000000180004738     libucrt:lcidtoname_downlevel.obj
 0001:00003740       ??_C@_15FOMCIDHG@?$AAd?$AAa?$AA?$AA@ 0000000180004740     libucrt:lcidtoname_downlevel.obj
 0001:00003748       ??_C@_15NBKABECB@?$AAd?$AAe?$AA?$AA@ 0000000180004748     libucrt:lcidtoname_downlevel.obj
 0001:00003750       ??_C@_15GHPEIIAO@?$AAe?$AAl?$AA?$AA@ 0000000180004750     libucrt:lcidtoname_downlevel.obj
 0001:00003758       ??_C@_15MNPNEAIF@?$AAe?$AAn?$AA?$AA@ 0000000180004758     libucrt:lcidtoname_downlevel.obj
 0001:00003760       ??_C@_15GPIOMPMH@?$AAe?$AAs?$AA?$AA@ 0000000180004760     libucrt:lcidtoname_downlevel.obj
 0001:00003768       ??_C@_15NGLOAKJC@?$AAf?$AAi?$AA?$AA@ 0000000180004768     libucrt:lcidtoname_downlevel.obj
 0001:00003770       ??_C@_15FBKGNKAM@?$AAf?$AAr?$AA?$AA@ 0000000180004770     libucrt:lcidtoname_downlevel.obj
 0001:00003778       ??_C@_15KGGCNEFK@?$AAh?$AAe?$AA?$AA@ 0000000180004778     libucrt:lcidtoname_downlevel.obj
 0001:00003780       ??_C@_15PGHLIDMF@?$AAh?$AAu?$AA?$AA@ 0000000180004780     libucrt:lcidtoname_downlevel.obj
 0001:00003788       ??_C@_15BIEMAPLM@?$AAi?$AAs?$AA?$AA@ 0000000180004788     libucrt:lcidtoname_downlevel.obj
 0001:00003790       ??_C@_15IFJLDHAF@?$AAi?$AAt?$AA?$AA@ 0000000180004790     libucrt:lcidtoname_downlevel.obj
 0001:00003798       ??_C@_15GEMIOCAG@?$AAj?$AAa?$AA?$AA@ 0000000180004798     libucrt:lcidtoname_downlevel.obj
 0001:000037a0       ??_C@_15EPELEGJA@?$AAk?$AAo?$AA?$AA@ 00000001800047a0     libucrt:lcidtoname_downlevel.obj
 0001:000037a8       ??_C@_15NDDHIMN@?$AAn?$AAl?$AA?$AA@ 00000001800047a8     libucrt:lcidtoname_downlevel.obj
 0001:000037b0       ??_C@_15BPIGNHCD@?$AAn?$AAo?$AA?$AA@ 00000001800047b0     libucrt:lcidtoname_downlevel.obj
 0001:000037b8       ??_C@_15DEOPBLCG@?$AAp?$AAl?$AA?$AA@ 00000001800047b8     libucrt:lcidtoname_downlevel.obj
 0001:000037c0       ??_C@_15KBECGEFG@?$AAp?$AAt?$AA?$AA@ 00000001800047c0     libucrt:lcidtoname_downlevel.obj
 0001:000037c8       ??_C@_15GLJCBFMD@?$AAr?$AAo?$AA?$AA@ 00000001800047c8     libucrt:lcidtoname_downlevel.obj
 0001:000037d0       ??_C@_15FEDGKCDI@?$AAr?$AAu?$AA?$AA@ 00000001800047d0     libucrt:lcidtoname_downlevel.obj
 0001:000037d8       ??_C@_15GLKMLLHM@?$AAh?$AAr?$AA?$AA@ 00000001800047d8     libucrt:lcidtoname_downlevel.obj
 0001:000037e0       ??_C@_15CPKMFBDB@?$AAs?$AAk?$AA?$AA@ 00000001800047e0     libucrt:lcidtoname_downlevel.obj
 0001:000037e8       ??_C@_15BAAIOGMK@?$AAs?$AAq?$AA?$AA@ 00000001800047e8     libucrt:lcidtoname_downlevel.obj
 0001:000037f0       ??_C@_15INNPNOHD@?$AAs?$AAv?$AA?$AA@ 00000001800047f0     libucrt:lcidtoname_downlevel.obj
 0001:000037f8       ??_C@_15CABMMOGH@?$AAt?$AAh?$AA?$AA@ 00000001800047f8     libucrt:lcidtoname_downlevel.obj
 0001:00003800       ??_C@_15BPLIHJJM@?$AAt?$AAr?$AA?$AA@ 0000000180004800     libucrt:lcidtoname_downlevel.obj
 0001:00003808       ??_C@_15NEOEKKDJ@?$AAu?$AAr?$AA?$AA@ 0000000180004808     libucrt:lcidtoname_downlevel.obj
 0001:00003810       ??_C@_15NFICGAJK@?$AAi?$AAd?$AA?$AA@ 0000000180004810     libucrt:lcidtoname_downlevel.obj
 0001:00003818       ??_C@_15HPJPHDM@?$AAb?$AAe?$AA?$AA@ 0000000180004818     libucrt:lcidtoname_downlevel.obj
 0001:00003820       ??_C@_15LCHLGJII@?$AAs?$AAl?$AA?$AA@ 0000000180004820     libucrt:lcidtoname_downlevel.obj
 0001:00003828       ??_C@_15PCFJPHHO@?$AAe?$AAt?$AA?$AA@ 0000000180004828     libucrt:lcidtoname_downlevel.obj
 0001:00003830       ??_C@_15HPFPGODN@?$AAl?$AAv?$AA?$AA@ 0000000180004830     libucrt:lcidtoname_downlevel.obj
 0001:00003838       ??_C@_15NFFGKGLG@?$AAl?$AAt?$AA?$AA@ 0000000180004838     libucrt:lcidtoname_downlevel.obj
 0001:00003840       ??_C@_15BDAKCCHN@?$AAf?$AAa?$AA?$AA@ 0000000180004840     libucrt:lcidtoname_downlevel.obj
 0001:00003848       ??_C@_15NFGIAIAJ@?$AAv?$AAi?$AA?$AA@ 0000000180004848     libucrt:lcidtoname_downlevel.obj
 0001:00003850       ??_C@_15LMKNDMHN@?$AAh?$AAy?$AA?$AA@ 0000000180004850     libucrt:lcidtoname_downlevel.obj
 0001:00003858       ??_C@_15IJBHMCFL@?$AAa?$AAz?$AA?$AA@ 0000000180004858     libucrt:lcidtoname_downlevel.obj
 0001:00003860       ??_C@_15EKOFJABL@?$AAe?$AAu?$AA?$AA@ 0000000180004860     libucrt:lcidtoname_downlevel.obj
 0001:00003868       ??_C@_15BGHADCNK@?$AAm?$AAk?$AA?$AA@ 0000000180004868     libucrt:lcidtoname_downlevel.obj
 0001:00003870       ??_C@_15JDNICKHM@?$AAa?$AAf?$AA?$AA@ 0000000180004870     libucrt:lcidtoname_downlevel.obj
 0001:00003878       ??_C@_15KPJEDBKD@?$AAk?$AAa?$AA?$AA@ 0000000180004878     libucrt:lcidtoname_downlevel.obj
 0001:00003880       ??_C@_15PDNFFFEO@?$AAf?$AAo?$AA?$AA@ 0000000180004880     libucrt:lcidtoname_downlevel.obj
 0001:00003888       ??_C@_15OMLEGLOC@?$AAh?$AAi?$AA?$AA@ 0000000180004888     libucrt:lcidtoname_downlevel.obj
 0001:00003890       ??_C@_15IDNNENKK@?$AAm?$AAs?$AA?$AA@ 0000000180004890     libucrt:lcidtoname_downlevel.obj
 0001:00003898       ??_C@_15MACJNBMH@?$AAk?$AAk?$AA?$AA@ 0000000180004898     libucrt:lcidtoname_downlevel.obj
 0001:000038a0       ??_C@_15DKDJEOND@?$AAk?$AAy?$AA?$AA@ 00000001800048a0     libucrt:lcidtoname_downlevel.obj
 0001:000038a8       ??_C@_15DFGDLJBG@?$AAs?$AAw?$AA?$AA@ 00000001800048a8     libucrt:lcidtoname_downlevel.obj
 0001:000038b0       ??_C@_15BBFAICNG@?$AAu?$AAz?$AA?$AA@ 00000001800048b0     libucrt:lcidtoname_downlevel.obj
 0001:000038b8       ??_C@_15DKNDCGEA@?$AAt?$AAt?$AA?$AA@ 00000001800048b8     libucrt:lcidtoname_downlevel.obj
 0001:000038c0       ??_C@_15MGIFMDPL@?$AAp?$AAa?$AA?$AA@ 00000001800048c0     libucrt:lcidtoname_downlevel.obj
 0001:000038c8       ??_C@_15HCNDBBA@?$AAg?$AAu?$AA?$AA@ 00000001800048c8     libucrt:lcidtoname_downlevel.obj
 0001:000038d0       ??_C@_15FNBEIBON@?$AAt?$AAa?$AA?$AA@ 00000001800048d0     libucrt:lcidtoname_downlevel.obj
 0001:000038d8       ??_C@_15NCHGBGLK@?$AAt?$AAe?$AA?$AA@ 00000001800048d8     libucrt:lcidtoname_downlevel.obj
 0001:000038e0       ??_C@_15PHPHCBPF@?$AAk?$AAn?$AA?$AA@ 00000001800048e0     libucrt:lcidtoname_downlevel.obj
 0001:000038e8       ??_C@_15DLGBCKMP@?$AAm?$AAr?$AA?$AA@ 00000001800048e8     libucrt:lcidtoname_downlevel.obj
 0001:000038f0       ??_C@_15EABBLBFF@?$AAs?$AAa?$AA?$AA@ 00000001800048f0     libucrt:lcidtoname_downlevel.obj
 0001:000038f8       ??_C@_15CBKOMCOI@?$AAm?$AAn?$AA?$AA@ 00000001800048f8     libucrt:lcidtoname_downlevel.obj
 0001:00003900       ??_C@_15CKDMCJAF@?$AAg?$AAl?$AA?$AA@ 0000000180004900     libucrt:lcidtoname_downlevel.obj
 0001:00003908       ??_C@_17CNJFBPG@?$AAk?$AAo?$AAk?$AA?$AA@ 0000000180004908     libucrt:lcidtoname_downlevel.obj
 0001:00003910       ??_C@_17FFBJICPL@?$AAs?$AAy?$AAr?$AA?$AA@ 0000000180004910     libucrt:lcidtoname_downlevel.obj
 0001:00003918       ??_C@_17KPNDCPAF@?$AAd?$AAi?$AAv?$AA?$AA@ 0000000180004918     libucrt:lcidtoname_downlevel.obj
 0001:00003920       ??_C@_1M@OKAHONE@?$AAa?$AAr?$AA?9?$AAS?$AAA?$AA?$AA@ 0000000180004920     libucrt:lcidtoname_downlevel.obj
 0001:00003930       ??_C@_1M@FFFIGIGK@?$AAb?$AAg?$AA?9?$AAB?$AAG?$AA?$AA@ 0000000180004930     libucrt:lcidtoname_downlevel.obj
 0001:00003940       ??_C@_1M@BJNKEDC@?$AAc?$AAa?$AA?9?$AAE?$AAS?$AA?$AA@ 0000000180004940     libucrt:lcidtoname_downlevel.obj
 0001:00003950       ??_C@_1M@IJJHFJHA@?$AAc?$AAs?$AA?9?$AAC?$AAZ?$AA?$AA@ 0000000180004950     libucrt:lcidtoname_downlevel.obj
 0001:00003960       ??_C@_1M@CLPEOBGI@?$AAd?$AAa?$AA?9?$AAD?$AAK?$AA?$AA@ 0000000180004960     libucrt:lcidtoname_downlevel.obj
 0001:00003970       ??_C@_1M@MCMADGCB@?$AAd?$AAe?$AA?9?$AAD?$AAE?$AA?$AA@ 0000000180004970     libucrt:lcidtoname_downlevel.obj
 0001:00003980       ??_C@_1M@OOCKEMAM@?$AAe?$AAl?$AA?9?$AAG?$AAR?$AA?$AA@ 0000000180004980     libucrt:lcidtoname_downlevel.obj
 0001:00003990       ??_C@_1M@DDNJFGID@?$AAf?$AAi?$AA?9?$AAF?$AAI?$AA?$AA@ 0000000180004990     libucrt:lcidtoname_downlevel.obj
 0001:000039a0       ??_C@_1M@GLIPPMAC@?$AAf?$AAr?$AA?9?$AAF?$AAR?$AA?$AA@ 00000001800049a0     libucrt:lcidtoname_downlevel.obj
 0001:000039b0       ??_C@_1M@GFMCHPE@?$AAh?$AAe?$AA?9?$AAI?$AAL?$AA?$AA@ 00000001800049b0     libucrt:lcidtoname_downlevel.obj
 0001:000039c0       ??_C@_1M@MHLPGNKM@?$AAh?$AAu?$AA?9?$AAH?$AAU?$AA?$AA@ 00000001800049c0     libucrt:lcidtoname_downlevel.obj
 0001:000039d0       ??_C@_1M@LPDDNNPN@?$AAi?$AAs?$AA?9?$AAI?$AAS?$AA?$AA@ 00000001800049d0     libucrt:lcidtoname_downlevel.obj
 0001:000039e0       ??_C@_1M@MADIPODN@?$AAi?$AAt?$AA?9?$AAI?$AAT?$AA?$AA@ 00000001800049e0     libucrt:lcidtoname_downlevel.obj
 0001:000039f0       ??_C@_1M@IHBJJGG@?$AAn?$AAl?$AA?9?$AAN?$AAL?$AA?$AA@ 00000001800049f0     libucrt:lcidtoname_downlevel.obj
 0001:00003a00       ??_C@_1M@EANAGDL@?$AAn?$AAb?$AA?9?$AAN?$AAO?$AA?$AA@ 0000000180004a00     libucrt:lcidtoname_downlevel.obj
 0001:00003a10       ??_C@_1M@NEIEMEGP@?$AAp?$AAl?$AA?9?$AAP?$AAL?$AA?$AA@ 0000000180004a10     libucrt:lcidtoname_downlevel.obj
 0001:00003a20       ??_C@_1M@BOCFIGEP@?$AAp?$AAt?$AA?9?$AAB?$AAR?$AA?$AA@ 0000000180004a20     libucrt:lcidtoname_downlevel.obj
 0001:00003a30       ??_C@_1M@IMPFOPBG@?$AAr?$AAo?$AA?9?$AAR?$AAO?$AA?$AA@ 0000000180004a30     libucrt:lcidtoname_downlevel.obj
 0001:00003a40       ??_C@_1M@IDNNEJMM@?$AAr?$AAu?$AA?9?$AAR?$AAU?$AA?$AA@ 0000000180004a40     libucrt:lcidtoname_downlevel.obj
 0001:00003a50       ??_C@_1M@LILEEOGM@?$AAh?$AAr?$AA?9?$AAH?$AAR?$AA?$AA@ 0000000180004a50     libucrt:lcidtoname_downlevel.obj
 0001:00003a60       ??_C@_1M@FKIFEHPB@?$AAs?$AAk?$AA?9?$AAS?$AAK?$AA?$AA@ 0000000180004a60     libucrt:lcidtoname_downlevel.obj
 0001:00003a70       ??_C@_1M@LJMAMNPJ@?$AAs?$AAq?$AA?9?$AAA?$AAL?$AA?$AA@ 0000000180004a70     libucrt:lcidtoname_downlevel.obj
 0001:00003a80       ??_C@_1M@GIAKDKJK@?$AAs?$AAv?$AA?9?$AAS?$AAE?$AA?$AA@ 0000000180004a80     libucrt:lcidtoname_downlevel.obj
 0001:00003a90       ??_C@_1M@MKJKIKCL@?$AAt?$AAh?$AA?9?$AAT?$AAH?$AA?$AA@ 0000000180004a90     libucrt:lcidtoname_downlevel.obj
 0001:00003aa0       ??_C@_1M@MFLCCMPB@?$AAt?$AAr?$AA?9?$AAT?$AAR?$AA?$AA@ 0000000180004aa0     libucrt:lcidtoname_downlevel.obj
 0001:00003ab0       ??_C@_1M@OIJHDKJN@?$AAu?$AAr?$AA?9?$AAP?$AAK?$AA?$AA@ 0000000180004ab0     libucrt:lcidtoname_downlevel.obj
 0001:00003ac0       ??_C@_1M@LHIPCIEK@?$AAi?$AAd?$AA?9?$AAI?$AAD?$AA?$AA@ 0000000180004ac0     libucrt:lcidtoname_downlevel.obj
 0001:00003ad0       ??_C@_1M@MFMOBGI@?$AAu?$AAk?$AA?9?$AAU?$AAA?$AA?$AA@ 0000000180004ad0     libucrt:lcidtoname_downlevel.obj
 0001:00003ae0       ??_C@_1M@OBGLJIPL@?$AAb?$AAe?$AA?9?$AAB?$AAY?$AA?$AA@ 0000000180004ae0     libucrt:lcidtoname_downlevel.obj
 0001:00003af0       ??_C@_1M@BCFAJEAD@?$AAs?$AAl?$AA?9?$AAS?$AAI?$AA?$AA@ 0000000180004af0     libucrt:lcidtoname_downlevel.obj
 0001:00003b00       ??_C@_1M@FKFFEDDN@?$AAe?$AAt?$AA?9?$AAE?$AAE?$AA?$AA@ 0000000180004b00     libucrt:lcidtoname_downlevel.obj
 0001:00003b10       ??_C@_1M@KGKKAACI@?$AAl?$AAv?$AA?9?$AAL?$AAV?$AA?$AA@ 0000000180004b10     libucrt:lcidtoname_downlevel.obj
 0001:00003b20       ??_C@_1M@IFGBIJO@?$AAl?$AAt?$AA?9?$AAL?$AAT?$AA?$AA@ 0000000180004b20     libucrt:lcidtoname_downlevel.obj
 0001:00003b30       ??_C@_1M@FGEAHEDM@?$AAf?$AAa?$AA?9?$AAI?$AAR?$AA?$AA@ 0000000180004b30     libucrt:lcidtoname_downlevel.obj
 0001:00003b40       ??_C@_1M@KBMAIBFN@?$AAv?$AAi?$AA?9?$AAV?$AAN?$AA?$AA@ 0000000180004b40     libucrt:lcidtoname_downlevel.obj
 0001:00003b50       ??_C@_1M@GPCBKDJK@?$AAh?$AAy?$AA?9?$AAA?$AAM?$AA?$AA@ 0000000180004b50     libucrt:lcidtoname_downlevel.obj
 0001:00003b60       ??_C@_1BG@BECMDDJB@?$AAa?$AAz?$AA?9?$AAA?$AAZ?$AA?9?$AAL?$AAa?$AAt?$AAn?$AA?$AA@ 0000000180004b60     libucrt:lcidtoname_downlevel.obj
 0001:00003b78       ??_C@_1M@MAOFCAEA@?$AAe?$AAu?$AA?9?$AAE?$AAS?$AA?$AA@ 0000000180004b78     libucrt:lcidtoname_downlevel.obj
 0001:00003b88       ??_C@_1M@IGHABKPI@?$AAm?$AAk?$AA?9?$AAM?$AAK?$AA?$AA@ 0000000180004b88     libucrt:lcidtoname_downlevel.obj
 0001:00003b98       ??_C@_1M@IAIGNEJG@?$AAt?$AAn?$AA?9?$AAZ?$AAA?$AA?$AA@ 0000000180004b98     libucrt:lcidtoname_downlevel.obj
 0001:00003ba8       ??_C@_1M@IIJCOJFA@?$AAx?$AAh?$AA?9?$AAZ?$AAA?$AA?$AA@ 0000000180004ba8     libucrt:lcidtoname_downlevel.obj
 0001:00003bb8       ??_C@_1M@LGPJHNJH@?$AAz?$AAu?$AA?9?$AAZ?$AAA?$AA?$AA@ 0000000180004bb8     libucrt:lcidtoname_downlevel.obj
 0001:00003bc8       ??_C@_1M@HOKAOIO@?$AAa?$AAf?$AA?9?$AAZ?$AAA?$AA?$AA@ 0000000180004bc8     libucrt:lcidtoname_downlevel.obj
 0001:00003bd8       ??_C@_1M@DPCLHLIE@?$AAk?$AAa?$AA?9?$AAG?$AAE?$AA?$AA@ 0000000180004bd8     libucrt:lcidtoname_downlevel.obj
 0001:00003be8       ??_C@_1M@BLKMHJBI@?$AAf?$AAo?$AA?9?$AAF?$AAO?$AA?$AA@ 0000000180004be8     libucrt:lcidtoname_downlevel.obj
 0001:00003bf8       ??_C@_1M@LGGJAPPB@?$AAh?$AAi?$AA?9?$AAI?$AAN?$AA?$AA@ 0000000180004bf8     libucrt:lcidtoname_downlevel.obj
 0001:00003c08       ??_C@_1M@FIKPIHFE@?$AAm?$AAt?$AA?9?$AAM?$AAT?$AA?$AA@ 0000000180004c08     libucrt:lcidtoname_downlevel.obj
 0001:00003c18       ??_C@_1M@HEGGPBFA@?$AAs?$AAe?$AA?9?$AAN?$AAO?$AA?$AA@ 0000000180004c18     libucrt:lcidtoname_downlevel.obj
 0001:00003c28       ??_C@_1M@EIBJEEPA@?$AAm?$AAs?$AA?9?$AAM?$AAY?$AA?$AA@ 0000000180004c28     libucrt:lcidtoname_downlevel.obj
 0001:00003c38       ??_C@_1M@FHLBGMPP@?$AAk?$AAk?$AA?9?$AAK?$AAZ?$AA?$AA@ 0000000180004c38     libucrt:lcidtoname_downlevel.obj
 0001:00003c48       ??_C@_1M@NGJJLCGI@?$AAk?$AAy?$AA?9?$AAK?$AAG?$AA?$AA@ 0000000180004c48     libucrt:lcidtoname_downlevel.obj
 0001:00003c58       ??_C@_1M@GIENNBFC@?$AAs?$AAw?$AA?9?$AAK?$AAE?$AA?$AA@ 0000000180004c58     libucrt:lcidtoname_downlevel.obj
 0001:00003c68       ??_C@_1BG@NDGMJIMJ@?$AAu?$AAz?$AA?9?$AAU?$AAZ?$AA?9?$AAL?$AAa?$AAt?$AAn?$AA?$AA@ 0000000180004c68     libucrt:lcidtoname_downlevel.obj
 0001:00003c80       ??_C@_1M@IDCCIHBC@?$AAt?$AAt?$AA?9?$AAR?$AAU?$AA?$AA@ 0000000180004c80     libucrt:lcidtoname_downlevel.obj
 0001:00003c90       ??_C@_1M@LOICPMOJ@?$AAb?$AAn?$AA?9?$AAI?$AAN?$AA?$AA@ 0000000180004c90     libucrt:lcidtoname_downlevel.obj
 0001:00003ca0       ??_C@_1M@KPKKNEAH@?$AAp?$AAa?$AA?9?$AAI?$AAN?$AA?$AA@ 0000000180004ca0     libucrt:lcidtoname_downlevel.obj
 0001:00003cb0       ??_C@_1M@PJGPPBOG@?$AAg?$AAu?$AA?9?$AAI?$AAN?$AA?$AA@ 0000000180004cb0     libucrt:lcidtoname_downlevel.obj
 0001:00003cc0       ??_C@_1M@KMKMOPHI@?$AAt?$AAa?$AA?9?$AAI?$AAN?$AA?$AA@ 0000000180004cc0     libucrt:lcidtoname_downlevel.obj
 0001:00003cd0       ??_C@_1M@KFEHEPAC@?$AAt?$AAe?$AA?9?$AAI?$AAN?$AA?$AA@ 0000000180004cd0     libucrt:lcidtoname_downlevel.obj
 0001:00003ce0       ??_C@_1M@CDCLMGHI@?$AAk?$AAn?$AA?9?$AAI?$AAN?$AA?$AA@ 0000000180004ce0     libucrt:lcidtoname_downlevel.obj
 0001:00003cf0       ??_C@_1M@MIODLDKF@?$AAm?$AAl?$AA?9?$AAI?$AAN?$AA?$AA@ 0000000180004cf0     libucrt:lcidtoname_downlevel.obj
 0001:00003d00       ??_C@_1M@PBIEACPO@?$AAm?$AAr?$AA?9?$AAI?$AAN?$AA?$AA@ 0000000180004d00     libucrt:lcidtoname_downlevel.obj
 0001:00003d10       ??_C@_1M@NIDEAGPH@?$AAs?$AAa?$AA?9?$AAI?$AAN?$AA?$AA@ 0000000180004d10     libucrt:lcidtoname_downlevel.obj
 0001:00003d20       ??_C@_1M@FHIHCBIO@?$AAm?$AAn?$AA?9?$AAM?$AAN?$AA?$AA@ 0000000180004d20     libucrt:lcidtoname_downlevel.obj
 0001:00003d30       ??_C@_1M@JAIJPENP@?$AAc?$AAy?$AA?9?$AAG?$AAB?$AA?$AA@ 0000000180004d30     libucrt:lcidtoname_downlevel.obj
 0001:00003d40       ??_C@_1M@PHGFBEPN@?$AAg?$AAl?$AA?9?$AAE?$AAS?$AA?$AA@ 0000000180004d40     libucrt:lcidtoname_downlevel.obj
 0001:00003d50       ??_C@_1O@KPIPDNCP@?$AAk?$AAo?$AAk?$AA?9?$AAI?$AAN?$AA?$AA@ 0000000180004d50     libucrt:lcidtoname_downlevel.obj
 0001:00003d60       ??_C@_1O@KNHJLDJA@?$AAs?$AAy?$AAr?$AA?9?$AAS?$AAY?$AA?$AA@ 0000000180004d60     libucrt:lcidtoname_downlevel.obj
 0001:00003d70       ??_C@_1O@MKEKBLAH@?$AAd?$AAi?$AAv?$AA?9?$AAM?$AAV?$AA?$AA@ 0000000180004d70     libucrt:lcidtoname_downlevel.obj
 0001:00003d80       ??_C@_1O@OHDCKDDF@?$AAq?$AAu?$AAz?$AA?9?$AAB?$AAO?$AA?$AA@ 0000000180004d80     libucrt:lcidtoname_downlevel.obj
 0001:00003d90       ??_C@_1M@LEPJNLFD@?$AAn?$AAs?$AA?9?$AAZ?$AAA?$AA?$AA@ 0000000180004d90     libucrt:lcidtoname_downlevel.obj
 0001:00003da0       ??_C@_1M@OMLEIIJB@?$AAm?$AAi?$AA?9?$AAN?$AAZ?$AA?$AA@ 0000000180004da0     libucrt:lcidtoname_downlevel.obj
 0001:00003db0       ??_C@_1M@PMPEAILG@?$AAa?$AAr?$AA?9?$AAI?$AAQ?$AA?$AA@ 0000000180004db0     libucrt:lcidtoname_downlevel.obj
 0001:00003dc0       ??_C@_1M@CNKPNOEE@?$AAd?$AAe?$AA?9?$AAC?$AAH?$AA?$AA@ 0000000180004dc0     libucrt:lcidtoname_downlevel.obj
 0001:00003dd0       ??_C@_1M@LKMGMLKO@?$AAe?$AAn?$AA?9?$AAG?$AAB?$AA?$AA@ 0000000180004dd0     libucrt:lcidtoname_downlevel.obj
 0001:00003de0       ??_C@_1M@PGKJFFGL@?$AAe?$AAs?$AA?9?$AAM?$AAX?$AA?$AA@ 0000000180004de0     libucrt:lcidtoname_downlevel.obj
 0001:00003df0       ??_C@_1M@DNNANBDC@?$AAf?$AAr?$AA?9?$AAB?$AAE?$AA?$AA@ 0000000180004df0     libucrt:lcidtoname_downlevel.obj
 0001:00003e00       ??_C@_1M@HLGMDFHM@?$AAi?$AAt?$AA?9?$AAC?$AAH?$AA?$AA@ 0000000180004e00     libucrt:lcidtoname_downlevel.obj
 0001:00003e10       ??_C@_1M@CLLBGJH@?$AAn?$AAl?$AA?9?$AAB?$AAE?$AA?$AA@ 0000000180004e10     libucrt:lcidtoname_downlevel.obj
 0001:00003e20       ??_C@_1M@BODBOGLF@?$AAn?$AAn?$AA?9?$AAN?$AAO?$AA?$AA@ 0000000180004e20     libucrt:lcidtoname_downlevel.obj
 0001:00003e30       ??_C@_1M@HFFAHKAD@?$AAp?$AAt?$AA?9?$AAP?$AAT?$AA?$AA@ 0000000180004e30     libucrt:lcidtoname_downlevel.obj
 0001:00003e40       ??_C@_1BG@LNOAKHIE@?$AAs?$AAr?$AA?9?$AAS?$AAP?$AA?9?$AAL?$AAa?$AAt?$AAn?$AA?$AA@ 0000000180004e40     libucrt:lcidtoname_downlevel.obj
 0001:00003e58       ??_C@_1M@HBMHBGAK@?$AAs?$AAv?$AA?9?$AAF?$AAI?$AA?$AA@ 0000000180004e58     libucrt:lcidtoname_downlevel.obj
 0001:00003e68       ??_C@_1BG@DGCJGJBE@?$AAa?$AAz?$AA?9?$AAA?$AAZ?$AA?9?$AAC?$AAy?$AAr?$AAl?$AA?$AA@ 0000000180004e68     libucrt:lcidtoname_downlevel.obj
 0001:00003e80       ??_C@_1M@KEJDAAHB@?$AAs?$AAe?$AA?9?$AAS?$AAE?$AA?$AA@ 0000000180004e80     libucrt:lcidtoname_downlevel.obj
 0001:00003e90       ??_C@_1M@HEIBJJAD@?$AAm?$AAs?$AA?9?$AAB?$AAN?$AA?$AA@ 0000000180004e90     libucrt:lcidtoname_downlevel.obj
 0001:00003ea0       ??_C@_1BG@PBGJMCEM@?$AAu?$AAz?$AA?9?$AAU?$AAZ?$AA?9?$AAC?$AAy?$AAr?$AAl?$AA?$AA@ 0000000180004ea0     libucrt:lcidtoname_downlevel.obj
 0001:00003eb8       ??_C@_1O@LAOBCMDF@?$AAq?$AAu?$AAz?$AA?9?$AAE?$AAC?$AA?$AA@ 0000000180004eb8     libucrt:lcidtoname_downlevel.obj
 0001:00003ec8       ??_C@_1M@POEEMAIO@?$AAa?$AAr?$AA?9?$AAE?$AAG?$AA?$AA@ 0000000180004ec8     libucrt:lcidtoname_downlevel.obj
 0001:00003ed8       ??_C@_1M@EFAKDEDL@?$AAz?$AAh?$AA?9?$AAH?$AAK?$AA?$AA@ 0000000180004ed8     libucrt:lcidtoname_downlevel.obj
 0001:00003ee8       ??_C@_1M@HKKIJHGI@?$AAd?$AAe?$AA?9?$AAA?$AAT?$AA?$AA@ 0000000180004ee8     libucrt:lcidtoname_downlevel.obj
 0001:00003ef8       ??_C@_1M@KBFBEHJF@?$AAe?$AAn?$AA?9?$AAA?$AAU?$AA?$AA@ 0000000180004ef8     libucrt:lcidtoname_downlevel.obj
 0001:00003f08       ??_C@_1M@MNPLFAAH@?$AAe?$AAs?$AA?9?$AAE?$AAS?$AA?$AA@ 0000000180004f08     libucrt:lcidtoname_downlevel.obj
 0001:00003f18       ??_C@_1M@HJOOJFMA@?$AAf?$AAr?$AA?9?$AAC?$AAA?$AA?$AA@ 0000000180004f18     libucrt:lcidtoname_downlevel.obj
 0001:00003f28       ??_C@_1BG@JPOFPNAB@?$AAs?$AAr?$AA?9?$AAS?$AAP?$AA?9?$AAC?$AAy?$AAr?$AAl?$AA?$AA@ 0000000180004f28     libucrt:lcidtoname_downlevel.obj
 0001:00003f40       ??_C@_1M@LNFOCMOB@?$AAs?$AAe?$AA?9?$AAF?$AAI?$AA?$AA@ 0000000180004f40     libucrt:lcidtoname_downlevel.obj
 0001:00003f50       ??_C@_1O@MGJBOAMB@?$AAq?$AAu?$AAz?$AA?9?$AAP?$AAE?$AA?$AA@ 0000000180004f50     libucrt:lcidtoname_downlevel.obj
 0001:00003f60       ??_C@_1M@GJINLBOK@?$AAa?$AAr?$AA?9?$AAL?$AAY?$AA?$AA@ 0000000180004f60     libucrt:lcidtoname_downlevel.obj
 0001:00003f70       ??_C@_1M@GGMNHJNL@?$AAz?$AAh?$AA?9?$AAS?$AAG?$AA?$AA@ 0000000180004f70     libucrt:lcidtoname_downlevel.obj
 0001:00003f80       ??_C@_1M@HOIKODND@?$AAd?$AAe?$AA?9?$AAL?$AAU?$AA?$AA@ 0000000180004f80     libucrt:lcidtoname_downlevel.obj
 0001:00003f90       ??_C@_1M@DDOCCGFG@?$AAe?$AAn?$AA?9?$AAC?$AAA?$AA?$AA@ 0000000180004f90     libucrt:lcidtoname_downlevel.obj
 0001:00003fa0       ??_C@_1M@BNOEMJLF@?$AAe?$AAs?$AA?9?$AAG?$AAT?$AA?$AA@ 0000000180004fa0     libucrt:lcidtoname_downlevel.obj
 0001:00003fb0       ??_C@_1M@EOGNKEK@?$AAf?$AAr?$AA?9?$AAC?$AAH?$AA?$AA@ 0000000180004fb0     libucrt:lcidtoname_downlevel.obj
 0001:00003fc0       ??_C@_1M@FLIDJFHL@?$AAh?$AAr?$AA?9?$AAB?$AAA?$AA?$AA@ 0000000180004fc0     libucrt:lcidtoname_downlevel.obj
 0001:00003fd0       ??_C@_1O@FMCELNAJ@?$AAs?$AAm?$AAj?$AA?9?$AAN?$AAO?$AA?$AA@ 0000000180004fd0     libucrt:lcidtoname_downlevel.obj
 0001:00003fe0       ??_C@_1M@JHGLJMGJ@?$AAa?$AAr?$AA?9?$AAD?$AAZ?$AA?$AA@ 0000000180004fe0     libucrt:lcidtoname_downlevel.obj
 0001:00003ff0       ??_C@_1M@JKKFDCNP@?$AAz?$AAh?$AA?9?$AAM?$AAO?$AA?$AA@ 0000000180004ff0     libucrt:lcidtoname_downlevel.obj
 0001:00004000       ??_C@_1M@GEEFALPE@?$AAd?$AAe?$AA?9?$AAL?$AAI?$AA?$AA@ 0000000180005000     libucrt:lcidtoname_downlevel.obj
 0001:00004010       ??_C@_1M@IGEOFBG@?$AAe?$AAn?$AA?9?$AAN?$AAZ?$AA?$AA@ 0000000180005010     libucrt:lcidtoname_downlevel.obj
 0001:00004020       ??_C@_1M@KDBONEHP@?$AAe?$AAs?$AA?9?$AAC?$AAR?$AA?$AA@ 0000000180005020     libucrt:lcidtoname_downlevel.obj
 0001:00004030       ??_C@_1M@FHMDOHNN@?$AAf?$AAr?$AA?9?$AAL?$AAU?$AA?$AA@ 0000000180005030     libucrt:lcidtoname_downlevel.obj
 0001:00004040       ??_C@_1BG@NFKKMAFG@?$AAb?$AAs?$AA?9?$AAB?$AAA?$AA?9?$AAL?$AAa?$AAt?$AAn?$AA?$AA@ 0000000180005040     libucrt:lcidtoname_downlevel.obj
 0001:00004058       ??_C@_1O@IMNBEMCI@?$AAs?$AAm?$AAj?$AA?9?$AAS?$AAE?$AA?$AA@ 0000000180005058     libucrt:lcidtoname_downlevel.obj
 0001:00004068       ??_C@_1M@DHHMBNDP@?$AAa?$AAr?$AA?9?$AAM?$AAA?$AA?$AA@ 0000000180005068     libucrt:lcidtoname_downlevel.obj
 0001:00004078       ??_C@_1M@BNBLJCGH@?$AAe?$AAn?$AA?9?$AAI?$AAE?$AA?$AA@ 0000000180005078     libucrt:lcidtoname_downlevel.obj
 0001:00004088       ??_C@_1M@GEPAFMDL@?$AAe?$AAs?$AA?9?$AAP?$AAA?$AA?$AA@ 0000000180005088     libucrt:lcidtoname_downlevel.obj
 0001:00004098       ??_C@_1M@OJONDMDL@?$AAf?$AAr?$AA?9?$AAM?$AAC?$AA?$AA@ 0000000180005098     libucrt:lcidtoname_downlevel.obj
 0001:000040a8       ??_C@_1BG@OBCNFJB@?$AAs?$AAr?$AA?9?$AAB?$AAA?$AA?9?$AAL?$AAa?$AAt?$AAn?$AA?$AA@ 00000001800050a8     libucrt:lcidtoname_downlevel.obj
 0001:000040c0       ??_C@_1O@KEMEEGPO@?$AAs?$AAm?$AAa?$AA?9?$AAN?$AAO?$AA?$AA@ 00000001800050c0     libucrt:lcidtoname_downlevel.obj
 0001:000040d0       ??_C@_1M@ELMGFODK@?$AAa?$AAr?$AA?9?$AAT?$AAN?$AA?$AA@ 00000001800050d0     libucrt:lcidtoname_downlevel.obj
 0001:000040e0       ??_C@_1M@BHDLHFAF@?$AAe?$AAn?$AA?9?$AAZ?$AAA?$AA?$AA@ 00000001800050e0     libucrt:lcidtoname_downlevel.obj
 0001:000040f0       ??_C@_1M@BMGIGLIF@?$AAe?$AAs?$AA?9?$AAD?$AAO?$AA?$AA@ 00000001800050f0     libucrt:lcidtoname_downlevel.obj
 0001:00004100       ??_C@_1BG@CMBHIPBE@?$AAs?$AAr?$AA?9?$AAB?$AAA?$AA?9?$AAC?$AAy?$AAr?$AAl?$AA?$AA@ 0000000180005100     libucrt:lcidtoname_downlevel.obj
 0001:00004118       ??_C@_1O@HEDBLHNP@?$AAs?$AAm?$AAa?$AA?9?$AAS?$AAE?$AA?$AA@ 0000000180005118     libucrt:lcidtoname_downlevel.obj
 0001:00004128       ??_C@_1M@DAGCADIM@?$AAa?$AAr?$AA?9?$AAO?$AAM?$AA?$AA@ 0000000180005128     libucrt:lcidtoname_downlevel.obj
 0001:00004138       ??_C@_1M@FODLMICG@?$AAe?$AAn?$AA?9?$AAJ?$AAM?$AA?$AA@ 0000000180005138     libucrt:lcidtoname_downlevel.obj
 0001:00004148       ??_C@_1M@DNMLCIHB@?$AAe?$AAs?$AA?9?$AAV?$AAE?$AA?$AA@ 0000000180005148     libucrt:lcidtoname_downlevel.obj
 0001:00004158       ??_C@_1O@EOKHMKJK@?$AAs?$AAm?$AAs?$AA?9?$AAF?$AAI?$AA?$AA@ 0000000180005158     libucrt:lcidtoname_downlevel.obj
 0001:00004168       ??_C@_1M@CAFJMKOF@?$AAa?$AAr?$AA?9?$AAY?$AAE?$AA?$AA@ 0000000180005168     libucrt:lcidtoname_downlevel.obj
 0001:00004178       ??_C@_1M@CBFHIJLI@?$AAe?$AAn?$AA?9?$AAC?$AAB?$AA?$AA@ 0000000180005178     libucrt:lcidtoname_downlevel.obj
 0001:00004188       ??_C@_1M@BGNFLDN@?$AAe?$AAs?$AA?9?$AAC?$AAO?$AA?$AA@ 0000000180005188     libucrt:lcidtoname_downlevel.obj
 0001:00004198       ??_C@_1O@JMPHMAMC@?$AAs?$AAm?$AAn?$AA?9?$AAF?$AAI?$AA?$AA@ 0000000180005198     libucrt:lcidtoname_downlevel.obj
 0001:000041a8       ??_C@_1M@JLANABKE@?$AAa?$AAr?$AA?9?$AAS?$AAY?$AA?$AA@ 00000001800051a8     libucrt:lcidtoname_downlevel.obj
 0001:000041b8       ??_C@_1M@HPKGCFGN@?$AAe?$AAn?$AA?9?$AAB?$AAZ?$AA?$AA@ 00000001800051b8     libucrt:lcidtoname_downlevel.obj
 0001:000041c8       ??_C@_1M@OLJCMLGM@?$AAe?$AAs?$AA?9?$AAP?$AAE?$AA?$AA@ 00000001800051c8     libucrt:lcidtoname_downlevel.obj
 0001:000041d8       ??_C@_1M@MKKGFKLE@?$AAa?$AAr?$AA?9?$AAJ?$AAO?$AA?$AA@ 00000001800051d8     libucrt:lcidtoname_downlevel.obj
 0001:000041e8       ??_C@_1M@EKPGLDNI@?$AAe?$AAn?$AA?9?$AAT?$AAT?$AA?$AA@ 00000001800051e8     libucrt:lcidtoname_downlevel.obj
 0001:000041f8       ??_C@_1M@OONGHFHE@?$AAe?$AAs?$AA?9?$AAA?$AAR?$AA?$AA@ 00000001800051f8     libucrt:lcidtoname_downlevel.obj
 0001:00004208       ??_C@_1M@OOJFGBHE@?$AAa?$AAr?$AA?9?$AAL?$AAB?$AA?$AA@ 0000000180005208     libucrt:lcidtoname_downlevel.obj
 0001:00004218       ??_C@_1M@GCEJHNEG@?$AAe?$AAn?$AA?9?$AAZ?$AAW?$AA?$AA@ 0000000180005218     libucrt:lcidtoname_downlevel.obj
 0001:00004228       ??_C@_1M@JNOCAHJI@?$AAe?$AAs?$AA?9?$AAE?$AAC?$AA?$AA@ 0000000180005228     libucrt:lcidtoname_downlevel.obj
 0001:00004238       ??_C@_1M@JEFHPGGB@?$AAa?$AAr?$AA?9?$AAK?$AAW?$AA?$AA@ 0000000180005238     libucrt:lcidtoname_downlevel.obj
 0001:00004248       ??_C@_1M@MLKIBJOJ@?$AAe?$AAn?$AA?9?$AAP?$AAH?$AA?$AA@ 0000000180005248     libucrt:lcidtoname_downlevel.obj
 0001:00004258       ??_C@_1M@BDNIPEND@?$AAe?$AAs?$AA?9?$AAC?$AAL?$AA?$AA@ 0000000180005258     libucrt:lcidtoname_downlevel.obj
 0001:00004268       ??_C@_1M@MPNMEKBD@?$AAa?$AAr?$AA?9?$AAA?$AAE?$AA?$AA@ 0000000180005268     libucrt:lcidtoname_downlevel.obj
 0001:00004278       ??_C@_1M@KBJALCPI@?$AAe?$AAs?$AA?9?$AAU?$AAY?$AA?$AA@ 0000000180005278     libucrt:lcidtoname_downlevel.obj
 0001:00004288       ??_C@_1M@LLCCOAGA@?$AAa?$AAr?$AA?9?$AAB?$AAH?$AA?$AA@ 0000000180005288     libucrt:lcidtoname_downlevel.obj
 0001:00004298       ??_C@_1M@PBFNCDEL@?$AAe?$AAs?$AA?9?$AAP?$AAY?$AA?$AA@ 0000000180005298     libucrt:lcidtoname_downlevel.obj
 0001:000042a8       ??_C@_1M@EDGINPNP@?$AAa?$AAr?$AA?9?$AAQ?$AAA?$AA?$AA@ 00000001800052a8     libucrt:lcidtoname_downlevel.obj
 0001:000042b8       ??_C@_1M@MKDBIIJI@?$AAe?$AAs?$AA?9?$AAB?$AAO?$AA?$AA@ 00000001800052b8     libucrt:lcidtoname_downlevel.obj
 0001:000042c8       ??_C@_1M@CPKKEBLD@?$AAe?$AAs?$AA?9?$AAS?$AAV?$AA?$AA@ 00000001800052c8     libucrt:lcidtoname_downlevel.obj
 0001:000042d8       ??_C@_1M@NDBGMMJL@?$AAe?$AAs?$AA?9?$AAH?$AAN?$AA?$AA@ 00000001800052d8     libucrt:lcidtoname_downlevel.obj
 0001:000042e8       ??_C@_1M@JIJIBHDP@?$AAe?$AAs?$AA?9?$AAN?$AAI?$AA?$AA@ 00000001800052e8     libucrt:lcidtoname_downlevel.obj
 0001:000042f8       ??_C@_1M@CGFMKEEK@?$AAe?$AAs?$AA?9?$AAP?$AAR?$AA?$AA@ 00000001800052f8     libucrt:lcidtoname_downlevel.obj
 0001:00004308       ??_C@_1O@ICJHKIIK@?$AAz?$AAh?$AA?9?$AAC?$AAH?$AAT?$AA?$AA@ 0000000180005308     libucrt:lcidtoname_downlevel.obj
 0001:00004318       ??_C@_15CLNEJCE@?$AAs?$AAr?$AA?$AA@ 0000000180005318     libucrt:lcidtoname_downlevel.obj
 0001:00005160       ??_C@_1M@KAHEKEIG@?$AAa?$AAf?$AA?9?$AAz?$AAa?$AA?$AA@ 0000000180006160     libucrt:lcidtoname_downlevel.obj
 0001:00005170       ??_C@_1M@GIECOABL@?$AAa?$AAr?$AA?9?$AAa?$AAe?$AA?$AA@ 0000000180006170     libucrt:lcidtoname_downlevel.obj
 0001:00005180       ??_C@_1M@BMLMEKGI@?$AAa?$AAr?$AA?9?$AAb?$AAh?$AA?$AA@ 0000000180006180     libucrt:lcidtoname_downlevel.obj
 0001:00005190       ??_C@_1M@DAPFDGGB@?$AAa?$AAr?$AA?9?$AAd?$AAz?$AA?$AA@ 0000000180006190     libucrt:lcidtoname_downlevel.obj
 0001:000051a0       ??_C@_1M@FJNKGKIG@?$AAa?$AAr?$AA?9?$AAe?$AAg?$AA?$AA@ 00000001800061a0     libucrt:lcidtoname_downlevel.obj
 0001:000051b0       ??_C@_1M@FLGKKCLO@?$AAa?$AAr?$AA?9?$AAi?$AAq?$AA?$AA@ 00000001800061b0     libucrt:lcidtoname_downlevel.obj
 0001:000051c0       ??_C@_1M@GNDIPALM@?$AAa?$AAr?$AA?9?$AAj?$AAo?$AA?$AA@ 00000001800061c0     libucrt:lcidtoname_downlevel.obj
 0001:000051d0       ??_C@_1M@DDMJFMGJ@?$AAa?$AAr?$AA?9?$AAk?$AAw?$AA?$AA@ 00000001800061d0     libucrt:lcidtoname_downlevel.obj
 0001:000051e0       ??_C@_1M@EJALMLHM@?$AAa?$AAr?$AA?9?$AAl?$AAb?$AA?$AA@ 00000001800061e0     libucrt:lcidtoname_downlevel.obj
 0001:000051f0       ??_C@_1M@MOBDBLOC@?$AAa?$AAr?$AA?9?$AAl?$AAy?$AA?$AA@ 00000001800061f0     libucrt:lcidtoname_downlevel.obj
 0001:00005200       ??_C@_1M@JAOCLHDH@?$AAa?$AAr?$AA?9?$AAm?$AAa?$AA?$AA@ 0000000180006200     libucrt:lcidtoname_downlevel.obj
 0001:00005210       ??_C@_1M@JHPMKJIE@?$AAa?$AAr?$AA?9?$AAo?$AAm?$AA?$AA@ 0000000180006210     libucrt:lcidtoname_downlevel.obj
 0001:00005220       ??_C@_1M@OEPGHFNH@?$AAa?$AAr?$AA?9?$AAq?$AAa?$AA?$AA@ 0000000180006220     libucrt:lcidtoname_downlevel.obj
 0001:00005230       ??_C@_1M@KJDONENM@?$AAa?$AAr?$AA?9?$AAs?$AAa?$AA?$AA@ 0000000180006230     libucrt:lcidtoname_downlevel.obj
 0001:00005240       ??_C@_1M@DMJDKLKM@?$AAa?$AAr?$AA?9?$AAs?$AAy?$AA?$AA@ 0000000180006240     libucrt:lcidtoname_downlevel.obj
 0001:00005250       ??_C@_1M@OMFIPEDC@?$AAa?$AAr?$AA?9?$AAt?$AAn?$AA?$AA@ 0000000180006250     libucrt:lcidtoname_downlevel.obj
 0001:00005260       ??_C@_1M@IHMHGAON@?$AAa?$AAr?$AA?9?$AAy?$AAe?$AA?$AA@ 0000000180006260     libucrt:lcidtoname_downlevel.obj
 0001:00005270       ??_C@_1BG@KDCPGJGB@?$AAa?$AAz?$AA?9?$AAa?$AAz?$AA?9?$AAc?$AAy?$AAr?$AAl?$AA?$AA@ 0000000180006270     libucrt:lcidtoname_downlevel.obj
 0001:00005288       ??_C@_1BG@IBCKDDOE@?$AAa?$AAz?$AA?9?$AAa?$AAz?$AA?9?$AAl?$AAa?$AAt?$AAn?$AA?$AA@ 0000000180006288     libucrt:lcidtoname_downlevel.obj
 0001:000052a0       ??_C@_1M@EGPFDCPD@?$AAb?$AAe?$AA?9?$AAb?$AAy?$AA?$AA@ 00000001800062a0     libucrt:lcidtoname_downlevel.obj
 0001:000052b0       ??_C@_1M@PCMGMCGC@?$AAb?$AAg?$AA?9?$AAb?$AAg?$AA?$AA@ 00000001800062b0     libucrt:lcidtoname_downlevel.obj
 0001:000052c0       ??_C@_1M@BJBMFGOB@?$AAb?$AAn?$AA?9?$AAi?$AAn?$AA?$AA@ 00000001800062c0     libucrt:lcidtoname_downlevel.obj
 0001:000052d0       ??_C@_1BG@EAKMMACD@?$AAb?$AAs?$AA?9?$AAb?$AAa?$AA?9?$AAl?$AAa?$AAt?$AAn?$AA?$AA@ 00000001800062d0     libucrt:lcidtoname_downlevel.obj
 0001:000052e8       ??_C@_1M@KGADAODK@?$AAc?$AAa?$AA?9?$AAe?$AAs?$AA?$AA@ 00000001800062e8     libucrt:lcidtoname_downlevel.obj
 0001:000052f8       ??_C@_1M@COAJPDHI@?$AAc?$AAs?$AA?9?$AAc?$AAz?$AA?$AA@ 00000001800062f8     libucrt:lcidtoname_downlevel.obj
 0001:00005308       ??_C@_1M@DHBHFONH@?$AAc?$AAy?$AA?9?$AAg?$AAb?$AA?$AA@ 0000000180006308     libucrt:lcidtoname_downlevel.obj
 0001:00005318       ??_C@_1M@IMGKELGA@?$AAd?$AAa?$AA?9?$AAd?$AAk?$AA?$AA@ 0000000180006318     libucrt:lcidtoname_downlevel.obj
 0001:00005328       ??_C@_1M@NNDGDNGA@?$AAd?$AAe?$AA?9?$AAa?$AAt?$AA?$AA@ 0000000180006328     libucrt:lcidtoname_downlevel.obj
 0001:00005338       ??_C@_1M@IKDBHEEM@?$AAd?$AAe?$AA?9?$AAc?$AAh?$AA?$AA@ 0000000180006338     libucrt:lcidtoname_downlevel.obj
 0001:00005348       ??_C@_1M@GFFOJMCJ@?$AAd?$AAe?$AA?9?$AAd?$AAe?$AA?$AA@ 0000000180006348     libucrt:lcidtoname_downlevel.obj
 0001:00005358       ??_C@_1M@MDNLKBPM@?$AAd?$AAe?$AA?9?$AAl?$AAi?$AA?$AA@ 0000000180006358     libucrt:lcidtoname_downlevel.obj
 0001:00005368       ??_C@_1M@NJBEEJNL@?$AAd?$AAe?$AA?9?$AAl?$AAu?$AA?$AA@ 0000000180006368     libucrt:lcidtoname_downlevel.obj
 0001:00005378       ??_C@_1O@GNNELBAP@?$AAd?$AAi?$AAv?$AA?9?$AAm?$AAv?$AA?$AA@ 0000000180006378     libucrt:lcidtoname_downlevel.obj
 0001:00005388       ??_C@_1M@EJLEOGAE@?$AAe?$AAl?$AA?9?$AAg?$AAr?$AA?$AA@ 0000000180006388     libucrt:lcidtoname_downlevel.obj
 0001:00005398       ??_C@_1M@GMPONJN@?$AAe?$AAn?$AA?9?$AAa?$AAu?$AA?$AA@ 0000000180006398     libucrt:lcidtoname_downlevel.obj
 0001:000053a8       ??_C@_1M@NIDIIPGF@?$AAe?$AAn?$AA?9?$AAb?$AAz?$AA?$AA@ 00000001800063a8     libucrt:lcidtoname_downlevel.obj
 0001:000053b8       ??_C@_1M@JEHMIMFO@?$AAe?$AAn?$AA?9?$AAc?$AAa?$AA?$AA@ 00000001800063b8     libucrt:lcidtoname_downlevel.obj
 0001:000053c8       ??_C@_1M@IGMJCDLA@?$AAe?$AAn?$AA?9?$AAc?$AAb?$AA?$AA@ 00000001800063c8     libucrt:lcidtoname_downlevel.obj
 0001:000053d8       ??_C@_1M@BNFIGBKG@?$AAe?$AAn?$AA?9?$AAg?$AAb?$AA?$AA@ 00000001800063d8     libucrt:lcidtoname_downlevel.obj
 0001:000053e8       ??_C@_1M@LKIFDIGP@?$AAe?$AAn?$AA?9?$AAi?$AAe?$AA?$AA@ 00000001800063e8     libucrt:lcidtoname_downlevel.obj
 0001:000053f8       ??_C@_1M@PJKFGCCO@?$AAe?$AAn?$AA?9?$AAj?$AAm?$AA?$AA@ 00000001800063f8     libucrt:lcidtoname_downlevel.obj
 0001:00005408       ??_C@_1M@KPPKEPBO@?$AAe?$AAn?$AA?9?$AAn?$AAz?$AA?$AA@ 0000000180006408     libucrt:lcidtoname_downlevel.obj
 0001:00005418       ??_C@_1M@GMDGLDOB@?$AAe?$AAn?$AA?9?$AAp?$AAh?$AA?$AA@ 0000000180006418     libucrt:lcidtoname_downlevel.obj
 0001:00005428       ??_C@_1M@ONGIBJNA@?$AAe?$AAn?$AA?9?$AAt?$AAt?$AA?$AA@ 0000000180006428     libucrt:lcidtoname_downlevel.obj
 0001:00005438       ??_C@_1M@LLODPCMM@?$AAe?$AAn?$AA?9?$AAu?$AAs?$AA?$AA@ 0000000180006438     libucrt:lcidtoname_downlevel.obj
 0001:00005448       ??_C@_1M@LAKFNPAN@?$AAe?$AAn?$AA?9?$AAz?$AAa?$AA?$AA@ 0000000180006448     libucrt:lcidtoname_downlevel.obj
 0001:00005458       ??_C@_1M@MFNHNHEO@?$AAe?$AAn?$AA?9?$AAz?$AAw?$AA?$AA@ 0000000180006458     libucrt:lcidtoname_downlevel.obj
 0001:00005468       ??_C@_1M@EJEINPHM@?$AAe?$AAs?$AA?9?$AAa?$AAr?$AA?$AA@ 0000000180006468     libucrt:lcidtoname_downlevel.obj
 0001:00005478       ??_C@_1M@GNKPCCJA@?$AAe?$AAs?$AA?9?$AAb?$AAo?$AA?$AA@ 0000000180006478     libucrt:lcidtoname_downlevel.obj
 0001:00005488       ??_C@_1M@LEEGFONL@?$AAe?$AAs?$AA?9?$AAc?$AAl?$AA?$AA@ 0000000180006488     libucrt:lcidtoname_downlevel.obj
 0001:00005498       ??_C@_1M@KGPDPBDF@?$AAe?$AAs?$AA?9?$AAc?$AAo?$AA?$AA@ 0000000180006498     libucrt:lcidtoname_downlevel.obj
 0001:000054a8       ??_C@_1M@EIAHOHH@?$AAe?$AAs?$AA?9?$AAc?$AAr?$AA?$AA@ 00000001800064a8     libucrt:lcidtoname_downlevel.obj
 0001:000054b8       ??_C@_1M@LLPGMBIN@?$AAe?$AAs?$AA?9?$AAd?$AAo?$AA?$AA@ 00000001800064b8     libucrt:lcidtoname_downlevel.obj
 0001:000054c8       ??_C@_1M@DKHMKNJA@?$AAe?$AAs?$AA?9?$AAe?$AAc?$AA?$AA@ 00000001800064c8     libucrt:lcidtoname_downlevel.obj
 0001:000054d8       ??_C@_1M@GKGFPKAP@?$AAe?$AAs?$AA?9?$AAe?$AAs?$AA?$AA@ 00000001800064d8     libucrt:lcidtoname_downlevel.obj
 0001:000054e8       ??_C@_1M@LKHKGDLN@?$AAe?$AAs?$AA?9?$AAg?$AAt?$AA?$AA@ 00000001800064e8     libucrt:lcidtoname_downlevel.obj
 0001:000054f8       ??_C@_1M@HEIIGGJD@?$AAe?$AAs?$AA?9?$AAh?$AAn?$AA?$AA@ 00000001800064f8     libucrt:lcidtoname_downlevel.obj
 0001:00005508       ??_C@_1M@FBDHPPGD@?$AAe?$AAs?$AA?9?$AAm?$AAx?$AA?$AA@ 0000000180006508     libucrt:lcidtoname_downlevel.obj
 0001:00005518       ??_C@_1M@DPAGLNDH@?$AAe?$AAs?$AA?9?$AAn?$AAi?$AA?$AA@ 0000000180006518     libucrt:lcidtoname_downlevel.obj
 0001:00005528       ??_C@_1M@MDGOPGDD@?$AAe?$AAs?$AA?9?$AAp?$AAa?$AA?$AA@ 0000000180006528     libucrt:lcidtoname_downlevel.obj
 0001:00005538       ??_C@_1M@EMAMGBGE@?$AAe?$AAs?$AA?9?$AAp?$AAe?$AA?$AA@ 0000000180006538     libucrt:lcidtoname_downlevel.obj
 0001:00005548       ??_C@_1M@IBMCAOEC@?$AAe?$AAs?$AA?9?$AAp?$AAr?$AA?$AA@ 0000000180006548     libucrt:lcidtoname_downlevel.obj
 0001:00005558       ??_C@_1M@FGMDIJED@?$AAe?$AAs?$AA?9?$AAp?$AAy?$AA?$AA@ 0000000180006558     libucrt:lcidtoname_downlevel.obj
 0001:00005568       ??_C@_1M@IIDEOLLL@?$AAe?$AAs?$AA?9?$AAs?$AAv?$AA?$AA@ 0000000180006568     libucrt:lcidtoname_downlevel.obj
 0001:00005578       ??_C@_1M@GAOBIPA@?$AAe?$AAs?$AA?9?$AAu?$AAy?$AA?$AA@ 0000000180006578     libucrt:lcidtoname_downlevel.obj
 0001:00005588       ??_C@_1M@JKFFICHJ@?$AAe?$AAs?$AA?9?$AAv?$AAe?$AA?$AA@ 0000000180006588     libucrt:lcidtoname_downlevel.obj
 0001:00005598       ??_C@_1M@PNMLOJDF@?$AAe?$AAt?$AA?9?$AAe?$AAe?$AA?$AA@ 0000000180006598     libucrt:lcidtoname_downlevel.obj
 0001:000055a8       ??_C@_1M@GHHLIKEI@?$AAe?$AAu?$AA?9?$AAe?$AAs?$AA?$AA@ 00000001800065a8     libucrt:lcidtoname_downlevel.obj
 0001:000055b8       ??_C@_1M@PBNONODE@?$AAf?$AAa?$AA?9?$AAi?$AAr?$AA?$AA@ 00000001800065b8     libucrt:lcidtoname_downlevel.obj
 0001:000055c8       ??_C@_1M@JEEHPMIL@?$AAf?$AAi?$AA?9?$AAf?$AAi?$AA?$AA@ 00000001800065c8     libucrt:lcidtoname_downlevel.obj
 0001:000055d8       ??_C@_1M@LMDCNDBA@?$AAf?$AAo?$AA?9?$AAf?$AAo?$AA?$AA@ 00000001800065d8     libucrt:lcidtoname_downlevel.obj
 0001:000055e8       ??_C@_1M@JKEOHLDK@?$AAf?$AAr?$AA?9?$AAb?$AAe?$AA?$AA@ 00000001800065e8     libucrt:lcidtoname_downlevel.obj
 0001:000055f8       ??_C@_1M@NOHADPMI@?$AAf?$AAr?$AA?9?$AAc?$AAa?$AA?$AA@ 00000001800065f8     libucrt:lcidtoname_downlevel.obj
 0001:00005608       ??_C@_1M@KDHIHAEC@?$AAf?$AAr?$AA?9?$AAc?$AAh?$AA?$AA@ 0000000180006608     libucrt:lcidtoname_downlevel.obj
 0001:00005618       ??_C@_1M@MMBBFGAK@?$AAf?$AAr?$AA?9?$AAf?$AAr?$AA?$AA@ 0000000180006618     libucrt:lcidtoname_downlevel.obj
 0001:00005628       ??_C@_1M@PAFNENNF@?$AAf?$AAr?$AA?9?$AAl?$AAu?$AA?$AA@ 0000000180006628     libucrt:lcidtoname_downlevel.obj
 0001:00005638       ??_C@_1M@EOHDJGDD@?$AAf?$AAr?$AA?9?$AAm?$AAc?$AA?$AA@ 0000000180006638     libucrt:lcidtoname_downlevel.obj
 0001:00005648       ??_C@_1M@FAPLLOPF@?$AAg?$AAl?$AA?9?$AAe?$AAs?$AA?$AA@ 0000000180006648     libucrt:lcidtoname_downlevel.obj
 0001:00005658       ??_C@_1M@FOPBFLOO@?$AAg?$AAu?$AA?9?$AAi?$AAn?$AA?$AA@ 0000000180006658     libucrt:lcidtoname_downlevel.obj
 0001:00005668       ??_C@_1M@KBMCINPM@?$AAh?$AAe?$AA?9?$AAi?$AAl?$AA?$AA@ 0000000180006668     libucrt:lcidtoname_downlevel.obj
 0001:00005678       ??_C@_1M@BBPHKFPJ@?$AAh?$AAi?$AA?9?$AAi?$AAn?$AA?$AA@ 0000000180006678     libucrt:lcidtoname_downlevel.obj
 0001:00005688       ??_C@_1M@PMBNDPHD@?$AAh?$AAr?$AA?9?$AAb?$AAa?$AA?$AA@ 0000000180006688     libucrt:lcidtoname_downlevel.obj
 0001:00005698       ??_C@_1M@BPCKOEGE@?$AAh?$AAr?$AA?9?$AAh?$AAr?$AA?$AA@ 0000000180006698     libucrt:lcidtoname_downlevel.obj
 0001:000056a8       ??_C@_1M@GACBMHKE@?$AAh?$AAu?$AA?9?$AAh?$AAu?$AA?$AA@ 00000001800066a8     libucrt:lcidtoname_downlevel.obj
 0001:000056b8       ??_C@_1M@MILPAJJC@?$AAh?$AAy?$AA?9?$AAa?$AAm?$AA?$AA@ 00000001800066b8     libucrt:lcidtoname_downlevel.obj
 0001:000056c8       ??_C@_1M@BABBICEC@?$AAi?$AAd?$AA?9?$AAi?$AAd?$AA?$AA@ 00000001800066c8     libucrt:lcidtoname_downlevel.obj
[...]
 0003:00000d20       $pdata$?setSBCS@@YAXPEAU__crt_multibyte_data@@@Z 000000018001fd20     libucrt:mbctype.obj
 0003:00000d2c       $pdata$?setSBUpLow@@YAXPEAU__crt_multibyte_data@@@Z 000000018001fd2c     libucrt:mbctype.obj
 0003:00000d38       $pdata$?setmbcp_internal@@YAHH_N@Z 000000018001fd38     libucrt:mbctype.obj
 0003:00000d44       $pdata$__acrt_initialize_multibyte 000000018001fd44     libucrt:mbctype.obj
 0003:00000d50       $pdata$__acrt_update_thread_multibyte_data 000000018001fd50     libucrt:mbctype.obj
 0003:00000d5c       $pdata$_setmbcp_nolock     000000018001fd5c     libucrt:mbctype.obj
 0003:00000d68       $pdata$?x_ismbbtype_l@@YAHPEAU__crt_locale_pointers@@IHH@Z 000000018001fd68     libucrt:ismbbyte.obj
 0003:00000d74       $pdata$__acrt_initialize_command_line 000000018001fd74     libucrt:argv_data.obj
 0003:00000d80       $pdata$__dcrt_get_narrow_environment_from_os 000000018001fd80     libucrt:get_environment_from_os.obj
 0003:00000d8c       $pdata$_recalloc_base      000000018001fd8c     libucrt:recalloc.obj
 0003:00000d98       $pdata$__acrt_initialize_heap 000000018001fd98     libucrt:heap_handle.obj
 0003:00000da4       $pdata$?initialize_inherited_file_handles_nolock@@YAXXZ 000000018001fda4     libucrt:ioinit.obj
 0003:00000db0       $pdata$?initialize_stdio_handles_nolock@@YAXXZ 000000018001fdb0     libucrt:ioinit.obj
 0003:00000dbc       $pdata$__acrt_initialize_lowio 000000018001fdbc     libucrt:ioinit.obj
 0003:00000dc8       $pdata$__acrt_uninitialize_lowio 000000018001fdc8     libucrt:ioinit.obj
 0003:00000dd4       $pdata$__acrt_execute_initializers 000000018001fdd4     libucrt:shared_initialization.obj
 0003:00000de0       $pdata$__acrt_execute_uninitializers 000000018001fde0     libucrt:shared_initialization.obj
 0003:00000dec       $pdata$??$?RV<lambda_c36588078e9f5dfd39652860aa6b3aaf>@@AEAV<lambda_ec61778202f4f5fc7e7711acc23c3bca>@@V<lambda_dc9d2797ccde5d239b4a0efae8ebd7db>@@@?$__crt_seh_guarded_call@P6AXH@Z@@QEAAP6AXH@Z$$QEAV<lambda_c36588078e9f5dfd39652860aa6b3aaf>@@AEAV<lambda_ec61778202f4f5fc7e7711acc23c3bca>@@$$QEAV<lambda_dc9d2797ccde5d239b4a0efae8ebd7db>@@@Z 000000018001fdec     libucrt:signal.obj
 0003:00000df8       $pdata$__acrt_get_sigabrt_handler 000000018001fdf8     libucrt:signal.obj
 0003:00000e04       $pdata$raise               000000018001fe04     libucrt:signal.obj
 0003:00000e10       $pdata$__acrt_invoke_user_matherr 000000018001fe10     libucrt:matherr.obj
 0003:00000e1c       $pdata$_mbtowc_l           000000018001fe1c     libucrt:mbtowc.obj
 0003:00000e28       $pdata$_fileno             000000018001fe28     libucrt:fileno.obj
 0003:00000e34       $pdata$__acrt_initialize_stdio 000000018001fe34     libucrt:_file.obj
 0003:00000e40       $pdata$__acrt_uninitialize_stdio 000000018001fe40     libucrt:_file.obj
 0003:00000e4c       $pdata$__pctype_func       000000018001fe4c     libucrt:ctype.obj
 0003:00000e58       $pdata$_isctype_l          000000018001fe58     libucrt:isctype.obj
 0003:00000e64       $pdata$_isleadbyte_l       000000018001fe64     libucrt:_wctype.obj
 0003:00000e70       $pdata$?__acrt_LCMapStringA_stat@@YAHPEAU__crt_locale_pointers@@PEB_WKPEBDHPEADHHH@Z 000000018001fe70     libucrt:lcmapstringa.obj
 0003:00000e7c       $pdata$__acrt_LCMapStringA 000000018001fe7c     libucrt:lcmapstringa.obj
 0003:00000e88       $pdata$__acrt_free_locale  000000018001fe88     libucrt:locale_refcounting.obj
 0003:00000e94       $pdata$__acrt_locale_free_lc_time_if_unreferenced 000000018001fe94     libucrt:locale_refcounting.obj
 0003:00000ea0       $pdata$__acrt_release_locale_ref 000000018001fea0     libucrt:locale_refcounting.obj
 0003:00000eac       $pdata$__acrt_update_thread_locale_data 000000018001feac     libucrt:locale_refcounting.obj
 0003:00000eb8       $pdata$_updatetlocinfoEx_nolock 000000018001feb8     libucrt:locale_refcounting.obj
 0003:00000ec4       $pdata$__acrt_locale_free_monetary 000000018001fec4     libucrt:initmon.obj
 0003:00000ed0       $pdata$__acrt_locale_free_numeric 000000018001fed0     libucrt:initnum.obj
 0003:00000edc       $pdata$?free_crt_array_internal@@YAXQEAPEBX_K@Z 000000018001fedc     libucrt:inittime.obj
 0003:00000ee8       $pdata$__acrt_locale_free_time 000000018001fee8     libucrt:inittime.obj
 0003:00000ef4       $pdata$__acrt_GetStringTypeA 000000018001fef4     libucrt:getstringtypea.obj
 0003:00000f00       $pdata$?GetTableIndexFromLocaleName@@YAHPEB_W@Z 000000018001ff00     libucrt:lcidtoname_downlevel.obj
 0003:00000f0c       $pdata$__acrt_DownlevelLocaleNameToLCID 000000018001ff0c     libucrt:lcidtoname_downlevel.obj
 0003:00000f18       $pdata$?shortsort@@YAXPEAD0_KP6AHPEBX2@Z@Z 000000018001ff18     libucrt:qsort.obj
 0003:00000f24       $pdata$2$?shortsort@@YAXPEAD0_KP6AHPEBX2@Z@Z 000000018001ff24     libucrt:qsort.obj
 0003:00000f30       $pdata$3$?shortsort@@YAXPEAD0_KP6AHPEBX2@Z@Z 000000018001ff30     libucrt:qsort.obj
 0003:00000f3c       $pdata$qsort               000000018001ff3c     libucrt:qsort.obj
 0003:00000f48       $pdata$4$qsort             000000018001ff48     libucrt:qsort.obj
 0003:00000f54       $pdata$5$qsort             000000018001ff54     libucrt:qsort.obj
 0003:00000f60       $pdata$strncpy_s           000000018001ff60     libucrt:strncpy_s.obj
 0003:00000f6c       $pdata$strpbrk             000000018001ff6c     libucrt:strpbrk.obj
 0003:00000f78       $pdata$_mbsdec_l           000000018001ff78     libucrt:mbsdec.obj
 0003:00000f84       $pdata$?initialize_multibyte@@YAHXZ 000000018001ff84     libucrt:multibyte_initializer.obj
 0003:00000f90       $pdata$_msize              000000018001ff90     libucrt:msize.obj
 0003:00000f9c       $pdata$__acrt_lowio_create_handle_array 000000018001ff9c     libucrt:osfinfo.obj
 0003:00000fa8       $pdata$__acrt_lowio_destroy_handle_array 000000018001ffa8     libucrt:osfinfo.obj
 0003:00000fb4       $pdata$__acrt_lowio_ensure_fh_exists 000000018001ffb4     libucrt:osfinfo.obj
 0003:00000fc0       $pdata$_free_osfhnd        000000018001ffc0     libucrt:osfinfo.obj
 0003:00000fcc       $pdata$_get_osfhandle      000000018001ffcc     libucrt:osfinfo.obj
 0003:00000fd8       $pdata$_isatty             000000018001ffd8     libucrt:isatty.obj
 0003:00000fe4       $pdata$__acrt_stdio_flush_nolock 000000018001ffe4     libucrt:fflush.obj
 0003:00000ff0       $pdata$_fflush_nolock      000000018001fff0     libucrt:fflush.obj
 0003:00000ffc       $pdata$common_flush_all    000000018001fffc     libucrt:fflush.obj
 0003:00001008       $pdata$_fcloseall          0000000180020008     libucrt:closeall.obj
 0003:00001014       $pdata$__acrt_stdio_free_buffer_nolock 0000000180020014     libucrt:_freebuf.obj
 0003:00001020       $pdata$??$?RV<lambda_b521505b218e5242e90febf6bfebc422>@@AEAV<lambda_6978c1fb23f02e42e1d9e99668cc68aa>@@V<lambda_314360699dd331753a4119843814e9a7>@@@?$__crt_seh_guarded_call@H@@QEAAH$$QEAV<lambda_b521505b218e5242e90febf6bfebc422>@@AEAV<lambda_6978c1fb23f02e42e1d9e99668cc68aa>@@$$QEAV<lambda_314360699dd331753a4119843814e9a7>@@@Z 0000000180020020     libucrt:commit.obj
 0003:0000102c       $pdata$_commit             000000018002002c     libucrt:commit.obj
 0003:00001038       $pdata$?write_double_translated_ansi_nolock@@YA?AUwrite_result@?A0x9c548279@@HQEBDI@Z 0000000180020038     libucrt:write.obj
 0003:00001044       $pdata$?write_text_ansi_nolock@@YA?AUwrite_result@?A0x9c548279@@HQEBDI@Z 0000000180020044     libucrt:write.obj
 0003:00001050       $pdata$?write_text_utf16le_nolock@@YA?AUwrite_result@?A0x9c548279@@HQEBDI@Z 0000000180020050     libucrt:write.obj
 0003:0000105c       $pdata$?write_text_utf8_nolock@@YA?AUwrite_result@?A0x9c548279@@HQEBDI@Z 000000018002005c     libucrt:write.obj
 0003:00001068       $pdata$_write              0000000180020068     libucrt:write.obj
 0003:00001074       $pdata$_write_nolock       0000000180020074     libucrt:write.obj
 0003:0000108c       $pdata$??$common_lseek_nolock@_J@@YA_JH_JH@Z 000000018002008c     libucrt:lseek.obj
 0003:00001098       $pdata$_fclose_nolock      0000000180020098     libucrt:fclose.obj
 0003:000010a4       $pdata$fclose              00000001800200a4     libucrt:fclose.obj
 0003:000010b0       $pdata$_putwch_nolock      00000001800200b0     libucrt:putwch.obj
 0003:000010bc       $pdata$_call_matherr       00000001800200bc     libucrt:libm_error.obj
 0003:000010c8       $pdata$_exception_enabled  00000001800200c8     libucrt:libm_error.obj
 0003:000010d4       $pdata$_handle_error       00000001800200d4     libucrt:libm_error.obj
 0003:000010e0       $pdata$__acrt_initialize_fma3 00000001800200e0     libucrt:fma3_available.obj
 0003:000010ec       $pdata$_log10_special      00000001800200ec     libucrt:log_special.obj
 0003:000010f8       $pdata$_log_special_common 00000001800200f8     libucrt:log_special.obj
 0003:00001104       $pdata$??$?RV<lambda_bfedae4ebbf01fab1bb6dcc6a9e276e0>@@AEAV<lambda_2fe9b910cf3cbf4a0ab98a02ba45b3ec>@@V<lambda_237c231691f317818eb88cc1d5d642d6>@@@?$__crt_seh_guarded_call@H@@QEAAH$$QEAV<lambda_bfedae4ebbf01fab1bb6dcc6a9e276e0>@@AEAV<lambda_2fe9b910cf3cbf4a0ab98a02ba45b3ec>@@$$QEAV<lambda_237c231691f317818eb88cc1d5d642d6>@@@Z 0000000180020104     libucrt:close.obj
 0003:00001110       $pdata$_close              0000000180020110     libucrt:close.obj
 0003:0000111c       $pdata$_close_nolock       000000018002011c     libucrt:close.obj
 0003:00001128       $pdata$__dcrt_lowio_initialize_console_output 0000000180020128     libucrt:initcon.obj
 0003:00001134       $pdata$__dcrt_terminate_console_output 0000000180020134     libucrt:initcon.obj
 0003:0000114c       $pdata$_raise_exc          000000018002014c     libucrt:fpexcept.obj
 0003:00001158       $pdata$_raise_exc_ex       0000000180020158     libucrt:fpexcept.obj
 0003:00001164       $pdata$_set_errno_from_matherr 0000000180020164     libucrt:fpexcept.obj
 0003:00001170       $pdata$_clrfp              0000000180020170     libucrt:fpctrl.obj
 0003:0000117c       $pdata$_ctrlfp             000000018002017c     libucrt:fpctrl.obj
 0003:00001188       $pdata$_set_statfp         0000000180020188     libucrt:fpctrl.obj
 0003:00001194       $pdata$_statfp             0000000180020194     libucrt:fpctrl.obj
 0003:000011a0       $pdata$__GSHandlerCheck    00000001800201a0     LIBCMT:_gshandler_.obj
 0003:000011ac       $pdata$__GSHandlerCheckCommon 00000001800201ac     LIBCMT:_gshandler_.obj
 0003:000011c4       $pdata$_IsNonwritableInCurrentImage 00000001800201c4     LIBCMT:pesect.obj
 0003:000011d0       $pdata$__raise_securityfailure 00000001800201d0     LIBCMT:gs_report.obj
 0003:000011dc       $pdata$__report_gsfailure  00000001800201dc     LIBCMT:gs_report.obj
 0003:000011e8       $pdata$__report_rangecheckfailure 00000001800201e8     LIBCMT:gs_report.obj
 0003:000011f4       $pdata$__report_securityfailure 00000001800201f4     LIBCMT:gs_report.obj
 0003:00001200       $pdata$capture_current_context 0000000180020200     LIBCMT:gs_report.obj
 0003:0000120c       $pdata$capture_previous_context 000000018002020c     LIBCMT:gs_report.obj
 0003:00001224       $pdata$?fin$0@?0??dllmain_crt_process_attach@@YAHQEAUHINSTANCE__@@QEAX@Z@4HA 0000000180020224     LIBCMT:dll_dllmain.obj
 0003:00001230       $pdata$?fin$0@?0??dllmain_crt_process_detach@@YAH_N@Z@4HA 0000000180020230     LIBCMT:dll_dllmain.obj
 0003:0000123c       $pdata$?filt$0@?0??dllmain_dispatch@@YAHQEAUHINSTANCE__@@KQEAX@Z@4HA 000000018002023c     LIBCMT:dll_dllmain.obj
 0003:00001248       $pdata$__scrt_is_nonwritable_in_current_image$filt$0 0000000180020248     LIBCMT:utility.obj
 0003:00001254       $pdata$_query_new_handler$fin$0 0000000180020254     libucrt:new_handler.obj
 0003:00001260       $pdata$?filt$0@?0??common_exit@@YAXHW4_crt_exit_cleanup_mode@@W4_crt_exit_return_mode@@@Z@4HA 0000000180020260     libucrt:exit.obj
 0003:0000126c       $pdata$?fin$1@?0??common_exit@@YAXHW4_crt_exit_cleanup_mode@@W4_crt_exit_return_mode@@@Z@4HA 000000018002026c     libucrt:exit.obj
 0003:00001278       $pdata$?fin$0@?0???$?RV<lambda_e24bbb7b643b32fcea6fa61b31d4c984>@@AEAV<lambda_275893d493268fdec8709772e3fcec0e>@@V<lambda_9d71df4d7cf3f480f8d633942495c3b0>@@@?$__crt_seh_guarded_call@H@@QEAAH$$QEAV<lambda_e24bbb7b643b32fcea6fa61b31d4c984>@@AEAV<lambda_275893d493268fdec8709772e3fcec0e>@@$$QEAV<lambda_9d71df4d7cf3f480f8d633942495c3b0>@@@Z@4HA 0000000180020278     libucrt:onexit.obj
 0003:00001284       $pdata$?fin$0@?0???$?RV<lambda_c36588078e9f5dfd39652860aa6b3aaf>@@AEAV<lambda_ec61778202f4f5fc7e7711acc23c3bca>@@V<lambda_dc9d2797ccde5d239b4a0efae8ebd7db>@@@?$__crt_seh_guarded_call@P6AXH@Z@@QEAAP6AXH@Z$$QEAV<lambda_c36588078e9f5dfd39652860aa6b3aaf>@@AEAV<lambda_ec61778202f4f5fc7e7711acc23c3bca>@@$$QEAV<lambda_dc9d2797ccde5d239b4a0efae8ebd7db>@@@Z@4HA 0000000180020284     libucrt:signal.obj
 0003:00001284       $pdata$?fin$0@?0???$?RV<lambda_46352004c1216016012b18bd6f87e700>@@AEAV<lambda_3bd07e1a1191394380780325891bf33f>@@V<lambda_334532d3f185bcaa59b5be82d7d22bff>@@@?$__crt_seh_guarded_call@X@@QEAAX$$QEAV<lambda_46352004c1216016012b18bd6f87e700>@@AEAV<lambda_3bd07e1a1191394380780325891bf33f>@@$$QEAV<lambda_334532d3f185bcaa59b5be82d7d22bff>@@@Z@4HA 0000000180020284     libucrt:per_thread_data.obj
 0003:00001284       $pdata$?fin$0@?0???$?RV<lambda_99476a1ad63dd22509b5d3e65b0ffc95>@@AEAV<lambda_ad1ced32f4ac17aa236e5ef05d6b3b7c>@@V<lambda_f7424dd8d45958661754dc4f2697e9c3>@@@?$__crt_seh_guarded_call@X@@QEAAX$$QEAV<lambda_99476a1ad63dd22509b5d3e65b0ffc95>@@AEAV<lambda_ad1ced32f4ac17aa236e5ef05d6b3b7c>@@$$QEAV<lambda_f7424dd8d45958661754dc4f2697e9c3>@@@Z@4HA 0000000180020284     libucrt:mbctype.obj
 0003:00001284       $pdata$?fin$0@?0???$?RV<lambda_72d1df2b273a38828b1ce30cbf4cdab5>@@AEAV<lambda_876a65b173b8412d3a47c70a915b0cf4>@@V<lambda_41932305e351933ebe8f8be3ed8bb5dc>@@@?$__crt_seh_guarded_call@X@@QEAAX$$QEAV<lambda_72d1df2b273a38828b1ce30cbf4cdab5>@@AEAV<lambda_876a65b173b8412d3a47c70a915b0cf4>@@$$QEAV<lambda_41932305e351933ebe8f8be3ed8bb5dc>@@@Z@4HA 0000000180020284     libucrt:per_thread_data.obj
 0003:00001284       $pdata$?fin$0@?0???$?RV<lambda_b8c45f8f788dd370798f47cfe8ac3a86>@@AEAV<lambda_4e60a939b0d047cfe11ddc22648dfba9>@@V<lambda_332c3edc96d0294ec56c57d38c1cdfd5>@@@?$__crt_seh_guarded_call@H@@QEAAH$$QEAV<lambda_b8c45f8f788dd370798f47cfe8ac3a86>@@AEAV<lambda_4e60a939b0d047cfe11ddc22648dfba9>@@$$QEAV<lambda_332c3edc96d0294ec56c57d38c1cdfd5>@@@Z@4HA 0000000180020284     libucrt:onexit.obj
 0003:00001284       $pdata$?fin$0@?0???$?RV<lambda_fb3a7dec4e47f37f22dae91bb15c9095>@@AEAV<lambda_698284760c8add0bfb0756c19673e34b>@@V<lambda_dfb8eca1e75fef3034a8fb18dd509707>@@@?$__crt_seh_guarded_call@X@@QEAAX$$QEAV<lambda_fb3a7dec4e47f37f22dae91bb15c9095>@@AEAV<lambda_698284760c8add0bfb0756c19673e34b>@@$$QEAV<lambda_dfb8eca1e75fef3034a8fb18dd509707>@@@Z@4HA 0000000180020284     libucrt:per_thread_data.obj
 0003:00001284       $pdata$?fin$0@?0???$?RV<lambda_5e887d1dcbef67a5eb4283622ba103bf>@@AEAV<lambda_4466841279450cc726390878d4a41900>@@V<lambda_341c25c0346d94847f1f3c463c57e077>@@@?$__crt_seh_guarded_call@X@@QEAAX$$QEAV<lambda_5e887d1dcbef67a5eb4283622ba103bf>@@AEAV<lambda_4466841279450cc726390878d4a41900>@@$$QEAV<lambda_341c25c0346d94847f1f3c463c57e077>@@@Z@4HA 0000000180020284     libucrt:per_thread_data.obj
 0003:00001290       $pdata$__acrt_update_thread_multibyte_data$fin$0 0000000180020290     libucrt:mbctype.obj
 0003:0000129c       $pdata$raise$fin$0         000000018002029c     libucrt:signal.obj
 0003:000012a8       $pdata$__acrt_uninitialize_locale$fin$0 00000001800202a8     libucrt:wsetlocale.obj
 0003:000012a8       $pdata$__acrt_update_thread_locale_data$fin$0 00000001800202a8     libucrt:locale_refcounting.obj
 0003:000012b4       $pdata$__acrt_lowio_ensure_fh_exists$fin$0 00000001800202b4     libucrt:osfinfo.obj
 0003:000012b4       $pdata$__acrt_initialize_lowio$fin$0 00000001800202b4     libucrt:ioinit.obj
 0003:000012c0       $pdata$common_flush_all$fin$0 00000001800202c0     libucrt:fflush.obj
 0003:000012cc       $pdata$common_flush_all$fin$1 00000001800202cc     libucrt:fflush.obj
 0003:000012d8       $pdata$_fcloseall$fin$0    00000001800202d8     libucrt:closeall.obj
 0003:000012e4       $pdata$?fin$0@?0???$?RV<lambda_bfedae4ebbf01fab1bb6dcc6a9e276e0>@@AEAV<lambda_2fe9b910cf3cbf4a0ab98a02ba45b3ec>@@V<lambda_237c231691f317818eb88cc1d5d642d6>@@@?$__crt_seh_guarded_call@H@@QEAAH$$QEAV<lambda_bfedae4ebbf01fab1bb6dcc6a9e276e0>@@AEAV<lambda_2fe9b910cf3cbf4a0ab98a02ba45b3ec>@@$$QEAV<lambda_237c231691f317818eb88cc1d5d642d6>@@@Z@4HA 00000001800202e4     libucrt:close.obj
 0003:000012e4       $pdata$?fin$0@?0???$?RV<lambda_b521505b218e5242e90febf6bfebc422>@@AEAV<lambda_6978c1fb23f02e42e1d9e99668cc68aa>@@V<lambda_314360699dd331753a4119843814e9a7>@@@?$__crt_seh_guarded_call@H@@QEAAH$$QEAV<lambda_b521505b218e5242e90febf6bfebc422>@@AEAV<lambda_6978c1fb23f02e42e1d9e99668cc68aa>@@$$QEAV<lambda_314360699dd331753a4119843814e9a7>@@@Z@4HA 00000001800202e4     libucrt:commit.obj
 0003:000012f0       $pdata$_write$fin$0        00000001800202f0     libucrt:write.obj
 0003:000012fc       $pdata$fclose$fin$0        00000001800202fc     libucrt:fclose.obj
 0003:00001308       $pdata$_ctrlfp$filt$0      0000000180020308     libucrt:fpctrl.obj
 0003:00001314       $pdata$_IsNonwritableInCurrentImage$filt$0 0000000180020314     LIBCMT:pesect.obj
 0004:00000a26       .idata$6                   0000000180021a26     kernel32:KERNEL32.dll
 0004:00000a5e       .idata$6                   0000000180021a5e     user32:USER32.dll
 0004:00000aac       .idata$6                   0000000180021aac     advapi32:ADVAPI32.dll
 0004:00000af0       .idata$6                   0000000180021af0     ole32:ole32.dll
 0004:00000b0c       .idata$6                   0000000180021b0c     rpcrt4:RPCRT4.dll
 0005:00000000       __guard_fids__             0000000180022000     libucrt:initialization.obj
 0005:00000060       __guard_fids___acrt_initialize_ptd 0000000180022060     libucrt:per_thread_data.obj
 0005:00000064       __guard_fids_??$expand_argument_wildcards@D@@YAHQEAD0AEAV?$argument_list@D@?A0xca0879c4@@@Z 0000000180022064     libucrt:argv_wildcards.obj
 0005:00000068       __guard_fids__             0000000180022068     libucrt:locale_initializer.obj
 0005:0000006c       __guard_fids__             000000018002206c     libucrt:multibyte_initializer.obj
 0005:00000070       __guard_fids__             0000000180022070     libucrt:stdio_initializer.obj
 0005:00000074       __guard_fids__             0000000180022074     libucrt:stdio_initializer.obj
 0005:00000078       __guard_fids__             0000000180022078     libucrt:fma3_initializer.obj
 0005:0000007c       __guard_fids__             000000018002207c     libucrt:console_output_initializer.obj
 0005:00000080       __guard_fids_?dllmain_crt_process_attach@@YAHQEAUHINSTANCE__@@QEAX@Z 0000000180022080     LIBCMT:dll_dllmain.obj
 0005:00000088       __guard_fids_?dllmain_dispatch@@YAHQEAUHINSTANCE__@@KQEAX@Z 0000000180022088     LIBCMT:dll_dllmain.obj
 0005:0000008c       __guard_fids__             000000018002208c     LIBCMT:throw_bad_alloc.obj
 0005:00000094       __guard_fids__             0000000180022094     LIBCMT:throw_bad_alloc.obj
 0005:0000009c       __guard_fids__             000000018002209c     LIBCMT:throw_bad_alloc.obj
 0005:000000a4       __guard_fids__             00000001800220a4     LIBCMT:std_type_info_static.obj
 0005:000000a8       __guard_fids__             00000001800220a8     LIBCMT:guard_support.obj
 0005:000000ac       __guard_fids__             00000001800220ac     libvcruntime:telemetry.obj
 0005:000000b0       __guard_fids_?TraceLoggingRegister@__vcrt_trace_logging_provider@@YAJPEBU_TlgProvider_t@1@PEBU_GUID@@P6AX1KE_K2PEAU_EVENT_FILTER_DESCRIPTOR@@PEAX@Z4@Z 00000001800220b0     libvcruntime:telemetry.obj
 0005:000000b4       __guard_fids___vcrt_initialize_ptd 00000001800220b4     libvcruntime:per_thread_data.obj
 0006:00000060       $R000000                   0000000180023060     FARCmds.res
